205.169.39.164 - - [25/Oct/2020:03:25:04 -0600] "GET /img/logo.png HTTP/1.0" 200 388 "https://covidcinvestav.com/" "Mozilla/5.0 (Windows NT 10.0; Win64; x64) AppleWebKit/537.36 (KHTML, like Gecko) Chrome/79.0.3945.79 Safari/537.36"
205.169.39.164 - - [25/Oct/2020:03:25:04 -0600] "GET /css/style.css HTTP/1.0" 200 388 "https://covidcinvestav.com/" "Mozilla/5.0 (Windows NT 10.0; Win64; x64) AppleWebKit/537.36 (KHTML, like Gecko) Chrome/79.0.3945.79 Safari/537.36"
198.251.89.198 - - [25/Oct/2020:03:29:46 -0600] "GET / HTTP/1.0" 200 386 "https://covidcinvestav.com/" "Mozilla/5.0 (compatible; MSIE 10.0; Windows NT 6.1; Trident/6.0)"
103.254.153.207 - - [24/Oct/2020:04:09:56 -0500] "GET / HTTP/1.1" 200 5670 "-" "Mozilla/5.0 (Windows NT 10.0; Win64; x64) AppleWebKit/537.36 (KHTML, like Gecko) Chrome/84.0.4147.89 Safari/537.36"
107.178.194.21 - - [24/Oct/2020:04:19:18 -0500] "GET / HTTP/1.1" 200 5670 "http://covidcinvestav.com" "Mozilla/5.0 (Windows; U; MSIE 9.0; Windows NT 9.0; en-US) AppEngine-Google; (+http://code.google.com/appengine; appid: s~virustotalcloud)"
94.242.243.86 - - [24/Oct/2020:05:24:11 -0500] "GET / HTTP/1.1" 200 5670 "-" "Mozilla/5.0 (Windows NT 10.0; Win64; x64) AppleWebKit/537.36 (KHTML, like Gecko) Chrome/84.0.4147.89 Safari/537.36"
74.82.47.194 - - [24/Oct/2020:05:42:00 -0500] "GET / HTTP/1.1" 200 5670 "https://covidcinvestav.com/" "Mozilla/5.0 (compatible; MSIE 10.0; Windows NT 6.1; Trident/6.0)"
159.65.150.234 - - [24/Oct/2020:05:50:20 -0500] "GET / HTTP/1.1" 200 5670 "-" "Mozilla/5.0 (Windows NT 10.0; Win64; x64) AppleWebKit/537.36 (KHTML, like Gecko) Chrome/84.0.4147.89 Safari/537.36"
107.178.194.21 - - [24/Oct/2020:06:19:11 -0500] "GET / HTTP/1.1" 200 5670 "http://covidcinvestav.com" "Mozilla/5.0 (Windows; U; MSIE 9.0; Windows NT 9.0; en-US) AppEngine-Google; (+http://code.google.com/appengine; appid: s~virustotalcloud)"
35.161.55.221 - - [24/Oct/2020:06:41:03 -0500] "GET / HTTP/1.1" 200 5670 "-" "python-requests/2.22.0"
74.82.47.194 - - [24/Oct/2020:07:05:20 -0500] "GET / HTTP/1.1" 200 5670 "https://covidcinvestav.com/" "Mozilla/5.0 (compatible; MSIE 10.0; Windows NT 6.1; Trident/6.0)"
178.255.148.166 - - [24/Oct/2020:07:09:08 -0500] "GET / HTTP/1.1" 200 5670 "-" "Mozilla/5.0 (Windows NT 10.0; Win64; x64) AppleWebKit/537.36 (KHTML, like Gecko) Chrome/84.0.4147.89 Safari/537.36"
205.169.39.138 - - [24/Oct/2020:07:11:34 -0500] "GET / HTTP/1.1" 200 5670 "-" "Mozilla/5.0 (Windows NT 6.1; Win64; x64) AppleWebKit/537.36 (KHTML, like Gecko) Chrome/83.0.4103.61 Safari/537.36"
205.169.39.138 - - [24/Oct/2020:07:11:37 -0500] "GET / HTTP/2.0" 200 5670 "-" "Mozilla/5.0 (Windows NT 10.0; Win64; x64) AppleWebKit/537.36 (KHTML, like Gecko) Chrome/79.0.3945.79 Safari/537.36"
205.169.39.138 - - [24/Oct/2020:07:11:37 -0500] "GET /css/style.css HTTP/2.0" 200 7492 "https://covidcinvestav.com/" "Mozilla/5.0 (Windows NT 10.0; Win64; x64) AppleWebKit/537.36 (KHTML, like Gecko) Chrome/79.0.3945.79 Safari/537.36"
205.169.39.138 - - [24/Oct/2020:07:11:37 -0500] "GET /img/logo.png HTTP/2.0" 200 18187 "https://covidcinvestav.com/" "Mozilla/5.0 (Windows NT 10.0; Win64; x64) AppleWebKit/537.36 (KHTML, like Gecko) Chrome/79.0.3945.79 Safari/537.36"
35.161.55.221 - - [24/Oct/2020:07:31:02 -0500] "GET / HTTP/1.1" 200 5670 "-" "Mozilla/4.0 (compatible; MSIE 10.0; Windows NT 5.1; Trident/4.0; (R1 1.5); .NET CLR 1.1.4322; .NET CLR 2.0.50727)"
35.161.55.221 - - [24/Oct/2020:07:31:02 -0500] "GET /css/style.css HTTP/1.1" 200 7492 "https://covidcinvestav.com/" "Mozilla/4.0 (compatible; MSIE 10.0; Windows NT 5.1; Trident/4.0; (R1 1.5); .NET CLR 1.1.4322; .NET CLR 2.0.50727)"
35.161.55.221 - - [24/Oct/2020:07:31:02 -0500] "GET /img/logo.png HTTP/1.1" 200 18187 "https://covidcinvestav.com/" "Mozilla/4.0 (compatible; MSIE 10.0; Windows NT 5.1; Trident/4.0; (R1 1.5); .NET CLR 1.1.4322; .NET CLR 2.0.50727)"
35.161.55.221 - - [24/Oct/2020:07:31:02 -0500] "GET /img/blog.png HTTP/1.1" 200 2328 "https://covidcinvestav.com/" "Mozilla/4.0 (compatible; MSIE 10.0; Windows NT 5.1; Trident/4.0; (R1 1.5); .NET CLR 1.1.4322; .NET CLR 2.0.50727)"
35.161.55.221 - - [24/Oct/2020:07:31:02 -0500] "GET /img/forum.png HTTP/1.1" 200 3425 "https://covidcinvestav.com/" "Mozilla/4.0 (compatible; MSIE 10.0; Windows NT 5.1; Trident/4.0; (R1 1.5); .NET CLR 1.1.4322; .NET CLR 2.0.50727)"
35.161.55.221 - - [24/Oct/2020:07:31:02 -0500] "GET /img/facebook.png HTTP/1.1" 200 1933 "https://covidcinvestav.com/" "Mozilla/4.0 (compatible; MSIE 10.0; Windows NT 5.1; Trident/4.0; (R1 1.5); .NET CLR 1.1.4322; .NET CLR 2.0.50727)"
35.161.55.221 - - [24/Oct/2020:07:31:02 -0500] "GET /img/knowledge-base.png HTTP/1.1" 200 1495 "https://covidcinvestav.com/" "Mozilla/4.0 (compatible; MSIE 10.0; Windows NT 5.1; Trident/4.0; (R1 1.5); .NET CLR 1.1.4322; .NET CLR 2.0.50727)"
35.161.55.221 - - [24/Oct/2020:07:31:02 -0500] "GET /img/google-plus.png HTTP/1.1" 200 2836 "https://covidcinvestav.com/" "Mozilla/4.0 (compatible; MSIE 10.0; Windows NT 5.1; Trident/4.0; (R1 1.5); .NET CLR 1.1.4322; .NET CLR 2.0.50727)"
35.161.55.221 - - [24/Oct/2020:07:31:02 -0500] "GET /img/twitter.png HTTP/1.1" 200 2302 "https://covidcinvestav.com/" "Mozilla/4.0 (compatible; MSIE 10.0; Windows NT 5.1; Trident/4.0; (R1 1.5); .NET CLR 1.1.4322; .NET CLR 2.0.50727)"
35.161.55.221 - - [24/Oct/2020:07:31:02 -0500] "GET /img/fastcgi.png HTTP/1.1" 200 3521 "https://covidcinvestav.com/" "Mozilla/4.0 (compatible; MSIE 10.0; Windows NT 5.1; Trident/4.0; (R1 1.5); .NET CLR 1.1.4322; .NET CLR 2.0.50727)"
35.161.55.221 - - [24/Oct/2020:07:31:02 -0500] "GET /img/python.png HTTP/1.1" 200 2379 "https://covidcinvestav.com/" "Mozilla/4.0 (compatible; MSIE 10.0; Windows NT 5.1; Trident/4.0; (R1 1.5); .NET CLR 1.1.4322; .NET CLR 2.0.50727)"
35.161.55.221 - - [24/Oct/2020:07:31:02 -0500] "GET /img/php.png HTTP/1.1" 200 2695 "https://covidcinvestav.com/" "Mozilla/4.0 (compatible; MSIE 10.0; Windows NT 5.1; Trident/4.0; (R1 1.5); .NET CLR 1.1.4322; .NET CLR 2.0.50727)"
35.161.55.221 - - [24/Oct/2020:07:31:02 -0500] "GET /img/perl.png HTTP/1.1" 200 2786 "https://covidcinvestav.com/" "Mozilla/4.0 (compatible; MSIE 10.0; Windows NT 5.1; Trident/4.0; (R1 1.5); .NET CLR 1.1.4322; .NET CLR 2.0.50727)"
35.161.55.221 - - [24/Oct/2020:07:31:02 -0500] "GET /img/ssi.png HTTP/1.1" 200 1706 "https://covidcinvestav.com/" "Mozilla/4.0 (compatible; MSIE 10.0; Windows NT 5.1; Trident/4.0; (R1 1.5); .NET CLR 1.1.4322; .NET CLR 2.0.50727)"
179.43.171.74 - - [24/Oct/2020:08:13:12 -0500] "GET / HTTP/2.0" 200 5670 "-" "Mozilla/5.0 (X11; Linux x86_64) AppleWebKit/537.36 (KHTML, like Gecko) Ubuntu Chromium/80.0.3987.163 Chrome/80.0.3987.163 Safari/537.36"
107.178.194.22 - - [24/Oct/2020:08:20:01 -0500] "GET / HTTP/1.1" 200 5670 "http://covidcinvestav.com" "Mozilla/5.0 (Windows; U; MSIE 9.0; Windows NT 9.0; en-US) AppEngine-Google; (+http://code.google.com/appengine; appid: s~virustotalcloud)"
205.169.39.138 - - [24/Oct/2020:08:36:14 -0500] "GET / HTTP/1.1" 200 5670 "-" "Mozilla/5.0 (Windows NT 6.1; Win64; x64) AppleWebKit/537.36 (KHTML, like Gecko) Chrome/83.0.4103.61 Safari/537.36"
205.169.39.138 - - [24/Oct/2020:08:36:16 -0500] "GET / HTTP/2.0" 200 5670 "-" "Mozilla/5.0 (Windows NT 10.0; Win64; x64) AppleWebKit/537.36 (KHTML, like Gecko) Chrome/79.0.3945.79 Safari/537.36"
205.169.39.138 - - [24/Oct/2020:08:36:17 -0500] "GET /img/logo.png HTTP/2.0" 200 18187 "https://covidcinvestav.com/" "Mozilla/5.0 (Windows NT 10.0; Win64; x64) AppleWebKit/537.36 (KHTML, like Gecko) Chrome/79.0.3945.79 Safari/537.36"
205.169.39.138 - - [24/Oct/2020:08:36:17 -0500] "GET /css/style.css HTTP/2.0" 200 7492 "https://covidcinvestav.com/" "Mozilla/5.0 (Windows NT 10.0; Win64; x64) AppleWebKit/537.36 (KHTML, like Gecko) Chrome/79.0.3945.79 Safari/537.36"
167.99.172.253 - - [24/Oct/2020:09:28:24 -0500] "GET / HTTP/1.1" 200 5670 "-" "Mozilla/5.0 (Windows NT 10.0; Win64; x64) AppleWebKit/537.36 (KHTML, like Gecko) Chrome/84.0.4147.89 Safari/537.36"
51.81.81.188 - - [24/Oct/2020:10:09:05 -0500] "GET / HTTP/1.1" 200 5670 "https://covidcinvestav.com/" "Mozilla/5.0 (compatible; MSIE 10.0; Windows NT 6.1; Trident/6.0)"
104.248.166.43 - - [24/Oct/2020:10:16:53 -0500] "GET / HTTP/1.1" 200 5670 "-" "Mozilla/5.0 (Windows NT 10.0; Win64; x64) AppleWebKit/537.36 (KHTML, like Gecko) Chrome/84.0.4147.89 Safari/537.36"
107.178.194.21 - - [24/Oct/2020:10:19:11 -0500] "GET / HTTP/1.1" 200 5670 "http://covidcinvestav.com" "Mozilla/5.0 (Windows; U; MSIE 9.0; Windows NT 9.0; en-US) AppEngine-Google; (+http://code.google.com/appengine; appid: s~virustotalcloud)"
74.82.47.194 - - [24/Oct/2020:11:56:14 -0500] "GET / HTTP/1.1" 200 5670 "https://covidcinvestav.com/" "Mozilla/5.0 (compatible; MSIE 10.0; Windows NT 6.1; Trident/6.0)"
138.68.84.122 - - [24/Oct/2020:11:57:30 -0500] "GET / HTTP/1.1" 200 5670 "-" "Mozilla/5.0 (Windows NT 10.0; Win64; x64) AppleWebKit/537.36 (KHTML, like Gecko) Chrome/84.0.4147.89 Safari/537.36"
94.242.243.86 - - [24/Oct/2020:11:59:05 -0500] "GET / HTTP/1.1" 200 5670 "-" "Mozilla/5.0 (Windows NT 10.0; Win64; x64) AppleWebKit/537.36 (KHTML, like Gecko) Chrome/84.0.4147.89 Safari/537.36"
205.169.39.129 - - [24/Oct/2020:12:10:33 -0500] "GET / HTTP/1.1" 200 5670 "-" "Mozilla/5.0 (Windows NT 6.1; Win64; x64) AppleWebKit/537.36 (KHTML, like Gecko) Chrome/83.0.4103.61 Safari/537.36"
205.169.39.129 - - [24/Oct/2020:12:10:36 -0500] "GET / HTTP/2.0" 200 5670 "-" "Mozilla/5.0 (Windows NT 10.0; Win64; x64) AppleWebKit/537.36 (KHTML, like Gecko) Chrome/79.0.3945.79 Safari/537.36"
205.169.39.129 - - [24/Oct/2020:12:10:37 -0500] "GET /img/logo.png HTTP/2.0" 200 18187 "https://covidcinvestav.com/" "Mozilla/5.0 (Windows NT 10.0; Win64; x64) AppleWebKit/537.36 (KHTML, like Gecko) Chrome/79.0.3945.79 Safari/537.36"
205.169.39.129 - - [24/Oct/2020:12:10:37 -0500] "GET /css/style.css HTTP/2.0" 200 7492 "https://covidcinvestav.com/" "Mozilla/5.0 (Windows NT 10.0; Win64; x64) AppleWebKit/537.36 (KHTML, like Gecko) Chrome/79.0.3945.79 Safari/537.36"
107.178.194.22 - - [24/Oct/2020:12:19:27 -0500] "GET / HTTP/1.1" 200 5670 "http://covidcinvestav.com" "Mozilla/5.0 (Windows; U; MSIE 9.0; Windows NT 9.0; en-US) AppEngine-Google; (+http://code.google.com/appengine; appid: s~virustotalcloud)"
74.82.47.194 - - [24/Oct/2020:13:13:09 -0500] "GET / HTTP/1.1" 200 5670 "https://covidcinvestav.com/" "Mozilla/5.0 (compatible; MSIE 10.0; Windows NT 6.1; Trident/6.0)"
42.236.10.78 - - [24/Oct/2020:13:46:19 -0500] "GET / HTTP/2.0" 200 5670 "http://baidu.com/" "Mozilla/5.0 (Linux; U; Android 8.1.0; zh-CN; EML-AL00 Build/HUAWEIEML-AL00) AppleWebKit/537.36 (KHTML, like Gecko) Version/4.0 Chrome/57.0.2987.108 baidu.sogo.uc.UCBrowser/11.9.4.974 UWS/2.13.1.48 Mobile Safari/537.36 AliApp(DingTalk/4.5.11) com.alibaba.android.rimet/10487439 Channel/227200 language/zh-CN"
42.236.10.78 - - [24/Oct/2020:13:46:19 -0500] "GET /css/style.css HTTP/2.0" 200 7492 "https://covidcinvestav.com/" "Mozilla/5.0 (Linux; U; Android 8.1.0; zh-CN; EML-AL00 Build/HUAWEIEML-AL00) AppleWebKit/537.36 (KHTML, like Gecko) Version/4.0 Chrome/57.0.2987.108 baidu.sogo.uc.UCBrowser/11.9.4.974 UWS/2.13.1.48 Mobile Safari/537.36 AliApp(DingTalk/4.5.11) com.alibaba.android.rimet/10487439 Channel/227200 language/zh-CN"
42.236.10.78 - - [24/Oct/2020:13:46:19 -0500] "GET /img/logo.png HTTP/2.0" 200 18187 "https://covidcinvestav.com/" "Mozilla/5.0 (Linux; U; Android 8.1.0; zh-CN; EML-AL00 Build/HUAWEIEML-AL00) AppleWebKit/537.36 (KHTML, like Gecko) Version/4.0 Chrome/57.0.2987.108 baidu.sogo.uc.UCBrowser/11.9.4.974 UWS/2.13.1.48 Mobile Safari/537.36 AliApp(DingTalk/4.5.11) com.alibaba.android.rimet/10487439 Channel/227200 language/zh-CN"
42.236.10.114 - - [24/Oct/2020:13:55:15 -0500] "GET / HTTP/2.0" 200 5670 "http://baidu.com/" "Mozilla/5.0 (Linux; U; Android 8.1.0; zh-CN; EML-AL00 Build/HUAWEIEML-AL00) AppleWebKit/537.36 (KHTML, like Gecko) Version/4.0 Chrome/57.0.2987.108 baidu.sogo.uc.UCBrowser/11.9.4.974 UWS/2.13.1.48 Mobile Safari/537.36 AliApp(DingTalk/4.5.11) com.alibaba.android.rimet/10487439 Channel/227200 language/zh-CN"
42.236.10.114 - - [24/Oct/2020:13:55:15 -0500] "GET /css/style.css HTTP/2.0" 200 7492 "https://covidcinvestav.com/" "Mozilla/5.0 (Linux; U; Android 8.1.0; zh-CN; EML-AL00 Build/HUAWEIEML-AL00) AppleWebKit/537.36 (KHTML, like Gecko) Version/4.0 Chrome/57.0.2987.108 baidu.sogo.uc.UCBrowser/11.9.4.974 UWS/2.13.1.48 Mobile Safari/537.36 AliApp(DingTalk/4.5.11) com.alibaba.android.rimet/10487439 Channel/227200 language/zh-CN"
42.236.10.114 - - [24/Oct/2020:13:55:15 -0500] "GET /img/logo.png HTTP/2.0" 200 18187 "https://covidcinvestav.com/" "Mozilla/5.0 (Linux; U; Android 8.1.0; zh-CN; EML-AL00 Build/HUAWEIEML-AL00) AppleWebKit/537.36 (KHTML, like Gecko) Version/4.0 Chrome/57.0.2987.108 baidu.sogo.uc.UCBrowser/11.9.4.974 UWS/2.13.1.48 Mobile Safari/537.36 AliApp(DingTalk/4.5.11) com.alibaba.android.rimet/10487439 Channel/227200 language/zh-CN"
51.81.83.158 - - [24/Oct/2020:13:57:00 -0500] "GET / HTTP/1.1" 200 5670 "https://covidcinvestav.com/" "Mozilla/5.0 (compatible; MSIE 10.0; Windows NT 6.1; Trident/6.0)"
107.178.194.22 - - [24/Oct/2020:14:20:28 -0500] "GET / HTTP/1.1" 200 5670 "http://covidcinvestav.com" "Mozilla/5.0 (Windows; U; MSIE 9.0; Windows NT 9.0; en-US) AppEngine-Google; (+http://code.google.com/appengine; appid: s~virustotalcloud)"
65.155.30.101 - - [24/Oct/2020:15:22:54 -0500] "GET / HTTP/2.0" 200 5670 "-" "Mozilla/5.0 (Windows NT 10.0; Win64; x64) AppleWebKit/537.36 (KHTML, like Gecko) Chrome/76.0.3809.71 Safari/537.36"
65.155.30.101 - - [24/Oct/2020:15:22:54 -0500] "GET /css/style.css HTTP/2.0" 200 7492 "https://covidcinvestav.com/" "Mozilla/5.0 (Windows NT 10.0; Win64; x64) AppleWebKit/537.36 (KHTML, like Gecko) Chrome/76.0.3809.71 Safari/537.36"
65.155.30.101 - - [24/Oct/2020:15:22:54 -0500] "GET /img/logo.png HTTP/2.0" 200 18187 "https://covidcinvestav.com/" "Mozilla/5.0 (Windows NT 10.0; Win64; x64) AppleWebKit/537.36 (KHTML, like Gecko) Chrome/76.0.3809.71 Safari/537.36"
77.247.127.140 - - [24/Oct/2020:15:31:05 -0500] "GET / HTTP/1.1" 200 5670 "-" "Mozilla/5.0 (Windows NT 10.0; Win64; x64) AppleWebKit/537.36 (KHTML, like Gecko) Chrome/78.0.3904.108 Safari/537.36"
77.247.127.140 - - [24/Oct/2020:15:31:06 -0500] "GET / HTTP/1.1" 200 5670 "-" "Mozilla/5.0 (Windows NT 10.0; Win64; x64) AppleWebKit/537.36 (KHTML, like Gecko) Chrome/78.0.3904.108 Safari/537.36"
77.247.127.140 - - [24/Oct/2020:15:31:08 -0500] "" 400 0 "-" "-"
104.248.166.43 - - [24/Oct/2020:15:38:14 -0500] "GET / HTTP/1.1" 200 5670 "-" "Mozilla/5.0 (Windows NT 10.0; Win64; x64) AppleWebKit/537.36 (KHTML, like Gecko) Chrome/84.0.4147.89 Safari/537.36"
107.178.194.21 - - [24/Oct/2020:16:19:23 -0500] "GET / HTTP/1.1" 200 5670 "http://covidcinvestav.com" "Mozilla/5.0 (Windows; U; MSIE 9.0; Windows NT 9.0; en-US) AppEngine-Google; (+http://code.google.com/appengine; appid: s~virustotalcloud)"
198.251.89.99 - - [24/Oct/2020:16:19:26 -0500] "GET / HTTP/1.1" 200 5670 "https://covidcinvestav.com/" "Mozilla/5.0 (compatible; MSIE 10.0; Windows NT 6.1; Trident/6.0)"
65.155.30.101 - - [24/Oct/2020:17:20:09 -0500] "GET / HTTP/2.0" 200 5670 "-" "Mozilla/5.0 (Windows NT 10.0; Win64; x64) AppleWebKit/537.36 (KHTML, like Gecko) Chrome/76.0.3809.71 Safari/537.36"
65.155.30.101 - - [24/Oct/2020:17:20:09 -0500] "GET /css/style.css HTTP/2.0" 200 7492 "https://covidcinvestav.com/" "Mozilla/5.0 (Windows NT 10.0; Win64; x64) AppleWebKit/537.36 (KHTML, like Gecko) Chrome/76.0.3809.71 Safari/537.36"
65.155.30.101 - - [24/Oct/2020:17:20:09 -0500] "GET /img/logo.png HTTP/2.0" 200 18187 "https://covidcinvestav.com/" "Mozilla/5.0 (Windows NT 10.0; Win64; x64) AppleWebKit/537.36 (KHTML, like Gecko) Chrome/76.0.3809.71 Safari/537.36"
104.198.181.21 - - [24/Oct/2020:17:28:16 -0500] "GET / HTTP/1.1" 200 5670 "-" "Mozilla/5.0 (X11; Linux x86_64) AppleWebKit/537.36 (KHTML, like Gecko) Chrome/59.0.3071.104 Safari/537.36"
104.198.181.21 - - [24/Oct/2020:17:28:18 -0500] "GET / HTTP/1.1" 200 5670 "-" "Mozilla/5.0 (X11; Linux x86_64) AppleWebKit/537.36 (KHTML, like Gecko) Chrome/70.0.3538.67 Safari/537.36"
104.198.181.21 - - [24/Oct/2020:17:28:18 -0500] "GET /css/style.css HTTP/1.1" 200 7492 "https://covidcinvestav.com/" "Mozilla/5.0 (X11; Linux x86_64) AppleWebKit/537.36 (KHTML, like Gecko) Chrome/70.0.3538.67 Safari/537.36"
104.198.181.21 - - [24/Oct/2020:17:28:19 -0500] "GET /img/logo.png HTTP/1.1" 200 18187 "https://covidcinvestav.com/" "Mozilla/5.0 (X11; Linux x86_64) AppleWebKit/537.36 (KHTML, like Gecko) Chrome/70.0.3538.67 Safari/537.36"
107.178.194.23 - - [24/Oct/2020:18:18:45 -0500] "GET / HTTP/1.1" 200 5670 "http://covidcinvestav.com" "Mozilla/5.0 (Windows; U; MSIE 9.0; Windows NT 9.0; en-US) AppEngine-Google; (+http://code.google.com/appengine; appid: s~virustotalcloud)"
205.169.39.82 - - [24/Oct/2020:19:05:22 -0500] "GET / HTTP/1.1" 200 5670 "-" "Mozilla/5.0 (Windows NT 6.1; Win64; x64) AppleWebKit/537.36 (KHTML, like Gecko) Chrome/83.0.4103.61 Safari/537.36"
205.169.39.82 - - [24/Oct/2020:19:05:26 -0500] "GET / HTTP/2.0" 200 5670 "-" "Mozilla/5.0 (Windows NT 10.0; Win64; x64) AppleWebKit/537.36 (KHTML, like Gecko) Chrome/79.0.3945.79 Safari/537.36"
205.169.39.82 - - [24/Oct/2020:19:05:26 -0500] "GET /css/style.css HTTP/2.0" 200 7492 "https://covidcinvestav.com/" "Mozilla/5.0 (Windows NT 10.0; Win64; x64) AppleWebKit/537.36 (KHTML, like Gecko) Chrome/79.0.3945.79 Safari/537.36"
205.169.39.82 - - [24/Oct/2020:19:05:26 -0500] "GET /img/logo.png HTTP/2.0" 200 18187 "https://covidcinvestav.com/" "Mozilla/5.0 (Windows NT 10.0; Win64; x64) AppleWebKit/537.36 (KHTML, like Gecko) Chrome/79.0.3945.79 Safari/537.36"
38.132.118.73 - - [24/Oct/2020:19:39:08 -0500] "GET / HTTP/1.1" 200 5670 "-" "Mozilla/5.0 (Windows NT 10.0; Win64; x64) AppleWebKit/537.36 (KHTML, like Gecko) Chrome/84.0.4147.89 Safari/537.36"
205.169.39.199 - - [24/Oct/2020:19:41:51 -0500] "GET / HTTP/1.1" 200 5670 "-" "Mozilla/5.0 (Windows NT 6.1; Win64; x64) AppleWebKit/537.36 (KHTML, like Gecko) Chrome/83.0.4103.61 Safari/537.36"
205.169.39.199 - - [24/Oct/2020:19:41:54 -0500] "GET / HTTP/2.0" 200 5670 "-" "Mozilla/5.0 (Windows NT 10.0; Win64; x64) AppleWebKit/537.36 (KHTML, like Gecko) Chrome/79.0.3945.79 Safari/537.36"
205.169.39.199 - - [24/Oct/2020:19:41:54 -0500] "GET /img/logo.png HTTP/2.0" 200 18187 "https://covidcinvestav.com/" "Mozilla/5.0 (Windows NT 10.0; Win64; x64) AppleWebKit/537.36 (KHTML, like Gecko) Chrome/79.0.3945.79 Safari/537.36"
205.169.39.199 - - [24/Oct/2020:19:41:54 -0500] "GET /css/style.css HTTP/2.0" 200 7492 "https://covidcinvestav.com/" "Mozilla/5.0 (Windows NT 10.0; Win64; x64) AppleWebKit/537.36 (KHTML, like Gecko) Chrome/79.0.3945.79 Safari/537.36"
179.43.171.74 - - [24/Oct/2020:20:10:20 -0500] "GET / HTTP/2.0" 200 5670 "-" "Mozilla/5.0 (X11; Linux x86_64) AppleWebKit/537.36 (KHTML, like Gecko) Ubuntu Chromium/80.0.3987.163 Chrome/80.0.3987.163 Safari/537.36"
107.178.194.23 - - [24/Oct/2020:20:19:05 -0500] "GET / HTTP/1.1" 200 5670 "http://covidcinvestav.com" "Mozilla/5.0 (Windows; U; MSIE 9.0; Windows NT 9.0; en-US) AppEngine-Google; (+http://code.google.com/appengine; appid: s~virustotalcloud)"
208.87.237.140 - - [24/Oct/2020:20:19:07 -0500] "GET / HTTP/1.1" 200 5670 "-" "Mozilla/5.0 (compatible; MSIE 9.0; Windows NT 6.0; Trident/5.0)"
185.18.205.122 - - [24/Oct/2020:20:36:06 -0500] "GET / HTTP/1.1" 200 5670 "-" "Mozilla/5.0 (Windows NT 10.0; Win64; x64) AppleWebKit/537.36 (KHTML, like Gecko) Chrome/84.0.4147.89 Safari/537.36"
37.120.213.214 - - [24/Oct/2020:20:43:07 -0500] "GET / HTTP/1.1" 200 5670 "-" "Mozilla/5.0 (Windows NT 10.0; Win64; x64) AppleWebKit/537.36 (KHTML, like Gecko) Chrome/84.0.4147.89 Safari/537.36"
138.68.84.122 - - [24/Oct/2020:21:43:23 -0500] "GET / HTTP/1.1" 200 5670 "-" "Mozilla/5.0 (Windows NT 10.0; Win64; x64) AppleWebKit/537.36 (KHTML, like Gecko) Chrome/84.0.4147.89 Safari/537.36"
157.230.210.133 - - [24/Oct/2020:22:11:03 -0500] "GET / HTTP/1.1" 200 5670 "-" "Mozilla/5.0 (Windows NT 10.0; Win64; x64) AppleWebKit/537.36 (KHTML, like Gecko) Chrome/84.0.4147.89 Safari/537.36"
107.178.194.23 - - [24/Oct/2020:22:20:05 -0500] "GET / HTTP/1.1" 200 5670 "http://covidcinvestav.com" "Mozilla/5.0 (Windows; U; MSIE 9.0; Windows NT 9.0; en-US) AppEngine-Google; (+http://code.google.com/appengine; appid: s~virustotalcloud)"
205.169.39.226 - - [24/Oct/2020:23:20:18 -0500] "GET / HTTP/1.1" 200 5670 "-" "Mozilla/5.0 (Windows NT 6.1; Win64; x64) AppleWebKit/537.36 (KHTML, like Gecko) Chrome/83.0.4103.61 Safari/537.36"
205.169.39.226 - - [24/Oct/2020:23:20:21 -0500] "GET / HTTP/2.0" 200 5670 "-" "Mozilla/5.0 (Windows NT 10.0; Win64; x64) AppleWebKit/537.36 (KHTML, like Gecko) Chrome/79.0.3945.79 Safari/537.36"
205.169.39.226 - - [24/Oct/2020:23:20:21 -0500] "GET /css/style.css HTTP/2.0" 200 7492 "https://covidcinvestav.com/" "Mozilla/5.0 (Windows NT 10.0; Win64; x64) AppleWebKit/537.36 (KHTML, like Gecko) Chrome/79.0.3945.79 Safari/537.36"
205.169.39.226 - - [24/Oct/2020:23:20:21 -0500] "GET /img/logo.png HTTP/2.0" 200 18187 "https://covidcinvestav.com/" "Mozilla/5.0 (Windows NT 10.0; Win64; x64) AppleWebKit/537.36 (KHTML, like Gecko) Chrome/79.0.3945.79 Safari/537.36"
167.71.100.12 - - [24/Oct/2020:23:24:07 -0500] "GET / HTTP/1.0" 200 5670 "-" "Mozilla/5.0 (Windows NT 10.0; Win64; x64) AppleWebKit/537.36 (KHTML, like Gecko) Chrome/86.0.4240.111 Safari/537.36"
205.169.39.138 - - [24/Oct/2020:23:24:12 -0500] "GET / HTTP/1.1" 200 5670 "-" "Mozilla/5.0 (Windows NT 6.1; Win64; x64) AppleWebKit/537.36 (KHTML, like Gecko) Chrome/83.0.4103.61 Safari/537.36"
205.169.39.138 - - [24/Oct/2020:23:24:15 -0500] "GET / HTTP/2.0" 200 5670 "-" "Mozilla/5.0 (Windows NT 10.0; Win64; x64) AppleWebKit/537.36 (KHTML, like Gecko) Chrome/79.0.3945.79 Safari/537.36"
205.169.39.138 - - [24/Oct/2020:23:24:15 -0500] "GET /css/style.css HTTP/2.0" 200 7492 "https://covidcinvestav.com/" "Mozilla/5.0 (Windows NT 10.0; Win64; x64) AppleWebKit/537.36 (KHTML, like Gecko) Chrome/79.0.3945.79 Safari/537.36"
205.169.39.138 - - [24/Oct/2020:23:24:15 -0500] "GET /img/logo.png HTTP/2.0" 200 18187 "https://covidcinvestav.com/" "Mozilla/5.0 (Windows NT 10.0; Win64; x64) AppleWebKit/537.36 (KHTML, like Gecko) Chrome/79.0.3945.79 Safari/537.36"
185.18.205.122 - - [24/Oct/2020:23:29:51 -0500] "GET / HTTP/1.1" 200 5670 "-" "Mozilla/5.0 (Windows NT 10.0; Win64; x64) AppleWebKit/537.36 (KHTML, like Gecko) Chrome/84.0.4147.89 Safari/537.36"
157.245.184.13 - - [25/Oct/2020:00:13:56 -0500] "GET / HTTP/1.1" 200 5670 "https://covidcinvestav.com/" "Mozilla/5.0 (compatible; MSIE 10.0; Windows NT 6.1; Trident/6.0)"
107.178.194.22 - - [25/Oct/2020:00:19:31 -0500] "GET / HTTP/1.1" 200 5670 "http://covidcinvestav.com" "Mozilla/5.0 (Windows; U; MSIE 9.0; Windows NT 9.0; en-US) AppEngine-Google; (+http://code.google.com/appengine; appid: s~virustotalcloud)"
205.169.39.125 - - [25/Oct/2020:00:44:24 -0500] "GET / HTTP/1.1" 200 5670 "-" "Mozilla/5.0 (Windows NT 6.1; Win64; x64) AppleWebKit/537.36 (KHTML, like Gecko) Chrome/83.0.4103.61 Safari/537.36"
205.169.39.125 - - [25/Oct/2020:00:44:27 -0500] "GET / HTTP/2.0" 200 5670 "-" "Mozilla/5.0 (Windows NT 10.0; Win64; x64) AppleWebKit/537.36 (KHTML, like Gecko) Chrome/79.0.3945.79 Safari/537.36"
205.169.39.125 - - [25/Oct/2020:00:44:27 -0500] "GET /img/logo.png HTTP/2.0" 200 18187 "https://covidcinvestav.com/" "Mozilla/5.0 (Windows NT 10.0; Win64; x64) AppleWebKit/537.36 (KHTML, like Gecko) Chrome/79.0.3945.79 Safari/537.36"
205.169.39.125 - - [25/Oct/2020:00:44:27 -0500] "GET /css/style.css HTTP/2.0" 200 7492 "https://covidcinvestav.com/" "Mozilla/5.0 (Windows NT 10.0; Win64; x64) AppleWebKit/537.36 (KHTML, like Gecko) Chrome/79.0.3945.79 Safari/537.36"
159.65.150.234 - - [25/Oct/2020:01:27:17 -0500] "GET / HTTP/1.1" 200 5670 "-" "Mozilla/5.0 (Windows NT 10.0; Win64; x64) AppleWebKit/537.36 (KHTML, like Gecko) Chrome/84.0.4147.89 Safari/537.36"
107.178.194.22 - - [25/Oct/2020:01:21:15 -0600] "GET / HTTP/1.1" 200 5670 "http://covidcinvestav.com" "Mozilla/5.0 (Windows; U; MSIE 9.0; Windows NT 9.0; en-US) AppEngine-Google; (+http://code.google.com/appengine; appid: s~virustotalcloud)"
209.58.188.144 - - [25/Oct/2020:02:29:24 -0600] "GET / HTTP/1.1" 200 5670 "-" "Mozilla/5.0 (Windows NT 10.0; Win64; x64) AppleWebKit/537.36 (KHTML, like Gecko) Chrome/84.0.4147.89 Safari/537.36"
69.164.111.198 - - [25/Oct/2020:02:31:43 -0600] "GET / HTTP/1.1" 200 5670 "-" "Mozilla/5.0 (Windows NT 6.3; Trident/7.0; rv:11.0) like Gecko"
71.19.144.106 - - [25/Oct/2020:02:33:17 -0600] "GET / HTTP/1.1" 200 5670 "https://covidcinvestav.com/" "Mozilla/5.0 (compatible; MSIE 10.0; Windows NT 6.1; Trident/6.0)"
69.164.111.198 - - [25/Oct/2020:02:51:28 -0600] "GET / HTTP/1.1" 200 5670 "-" "Mozilla/5.0 (Windows NT 6.3; Trident/7.0; rv:11.0) like Gecko"
69.164.111.198 - - [25/Oct/2020:03:01:27 -0600] "GET / HTTP/1.1" 200 5670 "-" "Mozilla/5.0 (Windows NT 6.3; Trident/7.0; rv:11.0) like Gecko"
198.251.80.252 - - [25/Oct/2020:03:01:35 -0600] "GET / HTTP/1.1" 200 5670 "https://covidcinvestav.com/" "Mozilla/5.0 (compatible; MSIE 10.0; Windows NT 6.1; Trident/6.0)"
51.81.33.130 - - [25/Oct/2020:03:16:18 -0600] "GET / HTTP/1.1" 200 5670 "https://covidcinvestav.com/" "Mozilla/5.0 (compatible; MSIE 10.0; Windows NT 6.1; Trident/6.0)"
107.178.194.21 - - [25/Oct/2020:03:19:10 -0600] "GET / HTTP/1.1" 200 5670 "http://covidcinvestav.com" "Mozilla/5.0 (Windows; U; MSIE 9.0; Windows NT 9.0; en-US) AppEngine-Google; (+http://code.google.com/appengine; appid: s~virustotalcloud)"
205.169.39.164 - - [25/Oct/2020:03:25:02 -0600] "GET / HTTP/1.1" 200 5670 "-" "Mozilla/5.0 (Windows NT 6.1; Win64; x64) AppleWebKit/537.36 (KHTML, like Gecko) Chrome/83.0.4103.61 Safari/537.36"
205.169.39.164 - - [25/Oct/2020:03:25:04 -0600] "GET / HTTP/2.0" 200 5670 "-" "Mozilla/5.0 (Windows NT 10.0; Win64; x64) AppleWebKit/537.36 (KHTML, like Gecko) Chrome/79.0.3945.79 Safari/537.36"
205.169.39.164 - - [25/Oct/2020:03:25:04 -0600] "GET /css/style.css HTTP/2.0" 200 7492 "https://covidcinvestav.com/" "Mozilla/5.0 (Windows NT 10.0; Win64; x64) AppleWebKit/537.36 (KHTML, like Gecko) Chrome/79.0.3945.79 Safari/537.36"
205.169.39.164 - - [25/Oct/2020:03:25:04 -0600] "GET /img/logo.png HTTP/2.0" 200 18187 "https://covidcinvestav.com/" "Mozilla/5.0 (Windows NT 10.0; Win64; x64) AppleWebKit/537.36 (KHTML, like Gecko) Chrome/79.0.3945.79 Safari/537.36"
198.251.89.198 - - [25/Oct/2020:03:29:46 -0600] "GET / HTTP/1.1" 200 5670 "https://covidcinvestav.com/" "Mozilla/5.0 (compatible; MSIE 10.0; Windows NT 6.1; Trident/6.0)"
104.248.166.43 - - [25/Oct/2020:04:26:09 -0600] "GET / HTTP/1.0" 200 386 "-" "Mozilla/5.0 (Windows NT 10.0; Win64; x64) AppleWebKit/537.36 (KHTML, like Gecko) Chrome/84.0.4147.89 Safari/537.36"
205.169.39.138 - - [25/Oct/2020:04:31:54 -0600] "GET / HTTP/1.0" 200 386 "-" "Mozilla/5.0 (Windows NT 6.1; Win64; x64) AppleWebKit/537.36 (KHTML, like Gecko) Chrome/83.0.4103.61 Safari/537.36"
205.169.39.138 - - [25/Oct/2020:04:31:57 -0600] "GET / HTTP/1.0" 200 386 "-" "Mozilla/5.0 (Windows NT 10.0; Win64; x64) AppleWebKit/537.36 (KHTML, like Gecko) Chrome/79.0.3945.79 Safari/537.36"
205.169.39.138 - - [25/Oct/2020:04:31:58 -0600] "GET /img/logo.png HTTP/1.0" 200 388 "https://covidcinvestav.com/" "Mozilla/5.0 (Windows NT 10.0; Win64; x64) AppleWebKit/537.36 (KHTML, like Gecko) Chrome/79.0.3945.79 Safari/537.36"
205.169.39.138 - - [25/Oct/2020:04:31:58 -0600] "GET /css/style.css HTTP/1.0" 200 388 "https://covidcinvestav.com/" "Mozilla/5.0 (Windows NT 10.0; Win64; x64) AppleWebKit/537.36 (KHTML, like Gecko) Chrome/79.0.3945.79 Safari/537.36"
107.178.194.22 - - [25/Oct/2020:05:18:18 -0600] "GET / HTTP/1.0" 200 386 "http://covidcinvestav.com" "Mozilla/5.0 (Windows; U; MSIE 9.0; Windows NT 9.0; en-US) AppEngine-Google; (+http://code.google.com/appengine; appid: s~virustotalcloud)"
74.82.47.194 - - [25/Oct/2020:05:42:09 -0600] "GET / HTTP/1.0" 200 386 "https://covidcinvestav.com/" "Mozilla/5.0 (compatible; MSIE 10.0; Windows NT 6.1; Trident/6.0)"
147.147.220.71 - - [25/Oct/2020:06:07:41 -0600] "GET / HTTP/1.0" 200 386 "https://covidcinvestav.com/" "Mozilla/5.0 (iPhone; CPU iPhone OS 13_6_1 like Mac OS X) AppleWebKit/605.1.15 (KHTML, like Gecko) Version/13.1.2 Mobile/15E148 Safari/604.1"
167.172.10.45 - - [25/Oct/2020:06:07:41 -0600] "GET / HTTP/1.0" 200 386 "https://covidcinvestav.com/" "Mozilla/5.0 (Windows NT 10.0; Win64; x64) AppleWebKit/537.36 (KHTML, like Gecko) Chrome/86.0.4240.75 Safari/537.36"
212.102.35.102 - - [25/Oct/2020:06:07:42 -0600] "GET / HTTP/1.0" 200 386 "https://covidcinvestav.com/" "Mozilla/5.0 (Windows NT 10.0; Win64; x64) AppleWebKit/537.36 (KHTML, like Gecko) Chrome/86.0.4240.75 Safari/537.36"
195.181.170.239 - - [25/Oct/2020:06:07:42 -0600] "GET / HTTP/1.0" 200 386 "https://covidcinvestav.com/" "Mozilla/5.0 (iPhone; CPU iPhone OS 13_5_1 like Mac OS X) AppleWebKit/605.1.15 (KHTML, like Gecko) Version/13.1.1 Mobile/15E148 Safari/604.1"
196.251.250.241 - - [25/Oct/2020:06:07:45 -0600] "GET / HTTP/1.0" 200 386 "https://covidcinvestav.com/" "Mozilla/5.0 (Linux; U; Android 8.1.0; zh-CN; EML-AL00 Build/HUAWEIEML-AL00) AppleWebKit/537.36 (KHTML, like Gecko) Version/4.0 Chrome/57.0.2987.108 baidu.sogo.uc.UCBrowser/11.9.4.974 UWS/2.13.1.48 Mobile Safari/537.36 AliApp(DingTalk/4.5.11) com.alibaba.android.rimet/10487439 Channel/227200 language/zh-CN"
147.147.220.71 - - [25/Oct/2020:06:13:02 -0600] "GET / HTTP/1.0" 200 386 "http://covidcinvestav.com/" "Mozilla/5.0 (iPhone; CPU iPhone OS 13_7 like Mac OS X) AppleWebKit/605.1.15 (KHTML, like Gecko) Version/13.1.2 Mobile/15E148 Safari/604.1"
212.102.35.102 - - [25/Oct/2020:06:13:02 -0600] "GET / HTTP/1.0" 200 386 "http://covidcinvestav.com/" "Mozilla/5.0 (Windows NT 10.0; Win64; x64) AppleWebKit/537.36 (KHTML, like Gecko) Chrome/86.0.4240.111 Safari/537.36"
167.172.10.45 - - [25/Oct/2020:06:13:02 -0600] "GET / HTTP/1.0" 200 386 "http://covidcinvestav.com/" "Mozilla/5.0 (Windows NT 10.0; Win64; x64) AppleWebKit/537.36 (KHTML, like Gecko) Chrome/76.0.3809.71 Safari/537.36"
195.181.170.239 - - [25/Oct/2020:06:13:02 -0600] "GET / HTTP/1.0" 200 386 "http://covidcinvestav.com/" "Mozilla/5.0 (Linux; Android 7.0; SAMSUNG SM-G950F Build/NRD90M) AppleWebKit/537.36 (KHTML, like Gecko) SamsungBrowser/5.2 Chrome/51.0.2704.106 Mobile Safari/537.36"
196.251.250.82 - - [25/Oct/2020:06:13:04 -0600] "GET / HTTP/1.0" 200 386 "http://covidcinvestav.com/" "Mozilla/5.0 (iPhone; CPU iPhone OS 13_1 like Mac OS X) AppleWebKit/605.1.15 (KHTML, like Gecko) Version/13.0.1 Mobile/15E148 Safari/604.1"
147.147.220.71 - - [25/Oct/2020:06:13:09 -0600] "GET /img/logo.png HTTP/1.0" 200 388 "http://covidcinvestav.com/" "Mozilla/5.0 (iPhone; CPU iPhone OS 13_7 like Mac OS X) AppleWebKit/605.1.15 (KHTML, like Gecko) Version/13.1.2 Mobile/15E148 Safari/604.1"
167.172.10.45 - - [25/Oct/2020:06:13:55 -0600] "GET /img/logo.png HTTP/1.0" 200 388 "http://covidcinvestav.com/" "Mozilla/5.0 (Windows NT 10.0; Win64; x64) AppleWebKit/537.36 (KHTML, like Gecko) Chrome/76.0.3809.71 Safari/537.36"
196.251.250.82 - - [25/Oct/2020:06:16:17 -0600] "GET /img/logo.png HTTP/1.0" 200 388 "http://covidcinvestav.com/" "Mozilla/5.0 (iPhone; CPU iPhone OS 13_1 like Mac OS X) AppleWebKit/605.1.15 (KHTML, like Gecko) Version/13.0.1 Mobile/15E148 Safari/604.1"
212.102.35.102 - - [25/Oct/2020:06:17:46 -0600] "GET /img/logo.png HTTP/1.0" 200 388 "http://covidcinvestav.com/" "Mozilla/5.0 (Windows NT 10.0; Win64; x64) AppleWebKit/537.36 (KHTML, like Gecko) Chrome/86.0.4240.111 Safari/537.36"
195.181.170.239 - - [25/Oct/2020:06:19:12 -0600] "GET /img/logo.png HTTP/1.0" 200 388 "http://covidcinvestav.com/" "Mozilla/5.0 (Linux; Android 7.0; SAMSUNG SM-G950F Build/NRD90M) AppleWebKit/537.36 (KHTML, like Gecko) SamsungBrowser/5.2 Chrome/51.0.2704.106 Mobile Safari/537.36"
38.132.118.73 - - [25/Oct/2020:06:36:33 -0600] "GET / HTTP/1.0" 200 386 "-" "Mozilla/5.0 (Windows NT 10.0; Win64; x64) AppleWebKit/537.36 (KHTML, like Gecko) Chrome/84.0.4147.89 Safari/537.36"
179.43.171.74 - - [25/Oct/2020:07:17:32 -0600] "GET / HTTP/1.0" 200 386 "-" "Mozilla/5.0 (X11; Linux x86_64) AppleWebKit/537.36 (KHTML, like Gecko) Ubuntu Chromium/80.0.3987.163 Chrome/80.0.3987.163 Safari/537.36"
107.178.194.21 - - [25/Oct/2020:07:20:35 -0600] "GET / HTTP/1.0" 200 386 "http://covidcinvestav.com" "Mozilla/5.0 (Windows; U; MSIE 9.0; Windows NT 9.0; en-US) AppEngine-Google; (+http://code.google.com/appengine; appid: s~virustotalcloud)"
107.178.194.23 - - [25/Oct/2020:09:20:30 -0600] "GET / HTTP/1.0" 200 386 "http://covidcinvestav.com" "Mozilla/5.0 (Windows; U; MSIE 9.0; Windows NT 9.0; en-US) AppEngine-Google; (+http://code.google.com/appengine; appid: s~virustotalcloud)"
107.178.194.23 - - [25/Oct/2020:11:19:49 -0600] "GET / HTTP/1.0" 200 386 "http://covidcinvestav.com" "Mozilla/5.0 (Windows; U; MSIE 9.0; Windows NT 9.0; en-US) AppEngine-Google; (+http://code.google.com/appengine; appid: s~virustotalcloud)"
34.212.177.231 - - [25/Oct/2020:12:08:18 -0600] "GET / HTTP/1.0" 200 386 "-" "Mozilla/5.0 (Macintosh; Intel Mac OS X 10_8_3) AppleWebKit/537.31 (KHTML, like Gecko) Chrome/26.0.1410.65 Safari/537.31"
51.81.35.193 - - [25/Oct/2020:12:16:51 -0600] "GET / HTTP/1.0" 200 386 "https://covidcinvestav.com/" "Mozilla/5.0 (compatible; MSIE 10.0; Windows NT 6.1; Trident/6.0)"
82.199.130.45 - - [25/Oct/2020:12:19:33 -0600] "GET / HTTP/1.0" 200 386 "-" "Mozilla/5.0 (Windows NT 10.0; Win64; x64) AppleWebKit/537.36 (KHTML, like Gecko) Chrome/84.0.4147.89 Safari/537.36"
107.178.194.22 - - [25/Oct/2020:13:20:10 -0600] "GET / HTTP/1.0" 200 386 "http://covidcinvestav.com" "Mozilla/5.0 (Windows; U; MSIE 9.0; Windows NT 9.0; en-US) AppEngine-Google; (+http://code.google.com/appengine; appid: s~virustotalcloud)"
74.82.47.194 - - [25/Oct/2020:13:51:12 -0600] "GET / HTTP/1.0" 200 386 "https://covidcinvestav.com/" "Mozilla/5.0 (compatible; MSIE 10.0; Windows NT 6.1; Trident/6.0)"
103.254.153.207 - - [25/Oct/2020:13:52:05 -0600] "GET / HTTP/1.0" 200 386 "-" "Mozilla/5.0 (Windows NT 10.0; Win64; x64) AppleWebKit/537.36 (KHTML, like Gecko) Chrome/84.0.4147.89 Safari/537.36"
205.169.39.188 - - [25/Oct/2020:13:59:07 -0600] "GET / HTTP/1.0" 200 386 "-" "Mozilla/5.0 (Windows NT 6.1; Win64; x64) AppleWebKit/537.36 (KHTML, like Gecko) Chrome/83.0.4103.61 Safari/537.36"
205.169.39.188 - - [25/Oct/2020:13:59:11 -0600] "GET / HTTP/1.0" 200 386 "-" "Mozilla/5.0 (Windows NT 10.0; Win64; x64) AppleWebKit/537.36 (KHTML, like Gecko) Chrome/79.0.3945.79 Safari/537.36"
205.169.39.188 - - [25/Oct/2020:13:59:11 -0600] "GET /img/logo.png HTTP/1.0" 200 388 "https://covidcinvestav.com/" "Mozilla/5.0 (Windows NT 10.0; Win64; x64) AppleWebKit/537.36 (KHTML, like Gecko) Chrome/79.0.3945.79 Safari/537.36"
205.169.39.188 - - [25/Oct/2020:13:59:11 -0600] "GET /css/style.css HTTP/1.0" 200 388 "https://covidcinvestav.com/" "Mozilla/5.0 (Windows NT 10.0; Win64; x64) AppleWebKit/537.36 (KHTML, like Gecko) Chrome/79.0.3945.79 Safari/537.36"
51.81.83.150 - - [25/Oct/2020:14:52:43 -0600] "GET / HTTP/1.0" 200 386 "https://covidcinvestav.com/" "Mozilla/5.0 (compatible; MSIE 10.0; Windows NT 6.1; Trident/6.0)"
37.58.58.249 - - [25/Oct/2020:15:09:31 -0600] "GET / HTTP/1.0" 200 386 "-" "Mozilla/5.0 (Windows NT 10.0; Win64; x64) AppleWebKit/537.36 (KHTML, like Gecko) Chrome/84.0.4147.89 Safari/537.36"
51.81.83.149 - - [25/Oct/2020:15:11:28 -0600] "GET / HTTP/1.0" 200 386 "https://covidcinvestav.com/" "Mozilla/5.0 (compatible; MSIE 10.0; Windows NT 6.1; Trident/6.0)"
107.178.194.22 - - [25/Oct/2020:15:19:48 -0600] "GET / HTTP/1.0" 200 386 "http://covidcinvestav.com" "Mozilla/5.0 (Windows; U; MSIE 9.0; Windows NT 9.0; en-US) AppEngine-Google; (+http://code.google.com/appengine; appid: s~virustotalcloud)"
71.19.154.84 - - [25/Oct/2020:15:31:45 -0600] "GET / HTTP/1.0" 200 386 "https://covidcinvestav.com/" "Mozilla/5.0 (compatible; MSIE 10.0; Windows NT 6.1; Trident/6.0)"
198.251.89.198 - - [25/Oct/2020:16:10:05 -0600] "GET / HTTP/1.0" 200 386 "https://covidcinvestav.com/" "Mozilla/5.0 (compatible; MSIE 10.0; Windows NT 6.1; Trident/6.0)"
205.169.39.28 - - [25/Oct/2020:16:20:51 -0600] "GET / HTTP/1.0" 200 386 "-" "Mozilla/5.0 (Windows NT 10.0; Win64; x64) AppleWebKit/537.36 (KHTML, like Gecko) Chrome/76.0.3809.71 Safari/537.36"
205.169.39.28 - - [25/Oct/2020:16:20:51 -0600] "GET /css/style.css HTTP/1.0" 200 388 "https://covidcinvestav.com/" "Mozilla/5.0 (Windows NT 10.0; Win64; x64) AppleWebKit/537.36 (KHTML, like Gecko) Chrome/76.0.3809.71 Safari/537.36"
205.169.39.28 - - [25/Oct/2020:16:20:51 -0600] "GET /img/logo.png HTTP/1.0" 200 388 "https://covidcinvestav.com/" "Mozilla/5.0 (Windows NT 10.0; Win64; x64) AppleWebKit/537.36 (KHTML, like Gecko) Chrome/76.0.3809.71 Safari/537.36"
92.222.210.117 - - [25/Oct/2020:16:25:36 -0600] "GET / HTTP/1.0" 200 386 "-" "Mozilla/5.0 (Windows NT 10.0; Win64; x64) AppleWebKit/537.36 (KHTML, like Gecko) Chrome/84.0.4147.89 Safari/537.36"
138.197.44.219 - - [25/Oct/2020:16:47:17 -0600] "GET /wp-login.php HTTP/1.0" 404 360 "http://covidcinvestav.com/wp-login.php" "Mozilla/5.0 (X11; Ubuntu; Linux x86_64; rv:62.0) Gecko/20100101 Firefox/62.0"
107.178.194.22 - - [25/Oct/2020:17:20:02 -0600] "GET / HTTP/1.0" 200 386 "http://covidcinvestav.com" "Mozilla/5.0 (Windows; U; MSIE 9.0; Windows NT 9.0; en-US) AppEngine-Google; (+http://code.google.com/appengine; appid: s~virustotalcloud)"
74.82.47.194 - - [25/Oct/2020:17:55:43 -0600] "GET / HTTP/1.0" 200 386 "https://covidcinvestav.com/" "Mozilla/5.0 (compatible; MSIE 10.0; Windows NT 6.1; Trident/6.0)"
104.237.193.27 - - [25/Oct/2020:18:29:18 -0600] "GET / HTTP/1.0" 200 386 "-" "Mozilla/5.0 (Windows NT 10.0; Win64; x64) AppleWebKit/537.36 (KHTML, like Gecko) Chrome/84.0.4147.89 Safari/537.36"
179.43.171.74 - - [25/Oct/2020:19:07:58 -0600] "GET / HTTP/1.0" 200 3508 "-" "Mozilla/5.0 (X11; Linux x86_64) AppleWebKit/537.36 (KHTML, like Gecko) Ubuntu Chromium/80.0.3987.163 Chrome/80.0.3987.163 Safari/537.36"
107.178.194.21 - - [25/Oct/2020:19:19:07 -0600] "GET / HTTP/1.0" 200 386 "http://covidcinvestav.com" "Mozilla/5.0 (Windows; U; MSIE 9.0; Windows NT 9.0; en-US) AppEngine-Google; (+http://code.google.com/appengine; appid: s~virustotalcloud)"
205.169.39.14 - - [25/Oct/2020:20:21:37 -0600] "GET / HTTP/1.0" 200 386 "-" "Mozilla/5.0 (Windows NT 10.0; Win64; x64) AppleWebKit/537.36 (KHTML, like Gecko) Chrome/76.0.3809.71 Safari/537.36"
205.169.39.14 - - [25/Oct/2020:20:21:38 -0600] "GET /css/style.css HTTP/1.0" 200 388 "https://covidcinvestav.com/" "Mozilla/5.0 (Windows NT 10.0; Win64; x64) AppleWebKit/537.36 (KHTML, like Gecko) Chrome/76.0.3809.71 Safari/537.36"
205.169.39.14 - - [25/Oct/2020:20:21:38 -0600] "GET /img/logo.png HTTP/1.0" 200 388 "https://covidcinvestav.com/" "Mozilla/5.0 (Windows NT 10.0; Win64; x64) AppleWebKit/537.36 (KHTML, like Gecko) Chrome/76.0.3809.71 Safari/537.36"
74.82.47.194 - - [25/Oct/2020:20:40:18 -0600] "GET / HTTP/1.0" 200 386 "https://covidcinvestav.com/" "Mozilla/5.0 (compatible; MSIE 10.0; Windows NT 6.1; Trident/6.0)"
8.208.27.239 - - [25/Oct/2020:20:55:10 -0600] "GET / HTTP/1.0" 200 386 "-" "Mozilla/5.0 (Macintosh; Intel Mac OS X 10_14_6) AppleWebKit/537.36 (KHTML, like Gecko) Chrome/76.0.3809.132 Safari/537.36"
39.96.161.227 - - [25/Oct/2020:20:55:11 -0600] "GET / HTTP/1.0" 200 386 "-" "Mozilla/5.0 (Macintosh; Intel Mac OS X 10_14_6) AppleWebKit/537.36 (KHTML, like Gecko) Chrome/76.0.3809.132 Safari/537.36"
107.178.194.23 - - [25/Oct/2020:21:19:13 -0600] "GET / HTTP/1.0" 200 386 "http://covidcinvestav.com" "Mozilla/5.0 (Windows; U; MSIE 9.0; Windows NT 9.0; en-US) AppEngine-Google; (+http://code.google.com/appengine; appid: s~virustotalcloud)"
208.87.237.140 - - [25/Oct/2020:21:19:13 -0600] "GET / HTTP/1.0" 200 386 "-" "Mozilla/4.0 (compatible; MSIE 7.0; Windows NT 6.0; Trident/4.0)"
66.249.65.49 - - [25/Oct/2020:22:05:12 -0600] "GET /robots.txt HTTP/1.0" 404 1463 "-" "Mozilla/5.0 (compatible; Googlebot/2.1; +http://www.google.com/bot.html)"
66.249.65.49 - - [25/Oct/2020:22:05:15 -0600] "GET / HTTP/1.0" 200 386 "-" "Mozilla/5.0 (Linux; Android 6.0.1; Nexus 5X Build/MMB29P) AppleWebKit/537.36 (KHTML, like Gecko) Chrome/86.0.4240.96 Mobile Safari/537.36 (compatible; Googlebot/2.1; +http://www.google.com/bot.html)"
66.249.65.49 - - [25/Oct/2020:22:05:19 -0600] "GET /css/style.css HTTP/1.0" 200 388 "https://covidcinvestav.com/" "Mozilla/5.0 (Linux; Android 6.0.1; Nexus 5X Build/MMB29P) AppleWebKit/537.36 (KHTML, like Gecko) Chrome/85.0.4183.140 Mobile Safari/537.36 (compatible; Googlebot/2.1; +http://www.google.com/bot.html)"
162.245.206.246 - - [25/Oct/2020:22:25:23 -0600] "GET / HTTP/1.0" 200 386 "-" "Mozilla/5.0 (Windows NT 10.0; Win64; x64) AppleWebKit/537.36 (KHTML, like Gecko) Chrome/84.0.4147.89 Safari/537.36"
66.249.65.53 - - [25/Oct/2020:22:28:22 -0600] "GET /test/php/test.html HTTP/1.0" 200 394 "-" "Mozilla/5.0 (Linux; Android 6.0.1; Nexus 5X Build/MMB29P) AppleWebKit/537.36 (KHTML, like Gecko) Chrome/86.0.4240.96 Mobile Safari/537.36 (compatible; Googlebot/2.1; +http://www.google.com/bot.html)"
66.249.65.49 - - [25/Oct/2020:22:29:17 -0600] "GET /test/php/test.php HTTP/1.0" 200 2363 "https://covidcinvestav.com/test/php/test.html" "Mozilla/5.0 (Linux; Android 6.0.1; Nexus 5X Build/MMB29P) AppleWebKit/537.36 (KHTML, like Gecko) Chrome/85.0.4183.140 Mobile Safari/537.36 (compatible; Googlebot/2.1; +http://www.google.com/bot.html)"
66.249.65.51 - - [25/Oct/2020:22:29:17 -0600] "GET /css/style.css HTTP/1.0" 200 388 "https://covidcinvestav.com/test/php/test.html" "Mozilla/5.0 (Linux; Android 6.0.1; Nexus 5X Build/MMB29P) AppleWebKit/537.36 (KHTML, like Gecko) Chrome/85.0.4183.140 Mobile Safari/537.36 (compatible; Googlebot/2.1; +http://www.google.com/bot.html)"
66.249.65.51 - - [25/Oct/2020:22:29:17 -0600] "GET /test/php/test.php?1601856000000 HTTP/1.0" 200 2377 "https://covidcinvestav.com/test/php/test.html" "Mozilla/5.0 (Linux; Android 6.0.1; Nexus 5X Build/MMB29P) AppleWebKit/537.36 (KHTML, like Gecko) Chrome/85.0.4183.140 Mobile Safari/537.36 (compatible; Googlebot/2.1; +http://www.google.com/bot.html)"
199.192.20.35 - - [25/Oct/2020:22:39:08 -0600] "GET / HTTP/1.0" 200 386 "https://covidcinvestav.com/" "Mozilla/5.0 (compatible; MSIE 10.0; Windows NT 6.1; Trident/6.0)"
205.169.39.134 - - [25/Oct/2020:22:49:37 -0600] "GET / HTTP/1.0" 200 386 "-" "Mozilla/5.0 (Windows NT 6.1; Win64; x64) AppleWebKit/537.36 (KHTML, like Gecko) Chrome/83.0.4103.61 Safari/537.36"
205.169.39.134 - - [25/Oct/2020:22:49:40 -0600] "GET / HTTP/1.0" 200 386 "-" "Mozilla/5.0 (Windows NT 10.0; Win64; x64) AppleWebKit/537.36 (KHTML, like Gecko) Chrome/79.0.3945.79 Safari/537.36"
205.169.39.134 - - [25/Oct/2020:22:49:40 -0600] "GET /css/style.css HTTP/1.0" 200 388 "https://covidcinvestav.com/" "Mozilla/5.0 (Windows NT 10.0; Win64; x64) AppleWebKit/537.36 (KHTML, like Gecko) Chrome/79.0.3945.79 Safari/537.36"
205.169.39.134 - - [25/Oct/2020:22:49:40 -0600] "GET /img/logo.png HTTP/1.0" 200 388 "https://covidcinvestav.com/" "Mozilla/5.0 (Windows NT 10.0; Win64; x64) AppleWebKit/537.36 (KHTML, like Gecko) Chrome/79.0.3945.79 Safari/537.36"
205.169.39.80 - - [25/Oct/2020:23:15:35 -0600] "GET / HTTP/1.0" 200 386 "-" "Mozilla/5.0 (Windows NT 6.1; Win64; x64) AppleWebKit/537.36 (KHTML, like Gecko) Chrome/83.0.4103.61 Safari/537.36"
205.169.39.80 - - [25/Oct/2020:23:15:38 -0600] "GET / HTTP/1.0" 200 386 "-" "Mozilla/5.0 (Windows NT 10.0; Win64; x64) AppleWebKit/537.36 (KHTML, like Gecko) Chrome/79.0.3945.79 Safari/537.36"
205.169.39.80 - - [25/Oct/2020:23:15:38 -0600] "GET /img/logo.png HTTP/1.0" 200 388 "https://covidcinvestav.com/" "Mozilla/5.0 (Windows NT 10.0; Win64; x64) AppleWebKit/537.36 (KHTML, like Gecko) Chrome/79.0.3945.79 Safari/537.36"
205.169.39.80 - - [25/Oct/2020:23:15:38 -0600] "GET /css/style.css HTTP/1.0" 200 388 "https://covidcinvestav.com/" "Mozilla/5.0 (Windows NT 10.0; Win64; x64) AppleWebKit/537.36 (KHTML, like Gecko) Chrome/79.0.3945.79 Safari/537.36"
107.178.194.21 - - [25/Oct/2020:23:19:06 -0600] "GET / HTTP/1.0" 200 386 "http://covidcinvestav.com" "Mozilla/5.0 (Windows; U; MSIE 9.0; Windows NT 9.0; en-US) AppEngine-Google; (+http://code.google.com/appengine; appid: s~virustotalcloud)"
167.71.244.253 - - [26/Oct/2020:00:23:21 -0600] "GET / HTTP/1.0" 200 386 "-" "Mozilla/5.0 (X11; Linux x86_64; rv:68.0) Gecko/20100101 Firefox/68.0"
159.65.150.234 - - [26/Oct/2020:00:27:02 -0600] "GET / HTTP/1.0" 200 386 "-" "Mozilla/5.0 (Windows NT 10.0; Win64; x64) AppleWebKit/537.36 (KHTML, like Gecko) Chrome/84.0.4147.89 Safari/537.36"
51.81.83.159 - - [26/Oct/2020:01:15:41 -0600] "GET / HTTP/1.0" 200 386 "https://covidcinvestav.com/" "Mozilla/5.0 (compatible; MSIE 10.0; Windows NT 6.1; Trident/6.0)"
107.178.194.23 - - [26/Oct/2020:01:20:43 -0600] "GET / HTTP/1.0" 200 386 "http://covidcinvestav.com" "Mozilla/5.0 (Windows; U; MSIE 9.0; Windows NT 9.0; en-US) AppEngine-Google; (+http://code.google.com/appengine; appid: s~virustotalcloud)"
39.98.116.16 - - [26/Oct/2020:01:49:11 -0600] "GET / HTTP/1.0" 200 386 "-" "Mozilla/5.0 (Macintosh; Intel Mac OS X 10_14_6) AppleWebKit/537.36 (KHTML, like Gecko) Chrome/76.0.3809.132 Safari/537.36"
39.97.230.172 - - [26/Oct/2020:01:52:32 -0600] "GET / HTTP/1.0" 200 386 "-" "Mozilla/5.0 (Macintosh; Intel Mac OS X 10_14_6) AppleWebKit/537.36 (KHTML, like Gecko) Chrome/76.0.3809.132 Safari/537.36"
101.201.199.85 - - [26/Oct/2020:02:19:35 -0600] "GET / HTTP/1.0" 200 386 "-" "Mozilla/5.0 (Macintosh; Intel Mac OS X 10_14_6) AppleWebKit/537.36 (KHTML, like Gecko) Chrome/76.0.3809.132 Safari/537.36"
167.99.172.253 - - [26/Oct/2020:02:26:36 -0600] "GET / HTTP/1.0" 200 386 "-" "Mozilla/5.0 (Windows NT 10.0; Win64; x64) AppleWebKit/537.36 (KHTML, like Gecko) Chrome/84.0.4147.89 Safari/537.36"
74.82.47.194 - - [26/Oct/2020:02:58:33 -0600] "GET / HTTP/1.0" 200 386 "https://covidcinvestav.com/" "Mozilla/5.0 (compatible; MSIE 10.0; Windows NT 6.1; Trident/6.0)"
47.104.10.167 - - [26/Oct/2020:03:18:04 -0600] "GET / HTTP/1.0" 200 386 "-" "Mozilla/5.0 (Macintosh; Intel Mac OS X 10_14_6) AppleWebKit/537.36 (KHTML, like Gecko) Chrome/76.0.3809.132 Safari/537.36"
107.178.194.22 - - [26/Oct/2020:03:20:11 -0600] "GET / HTTP/1.0" 200 386 "http://covidcinvestav.com" "Mozilla/5.0 (Windows; U; MSIE 9.0; Windows NT 9.0; en-US) AppEngine-Google; (+http://code.google.com/appengine; appid: s~virustotalcloud)"
39.98.43.145 - - [26/Oct/2020:03:44:25 -0600] "GET / HTTP/1.0" 200 3508 "-" "Mozilla/5.0 (Macintosh; Intel Mac OS X 10_14_6) AppleWebKit/537.36 (KHTML, like Gecko) Chrome/76.0.3809.132 Safari/537.36"
8.208.27.239 - - [26/Oct/2020:03:44:29 -0600] "GET / HTTP/1.0" 200 386 "-" "Mozilla/5.0 (Macintosh; Intel Mac OS X 10_14_6) AppleWebKit/537.36 (KHTML, like Gecko) Chrome/76.0.3809.132 Safari/537.36"
104.248.166.43 - - [25/Oct/2020:04:26:09 -0600] "GET / HTTP/1.1" 200 5670 "-" "Mozilla/5.0 (Windows NT 10.0; Win64; x64) AppleWebKit/537.36 (KHTML, like Gecko) Chrome/84.0.4147.89 Safari/537.36"
205.169.39.138 - - [25/Oct/2020:04:31:54 -0600] "GET / HTTP/1.1" 200 5670 "-" "Mozilla/5.0 (Windows NT 6.1; Win64; x64) AppleWebKit/537.36 (KHTML, like Gecko) Chrome/83.0.4103.61 Safari/537.36"
205.169.39.138 - - [25/Oct/2020:04:31:57 -0600] "GET / HTTP/2.0" 200 5670 "-" "Mozilla/5.0 (Windows NT 10.0; Win64; x64) AppleWebKit/537.36 (KHTML, like Gecko) Chrome/79.0.3945.79 Safari/537.36"
205.169.39.138 - - [25/Oct/2020:04:31:58 -0600] "GET /css/style.css HTTP/2.0" 200 7492 "https://covidcinvestav.com/" "Mozilla/5.0 (Windows NT 10.0; Win64; x64) AppleWebKit/537.36 (KHTML, like Gecko) Chrome/79.0.3945.79 Safari/537.36"
205.169.39.138 - - [25/Oct/2020:04:31:58 -0600] "GET /img/logo.png HTTP/2.0" 200 18187 "https://covidcinvestav.com/" "Mozilla/5.0 (Windows NT 10.0; Win64; x64) AppleWebKit/537.36 (KHTML, like Gecko) Chrome/79.0.3945.79 Safari/537.36"
107.178.194.22 - - [25/Oct/2020:05:18:18 -0600] "GET / HTTP/1.1" 200 5670 "http://covidcinvestav.com" "Mozilla/5.0 (Windows; U; MSIE 9.0; Windows NT 9.0; en-US) AppEngine-Google; (+http://code.google.com/appengine; appid: s~virustotalcloud)"
74.82.47.194 - - [25/Oct/2020:05:42:09 -0600] "GET / HTTP/1.1" 200 5670 "https://covidcinvestav.com/" "Mozilla/5.0 (compatible; MSIE 10.0; Windows NT 6.1; Trident/6.0)"
147.147.220.71 - - [25/Oct/2020:06:07:41 -0600] "GET / HTTP/1.1" 200 5670 "https://covidcinvestav.com/" "Mozilla/5.0 (iPhone; CPU iPhone OS 13_6_1 like Mac OS X) AppleWebKit/605.1.15 (KHTML, like Gecko) Version/13.1.2 Mobile/15E148 Safari/604.1"
167.172.10.45 - - [25/Oct/2020:06:07:41 -0600] "GET / HTTP/1.1" 200 5670 "https://covidcinvestav.com/" "Mozilla/5.0 (Windows NT 10.0; Win64; x64) AppleWebKit/537.36 (KHTML, like Gecko) Chrome/86.0.4240.75 Safari/537.36"
212.102.35.102 - - [25/Oct/2020:06:07:42 -0600] "GET / HTTP/1.1" 200 5670 "https://covidcinvestav.com/" "Mozilla/5.0 (Windows NT 10.0; Win64; x64) AppleWebKit/537.36 (KHTML, like Gecko) Chrome/86.0.4240.75 Safari/537.36"
195.181.170.239 - - [25/Oct/2020:06:07:42 -0600] "GET / HTTP/1.1" 200 5670 "https://covidcinvestav.com/" "Mozilla/5.0 (iPhone; CPU iPhone OS 13_5_1 like Mac OS X) AppleWebKit/605.1.15 (KHTML, like Gecko) Version/13.1.1 Mobile/15E148 Safari/604.1"
196.251.250.241 - - [25/Oct/2020:06:07:45 -0600] "GET / HTTP/1.1" 200 5670 "https://covidcinvestav.com/" "Mozilla/5.0 (Linux; U; Android 8.1.0; zh-CN; EML-AL00 Build/HUAWEIEML-AL00) AppleWebKit/537.36 (KHTML, like Gecko) Version/4.0 Chrome/57.0.2987.108 baidu.sogo.uc.UCBrowser/11.9.4.974 UWS/2.13.1.48 Mobile Safari/537.36 AliApp(DingTalk/4.5.11) com.alibaba.android.rimet/10487439 Channel/227200 language/zh-CN"
147.147.220.71 - - [25/Oct/2020:06:13:02 -0600] "GET / HTTP/1.1" 200 5670 "http://covidcinvestav.com/" "Mozilla/5.0 (iPhone; CPU iPhone OS 13_7 like Mac OS X) AppleWebKit/605.1.15 (KHTML, like Gecko) Version/13.1.2 Mobile/15E148 Safari/604.1"
212.102.35.102 - - [25/Oct/2020:06:13:02 -0600] "GET / HTTP/1.1" 200 5670 "http://covidcinvestav.com/" "Mozilla/5.0 (Windows NT 10.0; Win64; x64) AppleWebKit/537.36 (KHTML, like Gecko) Chrome/86.0.4240.111 Safari/537.36"
