107.178.194.22 - - [21/Oct/2020:02:19:42 -0500] "GET / HTTP/1.0" 200 386 "http://covidcinvestav.com" "Mozilla/5.0 (Windows; U; MSIE 9.0; Windows NT 9.0; en-US) AppEngine-Google; (+http://code.google.com/appengine; appid: s~virustotalcloud)"
157.230.210.133 - - [21/Oct/2020:03:34:23 -0500] "GET / HTTP/1.0" 200 386 "-" "Mozilla/5.0 (Windows NT 10.0; Win64; x64) AppleWebKit/537.36 (KHTML, like Gecko) Chrome/84.0.4147.89 Safari/537.36"
107.178.194.21 - - [20/Oct/2020:04:21:26 -0500] "GET / HTTP/1.1" 200 5670 "http://covidcinvestav.com" "Mozilla/5.0 (Windows; U; MSIE 9.0; Windows NT 9.0; en-US) AppEngine-Google; (+http://code.google.com/appengine; appid: s~virustotalcloud)"
167.99.172.253 - - [20/Oct/2020:04:25:29 -0500] "GET / HTTP/1.1" 200 5670 "-" "Mozilla/5.0 (Windows NT 10.0; Win64; x64) AppleWebKit/537.36 (KHTML, like Gecko) Chrome/84.0.4147.89 Safari/537.36"
51.81.83.156 - - [20/Oct/2020:05:02:05 -0500] "GET / HTTP/1.1" 200 5670 "https://covidcinvestav.com/" "Mozilla/5.0 (compatible; MSIE 10.0; Windows NT 6.1; Trident/6.0)"
107.178.194.23 - - [20/Oct/2020:06:20:59 -0500] "GET / HTTP/1.1" 200 5670 "http://covidcinvestav.com" "Mozilla/5.0 (Windows; U; MSIE 9.0; Windows NT 9.0; en-US) AppEngine-Google; (+http://code.google.com/appengine; appid: s~virustotalcloud)"
128.199.221.172 - - [20/Oct/2020:06:24:55 -0500] "GET / HTTP/1.1" 200 5670 "-" "Mozilla/5.0 (Windows NT 10.0; Win64; x64) AppleWebKit/537.36 (KHTML, like Gecko) Chrome/84.0.4147.89 Safari/537.36"
74.82.47.194 - - [20/Oct/2020:06:42:59 -0500] "GET / HTTP/1.1" 200 5670 "https://covidcinvestav.com/" "Mozilla/5.0 (compatible; MSIE 10.0; Windows NT 6.1; Trident/6.0)"
167.99.172.253 - - [20/Oct/2020:08:20:27 -0500] "GET / HTTP/1.1" 200 5670 "-" "Mozilla/5.0 (Windows NT 10.0; Win64; x64) AppleWebKit/537.36 (KHTML, like Gecko) Chrome/84.0.4147.89 Safari/537.36"
107.178.194.23 - - [20/Oct/2020:08:22:37 -0500] "GET / HTTP/1.1" 200 5670 "http://covidcinvestav.com" "Mozilla/5.0 (Windows; U; MSIE 9.0; Windows NT 9.0; en-US) AppEngine-Google; (+http://code.google.com/appengine; appid: s~virustotalcloud)"
208.87.237.140 - - [20/Oct/2020:08:22:37 -0500] "GET / HTTP/1.1" 200 5670 "-" "Mozilla/4.0 (compatible; MSIE 8.0; Windows NT 6.0)"
51.81.84.193 - - [20/Oct/2020:09:15:32 -0500] "GET / HTTP/1.1" 200 5670 "https://covidcinvestav.com/" "Mozilla/5.0 (compatible; MSIE 10.0; Windows NT 6.1; Trident/6.0)"
179.43.171.74 - - [20/Oct/2020:09:33:49 -0500] "GET / HTTP/2.0" 200 5670 "-" "Mozilla/5.0 (X11; Linux x86_64) AppleWebKit/537.36 (KHTML, like Gecko) Ubuntu Chromium/80.0.3987.163 Chrome/80.0.3987.163 Safari/537.36"
107.178.194.22 - - [20/Oct/2020:10:20:44 -0500] "GET / HTTP/1.1" 200 5670 "http://covidcinvestav.com" "Mozilla/5.0 (Windows; U; MSIE 9.0; Windows NT 9.0; en-US) AppEngine-Google; (+http://code.google.com/appengine; appid: s~virustotalcloud)"
113.213.206.250 - - [20/Oct/2020:10:43:08 -0500] "GET / HTTP/2.0" 200 5670 "-" "Mozilla/5.0 (Windows NT 6.1; Trident/7.0; rv:11.0) like Gecko"
113.213.206.250 - - [20/Oct/2020:10:43:08 -0500] "GET /css/style.css HTTP/2.0" 200 7492 "https://covidcinvestav.com/" "Mozilla/5.0 (Windows NT 6.1; Trident/7.0; rv:11.0) like Gecko"
113.213.206.250 - - [20/Oct/2020:10:43:08 -0500] "GET /img/logo.png HTTP/2.0" 200 18187 "https://covidcinvestav.com/" "Mozilla/5.0 (Windows NT 6.1; Trident/7.0; rv:11.0) like Gecko"
157.230.210.133 - - [20/Oct/2020:10:50:01 -0500] "GET / HTTP/1.1" 200 5670 "-" "Mozilla/5.0 (Windows NT 10.0; Win64; x64) AppleWebKit/537.36 (KHTML, like Gecko) Chrome/84.0.4147.89 Safari/537.36"
147.147.220.71 - - [20/Oct/2020:10:51:44 -0500] "GET / HTTP/1.1" 200 5670 "https://covidcinvestav.com/" "Mozilla/5.0 (Windows NT 10.0; Win64; x64) AppleWebKit/537.36 (KHTML, like Gecko) Chrome/76.0.3809.71 Safari/537.36"
37.120.192.26 - - [20/Oct/2020:10:51:44 -0500] "GET / HTTP/1.1" 200 5670 "https://covidcinvestav.com/" "Mozilla/5.0 (Linux; Android 7.0; SAMSUNG SM-G950F Build/NRD90M) AppleWebKit/537.36 (KHTML, like Gecko) SamsungBrowser/5.2 Chrome/51.0.2704.106 Mobile Safari/537.36"
51.210.34.150 - - [20/Oct/2020:10:51:45 -0500] "GET / HTTP/1.1" 200 5670 "https://covidcinvestav.com/" "Mozilla/5.0 (iPhone; CPU iPhone OS 14_0_1 like Mac OS X) AppleWebKit/605.1.15 (KHTML, like Gecko) Version/14.0 Mobile/15E148 Safari/604.1"
198.251.89.198 - - [20/Oct/2020:10:51:45 -0500] "GET / HTTP/1.1" 200 5670 "https://covidcinvestav.com/" "Mozilla/5.0 (X11; Linux x86_64) AppleWebKit/537.36 (KHTML, like Gecko) Chrome/85.0.4183.121 Safari/537.36"
109.169.33.163 - - [20/Oct/2020:10:51:45 -0500] "GET / HTTP/1.1" 200 5670 "https://covidcinvestav.com/" "Mozilla/5.0 (iPhone; CPU iPhone OS 13_5_1 like Mac OS X) AppleWebKit/605.1.15 (KHTML, like Gecko) Version/13.1.1 Mobile/15E148 Safari/604.1"
51.195.149.91 - - [20/Oct/2020:11:02:53 -0500] "GET / HTTP/1.1" 200 5670 "http://covidcinvestav.com/" "Mozilla/5.0 (Linux; Android 7.0; SAMSUNG SM-G950F Build/NRD90M) AppleWebKit/537.36 (KHTML, like Gecko) SamsungBrowser/5.2 Chrome/51.0.2704.106 Mobile Safari/537.36"
51.81.83.162 - - [20/Oct/2020:11:02:53 -0500] "GET / HTTP/1.1" 200 5670 "http://covidcinvestav.com/" "Mozilla/5.0 (Windows NT 10.0; Win64; x64) AppleWebKit/537.36 (KHTML, like Gecko) Chrome/76.0.3809.71 Safari/537.36"
37.120.192.26 - - [20/Oct/2020:11:02:53 -0500] "GET / HTTP/1.1" 200 5670 "http://covidcinvestav.com/" "Mozilla/5.0 (Linux; U; Android 8.1.0; zh-CN; EML-AL00 Build/HUAWEIEML-AL00) AppleWebKit/537.36 (KHTML, like Gecko) Version/4.0 Chrome/57.0.2987.108 baidu.sogo.uc.UCBrowser/11.9.4.974 UWS/2.13.1.48 Mobile Safari/537.36 AliApp(DingTalk/4.5.11) com.alibaba.android.rimet/10487439 Channel/227200 language/zh-CN"
147.147.220.71 - - [20/Oct/2020:11:02:54 -0500] "GET / HTTP/1.1" 200 5670 "http://covidcinvestav.com/" "Mozilla/5.0 (Windows NT 6.1; WOW64; Trident/7.0; SLCC2; .NET CLR 2.0.50727; .NET CLR 3.5.30729; .NET CLR 3.0.30729; .NET4.0C; .NET4.0E; rv 11.0) like Gecko"
54.38.81.231 - - [20/Oct/2020:11:02:54 -0500] "GET / HTTP/1.1" 200 5670 "http://covidcinvestav.com/" "Mozilla/5.0 (iPhone; CPU iPhone OS 14_0 like Mac OS X) AppleWebKit/605.1.15 (KHTML, like Gecko) Version/14.0 Mobile/15E148 Safari/604.1"
51.195.149.91 - - [20/Oct/2020:11:02:58 -0500] "GET /img/logo.png HTTP/1.1" 200 18187 "http://covidcinvestav.com/" "Mozilla/5.0 (Linux; Android 7.0; SAMSUNG SM-G950F Build/NRD90M) AppleWebKit/537.36 (KHTML, like Gecko) SamsungBrowser/5.2 Chrome/51.0.2704.106 Mobile Safari/537.36"
147.147.220.71 - - [20/Oct/2020:11:04:14 -0500] "GET /img/logo.png HTTP/1.1" 200 18187 "http://covidcinvestav.com/" "Mozilla/5.0 (Windows NT 6.1; WOW64; Trident/7.0; SLCC2; .NET CLR 2.0.50727; .NET CLR 3.5.30729; .NET CLR 3.0.30729; .NET4.0C; .NET4.0E; rv 11.0) like Gecko"
54.38.81.231 - - [20/Oct/2020:11:04:41 -0500] "GET /img/logo.png HTTP/1.1" 200 18187 "http://covidcinvestav.com/" "Mozilla/5.0 (iPhone; CPU iPhone OS 14_0 like Mac OS X) AppleWebKit/605.1.15 (KHTML, like Gecko) Version/14.0 Mobile/15E148 Safari/604.1"
51.81.33.130 - - [20/Oct/2020:11:05:53 -0500] "GET /img/logo.png HTTP/1.1" 200 18187 "http://covidcinvestav.com/" "Mozilla/5.0 (Windows NT 10.0; Win64; x64) AppleWebKit/537.36 (KHTML, like Gecko) Chrome/76.0.3809.71 Safari/537.36"
72.11.157.79 - - [20/Oct/2020:11:06:49 -0500] "GET /img/logo.png HTTP/1.1" 200 18187 "http://covidcinvestav.com/" "Mozilla/5.0 (Linux; U; Android 8.1.0; zh-CN; EML-AL00 Build/HUAWEIEML-AL00) AppleWebKit/537.36 (KHTML, like Gecko) Version/4.0 Chrome/57.0.2987.108 baidu.sogo.uc.UCBrowser/11.9.4.974 UWS/2.13.1.48 Mobile Safari/537.36 AliApp(DingTalk/4.5.11) com.alibaba.android.rimet/10487439 Channel/227200 language/zh-CN"
72.11.157.79 - - [20/Oct/2020:11:19:27 -0500] "GET / HTTP/2.0" 200 5670 "-" "Mozilla/5.0 (Windows NT 10.0; Win64; x64) AppleWebKit/537.36 (KHTML, like Gecko) Chrome/67.0.3396.99 Safari/537.36"
72.11.157.79 - - [20/Oct/2020:11:19:27 -0500] "GET /css/style.css HTTP/2.0" 200 7492 "https://covidcinvestav.com/" "Mozilla/5.0 (Windows NT 10.0; Win64; x64) AppleWebKit/537.36 (KHTML, like Gecko) Chrome/67.0.3396.99 Safari/537.36"
72.11.157.79 - - [20/Oct/2020:11:19:27 -0500] "GET /img/logo.png HTTP/2.0" 200 18187 "https://covidcinvestav.com/" "Mozilla/5.0 (Windows NT 10.0; Win64; x64) AppleWebKit/537.36 (KHTML, like Gecko) Chrome/67.0.3396.99 Safari/537.36"
167.172.10.45 - - [20/Oct/2020:11:21:34 -0500] "GET / HTTP/2.0" 200 5670 "-" "Mozilla/5.0 (Windows NT 10.0; Win64; x64) AppleWebKit/537.36 (KHTML, like Gecko) Chrome/67.0.3396.99 Safari/537.36"
167.172.10.45 - - [20/Oct/2020:11:21:34 -0500] "GET /css/style.css HTTP/2.0" 200 7492 "https://covidcinvestav.com/" "Mozilla/5.0 (Windows NT 10.0; Win64; x64) AppleWebKit/537.36 (KHTML, like Gecko) Chrome/67.0.3396.99 Safari/537.36"
167.172.10.45 - - [20/Oct/2020:11:21:34 -0500] "GET /img/logo.png HTTP/2.0" 200 18187 "https://covidcinvestav.com/" "Mozilla/5.0 (Windows NT 10.0; Win64; x64) AppleWebKit/537.36 (KHTML, like Gecko) Chrome/67.0.3396.99 Safari/537.36"
68.183.245.118 - - [20/Oct/2020:11:25:38 -0500] "GET / HTTP/2.0" 200 5670 "-" "Mozilla/5.0 (Windows NT 10.0; Win64; x64) AppleWebKit/537.36 (KHTML, like Gecko) Chrome/67.0.3396.99 Safari/537.36"
68.183.245.118 - - [20/Oct/2020:11:25:38 -0500] "GET /css/style.css HTTP/2.0" 200 7492 "https://covidcinvestav.com/" "Mozilla/5.0 (Windows NT 10.0; Win64; x64) AppleWebKit/537.36 (KHTML, like Gecko) Chrome/67.0.3396.99 Safari/537.36"
68.183.245.118 - - [20/Oct/2020:11:25:39 -0500] "GET /img/logo.png HTTP/2.0" 200 18187 "https://covidcinvestav.com/" "Mozilla/5.0 (Windows NT 10.0; Win64; x64) AppleWebKit/537.36 (KHTML, like Gecko) Chrome/67.0.3396.99 Safari/537.36"
78.138.117.190 - - [20/Oct/2020:12:00:35 -0500] "GET / HTTP/1.1" 200 5670 "-" "Mozilla/5.0 (compatible; XoviOnpageCrawler; +http://www.xovi.de/)"
78.138.117.190 - - [20/Oct/2020:12:00:36 -0500] "GET /favicon.ico HTTP/1.1" 200 113459 "-" "Mozilla/5.0 (compatible; XoviOnpageCrawler; +http://www.xovi.de/)"
78.138.117.190 - - [20/Oct/2020:12:00:37 -0500] "GET /css/style.css HTTP/1.1" 200 7492 "-" "Mozilla/5.0 (compatible; XoviOnpageCrawler; +http://www.xovi.de/)"
78.138.117.190 - - [20/Oct/2020:12:00:38 -0500] "GET /test/fcgi/test.html HTTP/1.1" 200 2000 "-" "Mozilla/5.0 (compatible; XoviOnpageCrawler; +http://www.xovi.de/)"
78.138.117.190 - - [20/Oct/2020:12:00:38 -0500] "GET /test/python/test.html HTTP/1.1" 200 1996 "-" "Mozilla/5.0 (compatible; XoviOnpageCrawler; +http://www.xovi.de/)"
78.138.117.190 - - [20/Oct/2020:12:00:38 -0500] "GET /test/php/test.html HTTP/1.1" 200 1991 "-" "Mozilla/5.0 (compatible; XoviOnpageCrawler; +http://www.xovi.de/)"
78.138.117.190 - - [20/Oct/2020:12:00:38 -0500] "GET /test/perl/test.html HTTP/1.1" 200 2000 "-" "Mozilla/5.0 (compatible; XoviOnpageCrawler; +http://www.xovi.de/)"
78.138.117.190 - - [20/Oct/2020:12:00:39 -0500] "GET /test/ssi/test.html HTTP/1.1" 200 1996 "-" "Mozilla/5.0 (compatible; XoviOnpageCrawler; +http://www.xovi.de/)"
78.138.117.190 - - [20/Oct/2020:12:00:39 -0500] "GET /index.html HTTP/1.1" 200 5670 "-" "Mozilla/5.0 (compatible; XoviOnpageCrawler; +http://www.xovi.de/)"
78.138.117.190 - - [20/Oct/2020:12:00:40 -0500] "GET /test/python/test.py HTTP/1.1" 200 1403 "-" "Mozilla/5.0 (compatible; XoviOnpageCrawler; +http://www.xovi.de/)"
35.226.144.23 - - [20/Oct/2020:12:11:59 -0500] "GET / HTTP/1.1" 200 5670 "-" "Mozilla/5.0 (X11; Linux x86_64) AppleWebKit/537.36 (KHTML, like Gecko) Chrome/59.0.3071.104 Safari/537.36"
35.226.144.23 - - [20/Oct/2020:12:12:06 -0500] "GET / HTTP/1.1" 200 5670 "-" "Mozilla/5.0 (X11; Linux x86_64) AppleWebKit/537.36 (KHTML, like Gecko) Chrome/70.0.3538.67 Safari/537.36"
35.226.144.23 - - [20/Oct/2020:12:12:06 -0500] "GET /css/style.css HTTP/1.1" 200 7492 "https://covidcinvestav.com/" "Mozilla/5.0 (X11; Linux x86_64) AppleWebKit/537.36 (KHTML, like Gecko) Chrome/70.0.3538.67 Safari/537.36"
35.226.144.23 - - [20/Oct/2020:12:12:06 -0500] "GET /img/logo.png HTTP/1.1" 200 18187 "https://covidcinvestav.com/" "Mozilla/5.0 (X11; Linux x86_64) AppleWebKit/537.36 (KHTML, like Gecko) Chrome/70.0.3538.67 Safari/537.36"
107.178.194.23 - - [20/Oct/2020:12:20:35 -0500] "GET / HTTP/1.1" 200 5670 "http://covidcinvestav.com" "Mozilla/5.0 (Windows; U; MSIE 9.0; Windows NT 9.0; en-US) AppEngine-Google; (+http://code.google.com/appengine; appid: s~virustotalcloud)"
74.82.47.194 - - [20/Oct/2020:12:41:07 -0500] "GET / HTTP/1.1" 200 5670 "https://covidcinvestav.com/" "Mozilla/5.0 (compatible; MSIE 10.0; Windows NT 6.1; Trident/6.0)"
165.227.252.43 - - [20/Oct/2020:12:50:20 -0500] "GET / HTTP/2.0" 200 5670 "http://covidcinvestav.com/" "Mozilla/5.0 (Macintosh; Intel Mac OS X 10_14_3) AppleWebKit/537.36 (KHTML, like Gecko) Chrome/72.0.3626.121 Safari/537.36"
107.178.194.21 - - [20/Oct/2020:14:20:13 -0500] "GET / HTTP/1.1" 200 5670 "http://covidcinvestav.com" "Mozilla/5.0 (Windows; U; MSIE 9.0; Windows NT 9.0; en-US) AppEngine-Google; (+http://code.google.com/appengine; appid: s~virustotalcloud)"
107.178.194.21 - - [20/Oct/2020:16:20:34 -0500] "GET / HTTP/1.1" 200 5670 "http://covidcinvestav.com" "Mozilla/5.0 (Windows; U; MSIE 9.0; Windows NT 9.0; en-US) AppEngine-Google; (+http://code.google.com/appengine; appid: s~virustotalcloud)"
128.199.221.172 - - [20/Oct/2020:16:45:57 -0500] "GET / HTTP/1.1" 200 5670 "-" "Mozilla/5.0 (Windows NT 10.0; Win64; x64) AppleWebKit/537.36 (KHTML, like Gecko) Chrome/84.0.4147.89 Safari/537.36"
104.131.7.250 - - [20/Oct/2020:18:11:47 -0500] "GET / HTTP/1.0" 200 5670 "-" "Mozilla/5.0 (Windows NT 10.0; Win64; x64) AppleWebKit/537.36 (KHTML, like Gecko) Chrome/85.0.4183.102 Safari/537.36"
107.178.194.22 - - [20/Oct/2020:18:21:21 -0500] "GET / HTTP/1.1" 200 5670 "http://covidcinvestav.com" "Mozilla/5.0 (Windows; U; MSIE 9.0; Windows NT 9.0; en-US) AppEngine-Google; (+http://code.google.com/appengine; appid: s~virustotalcloud)"
51.81.82.243 - - [20/Oct/2020:19:02:40 -0500] "GET / HTTP/1.1" 200 5670 "https://covidcinvestav.com/" "Mozilla/5.0 (compatible; MSIE 10.0; Windows NT 6.1; Trident/6.0)"
138.68.84.122 - - [20/Oct/2020:20:55:30 -0500] "GET / HTTP/1.1" 200 5670 "-" "Mozilla/5.0 (Windows NT 10.0; Win64; x64) AppleWebKit/537.36 (KHTML, like Gecko) Chrome/84.0.4147.89 Safari/537.36"
107.189.10.101 - - [20/Oct/2020:21:25:30 -0500] "GET / HTTP/1.1" 200 5670 "https://covidcinvestav.com/" "Mozilla/5.0 (compatible; MSIE 10.0; Windows NT 6.1; Trident/6.0)"
179.43.171.74 - - [20/Oct/2020:21:30:54 -0500] "GET / HTTP/2.0" 200 5670 "-" "Mozilla/5.0 (X11; Linux x86_64) AppleWebKit/537.36 (KHTML, like Gecko) Ubuntu Chromium/80.0.3987.163 Chrome/80.0.3987.163 Safari/537.36"
107.178.194.22 - - [20/Oct/2020:22:19:58 -0500] "GET / HTTP/1.1" 200 5670 "http://covidcinvestav.com" "Mozilla/5.0 (Windows; U; MSIE 9.0; Windows NT 9.0; en-US) AppEngine-Google; (+http://code.google.com/appengine; appid: s~virustotalcloud)"
139.59.99.14 - - [20/Oct/2020:23:38:47 -0500] "GET / HTTP/1.1" 200 5670 "-" "Mozilla/5.0 (Windows NT 10.0; Win64; x64) AppleWebKit/537.36 (KHTML, like Gecko) Chrome/78.0.3904.108 Safari/537.36"
139.59.99.14 - - [20/Oct/2020:23:38:47 -0500] "GET / HTTP/1.1" 200 5670 "-" "Mozilla/5.0 (Windows NT 10.0; Win64; x64) AppleWebKit/537.36 (KHTML, like Gecko) Chrome/78.0.3904.108 Safari/537.36"
139.59.99.14 - - [20/Oct/2020:23:38:50 -0500] "" 400 0 "-" "-"
128.199.221.172 - - [21/Oct/2020:00:00:30 -0500] "GET / HTTP/1.1" 200 5670 "-" "Mozilla/5.0 (Windows NT 10.0; Win64; x64) AppleWebKit/537.36 (KHTML, like Gecko) Chrome/84.0.4147.89 Safari/537.36"
107.178.194.21 - - [21/Oct/2020:00:19:36 -0500] "GET / HTTP/1.1" 200 5670 "http://covidcinvestav.com" "Mozilla/5.0 (Windows; U; MSIE 9.0; Windows NT 9.0; en-US) AppEngine-Google; (+http://code.google.com/appengine; appid: s~virustotalcloud)"
35.192.222.154 - - [21/Oct/2020:01:50:17 -0500] "GET / HTTP/1.1" 200 5670 "-" "Mozilla/5.0 (X11; Linux x86_64) AppleWebKit/537.36 (KHTML, like Gecko) Chrome/70.0.3538.67 Safari/537.36"
35.192.222.154 - - [21/Oct/2020:01:50:17 -0500] "GET /css/style.css HTTP/1.1" 200 7492 "https://covidcinvestav.com/" "Mozilla/5.0 (X11; Linux x86_64) AppleWebKit/537.36 (KHTML, like Gecko) Chrome/70.0.3538.67 Safari/537.36"
35.192.222.154 - - [21/Oct/2020:01:50:19 -0500] "GET /img/logo.png HTTP/1.1" 200 18187 "https://covidcinvestav.com/" "Mozilla/5.0 (X11; Linux x86_64) AppleWebKit/537.36 (KHTML, like Gecko) Chrome/70.0.3538.67 Safari/537.36"
34.67.127.162 - - [21/Oct/2020:01:51:13 -0500] "GET / HTTP/1.1" 200 5670 "-" "Mozilla/5.0 (X11; Linux x86_64) AppleWebKit/537.36 (KHTML, like Gecko) Chrome/59.0.3071.104 Safari/537.36"
34.67.127.162 - - [21/Oct/2020:01:51:15 -0500] "GET / HTTP/1.1" 200 5670 "-" "Mozilla/5.0 (X11; Linux x86_64) AppleWebKit/537.36 (KHTML, like Gecko) Chrome/70.0.3538.67 Safari/537.36"
34.67.127.162 - - [21/Oct/2020:01:51:15 -0500] "GET /css/style.css HTTP/1.1" 200 7492 "https://covidcinvestav.com/" "Mozilla/5.0 (X11; Linux x86_64) AppleWebKit/537.36 (KHTML, like Gecko) Chrome/70.0.3538.67 Safari/537.36"
34.67.127.162 - - [21/Oct/2020:01:51:17 -0500] "GET /img/logo.png HTTP/1.1" 200 18187 "https://covidcinvestav.com/" "Mozilla/5.0 (X11; Linux x86_64) AppleWebKit/537.36 (KHTML, like Gecko) Chrome/70.0.3538.67 Safari/537.36"
34.254.239.77 - - [21/Oct/2020:02:07:27 -0500] "GET / HTTP/1.1" 200 5670 "-" "Pandalytics/1.0 (https://domainsbot.com/pandalytics/)"
107.178.194.22 - - [21/Oct/2020:02:19:42 -0500] "GET / HTTP/1.1" 200 5670 "http://covidcinvestav.com" "Mozilla/5.0 (Windows; U; MSIE 9.0; Windows NT 9.0; en-US) AppEngine-Google; (+http://code.google.com/appengine; appid: s~virustotalcloud)"
157.230.210.133 - - [21/Oct/2020:03:34:23 -0500] "GET / HTTP/1.1" 200 5670 "-" "Mozilla/5.0 (Windows NT 10.0; Win64; x64) AppleWebKit/537.36 (KHTML, like Gecko) Chrome/84.0.4147.89 Safari/537.36"
34.122.214.172 - - [21/Oct/2020:04:06:23 -0500] "GET / HTTP/1.0" 200 386 "-" "Mozilla/5.0 (Windows NT 6.1; Win64; x64) AppleWebKit/537.36 (KHTML, like Gecko) Chrome/85.0.4183.102 Safari/537.36"
34.122.214.172 - - [21/Oct/2020:04:06:23 -0500] "GET //wp-includes/wlwmanifest.xml HTTP/1.0" 404 1463 "-" "Mozilla/5.0 (Windows NT 6.1; Win64; x64) AppleWebKit/537.36 (KHTML, like Gecko) Chrome/85.0.4183.102 Safari/537.36"
34.122.214.172 - - [21/Oct/2020:04:06:23 -0500] "GET //xmlrpc.php?rsd HTTP/1.0" 404 360 "-" "Mozilla/5.0 (Windows NT 6.1; Win64; x64) AppleWebKit/537.36 (KHTML, like Gecko) Chrome/85.0.4183.102 Safari/537.36"
34.122.214.172 - - [21/Oct/2020:04:06:24 -0500] "GET / HTTP/1.0" 200 386 "-" "Mozilla/5.0 (Windows NT 6.1; Win64; x64) AppleWebKit/537.36 (KHTML, like Gecko) Chrome/85.0.4183.102 Safari/537.36"
34.122.214.172 - - [21/Oct/2020:04:06:24 -0500] "GET //blog/wp-includes/wlwmanifest.xml HTTP/1.0" 404 1463 "-" "Mozilla/5.0 (Windows NT 6.1; Win64; x64) AppleWebKit/537.36 (KHTML, like Gecko) Chrome/85.0.4183.102 Safari/537.36"
34.122.214.172 - - [21/Oct/2020:04:06:24 -0500] "GET //web/wp-includes/wlwmanifest.xml HTTP/1.0" 404 1463 "-" "Mozilla/5.0 (Windows NT 6.1; Win64; x64) AppleWebKit/537.36 (KHTML, like Gecko) Chrome/85.0.4183.102 Safari/537.36"
34.122.214.172 - - [21/Oct/2020:04:06:24 -0500] "GET //wordpress/wp-includes/wlwmanifest.xml HTTP/1.0" 404 1463 "-" "Mozilla/5.0 (Windows NT 6.1; Win64; x64) AppleWebKit/537.36 (KHTML, like Gecko) Chrome/85.0.4183.102 Safari/537.36"
34.122.214.172 - - [21/Oct/2020:04:06:24 -0500] "GET //website/wp-includes/wlwmanifest.xml HTTP/1.0" 404 1463 "-" "Mozilla/5.0 (Windows NT 6.1; Win64; x64) AppleWebKit/537.36 (KHTML, like Gecko) Chrome/85.0.4183.102 Safari/537.36"
34.122.214.172 - - [21/Oct/2020:04:06:24 -0500] "GET //wp/wp-includes/wlwmanifest.xml HTTP/1.0" 404 1463 "-" "Mozilla/5.0 (Windows NT 6.1; Win64; x64) AppleWebKit/537.36 (KHTML, like Gecko) Chrome/85.0.4183.102 Safari/537.36"
34.122.214.172 - - [21/Oct/2020:04:06:24 -0500] "GET //news/wp-includes/wlwmanifest.xml HTTP/1.0" 404 1463 "-" "Mozilla/5.0 (Windows NT 6.1; Win64; x64) AppleWebKit/537.36 (KHTML, like Gecko) Chrome/85.0.4183.102 Safari/537.36"
34.122.214.172 - - [21/Oct/2020:04:06:24 -0500] "GET //2018/wp-includes/wlwmanifest.xml HTTP/1.0" 404 1463 "-" "Mozilla/5.0 (Windows NT 6.1; Win64; x64) AppleWebKit/537.36 (KHTML, like Gecko) Chrome/85.0.4183.102 Safari/537.36"
34.122.214.172 - - [21/Oct/2020:04:06:24 -0500] "GET //2019/wp-includes/wlwmanifest.xml HTTP/1.0" 404 1463 "-" "Mozilla/5.0 (Windows NT 6.1; Win64; x64) AppleWebKit/537.36 (KHTML, like Gecko) Chrome/85.0.4183.102 Safari/537.36"
34.122.214.172 - - [21/Oct/2020:04:06:24 -0500] "GET //shop/wp-includes/wlwmanifest.xml HTTP/1.0" 404 1463 "-" "Mozilla/5.0 (Windows NT 6.1; Win64; x64) AppleWebKit/537.36 (KHTML, like Gecko) Chrome/85.0.4183.102 Safari/537.36"
34.122.214.172 - - [21/Oct/2020:04:06:24 -0500] "GET //wp1/wp-includes/wlwmanifest.xml HTTP/1.0" 404 1463 "-" "Mozilla/5.0 (Windows NT 6.1; Win64; x64) AppleWebKit/537.36 (KHTML, like Gecko) Chrome/85.0.4183.102 Safari/537.36"
34.122.214.172 - - [21/Oct/2020:04:06:24 -0500] "GET //test/wp-includes/wlwmanifest.xml HTTP/1.0" 404 1463 "-" "Mozilla/5.0 (Windows NT 6.1; Win64; x64) AppleWebKit/537.36 (KHTML, like Gecko) Chrome/85.0.4183.102 Safari/537.36"
34.122.214.172 - - [21/Oct/2020:04:06:24 -0500] "GET //media/wp-includes/wlwmanifest.xml HTTP/1.0" 404 1463 "-" "Mozilla/5.0 (Windows NT 6.1; Win64; x64) AppleWebKit/537.36 (KHTML, like Gecko) Chrome/85.0.4183.102 Safari/537.36"
34.122.214.172 - - [21/Oct/2020:04:06:24 -0500] "GET //wp2/wp-includes/wlwmanifest.xml HTTP/1.0" 404 1463 "-" "Mozilla/5.0 (Windows NT 6.1; Win64; x64) AppleWebKit/537.36 (KHTML, like Gecko) Chrome/85.0.4183.102 Safari/537.36"
34.122.214.172 - - [21/Oct/2020:04:06:24 -0500] "GET //site/wp-includes/wlwmanifest.xml HTTP/1.0" 404 1463 "-" "Mozilla/5.0 (Windows NT 6.1; Win64; x64) AppleWebKit/537.36 (KHTML, like Gecko) Chrome/85.0.4183.102 Safari/537.36"
34.122.214.172 - - [21/Oct/2020:04:06:25 -0500] "GET //cms/wp-includes/wlwmanifest.xml HTTP/1.0" 404 1463 "-" "Mozilla/5.0 (Windows NT 6.1; Win64; x64) AppleWebKit/537.36 (KHTML, like Gecko) Chrome/85.0.4183.102 Safari/537.36"
34.122.214.172 - - [21/Oct/2020:04:06:25 -0500] "GET //sito/wp-includes/wlwmanifest.xml HTTP/1.0" 404 1463 "-" "Mozilla/5.0 (Windows NT 6.1; Win64; x64) AppleWebKit/537.36 (KHTML, like Gecko) Chrome/85.0.4183.102 Safari/537.36"
34.122.214.172 - - [21/Oct/2020:04:06:23 -0500] "GET / HTTP/1.1" 200 5670 "-" "Mozilla/5.0 (Windows NT 6.1; Win64; x64) AppleWebKit/537.36 (KHTML, like Gecko) Chrome/85.0.4183.102 Safari/537.36"
34.122.214.172 - - [21/Oct/2020:04:06:24 -0500] "GET / HTTP/1.1" 200 5670 "-" "Mozilla/5.0 (Windows NT 6.1; Win64; x64) AppleWebKit/537.36 (KHTML, like Gecko) Chrome/85.0.4183.102 Safari/537.36"
34.122.214.172 - - [21/Oct/2020:04:06:25 -0500] "" 400 0 "-" "-"
209.222.101.251 - - [21/Oct/2020:04:16:38 -0500] "GET / HTTP/1.0" 200 386 "https://covidcinvestav.com/" "Mozilla/5.0 (compatible; MSIE 10.0; Windows NT 6.1; Trident/6.0)"
107.178.194.22 - - [21/Oct/2020:04:20:31 -0500] "GET / HTTP/1.0" 200 386 "http://covidcinvestav.com" "Mozilla/5.0 (Windows; U; MSIE 9.0; Windows NT 9.0; en-US) AppEngine-Google; (+http://code.google.com/appengine; appid: s~virustotalcloud)"
138.68.84.122 - - [21/Oct/2020:04:46:17 -0500] "GET / HTTP/1.0" 200 386 "-" "Mozilla/5.0 (Windows NT 10.0; Win64; x64) AppleWebKit/537.36 (KHTML, like Gecko) Chrome/84.0.4147.89 Safari/537.36"
74.82.47.194 - - [21/Oct/2020:05:33:49 -0500] "GET / HTTP/1.0" 200 386 "https://covidcinvestav.com/" "Mozilla/5.0 (compatible; MSIE 10.0; Windows NT 6.1; Trident/6.0)"
107.178.194.23 - - [21/Oct/2020:06:22:54 -0500] "GET / HTTP/1.0" 200 386 "http://covidcinvestav.com" "Mozilla/5.0 (Windows; U; MSIE 9.0; Windows NT 9.0; en-US) AppEngine-Google; (+http://code.google.com/appengine; appid: s~virustotalcloud)"
107.178.194.21 - - [21/Oct/2020:08:19:45 -0500] "GET / HTTP/1.0" 200 386 "http://covidcinvestav.com" "Mozilla/5.0 (Windows; U; MSIE 9.0; Windows NT 9.0; en-US) AppEngine-Google; (+http://code.google.com/appengine; appid: s~virustotalcloud)"
124.213.172.194 - - [21/Oct/2020:09:35:11 -0500] "GET / HTTP/1.0" 200 386 "-" "Mozilla/5.0 (Windows NT 6.1; Trident/7.0; rv:11.0) like Gecko"
124.213.172.194 - - [21/Oct/2020:09:35:11 -0500] "GET /css/style.css HTTP/1.0" 200 388 "https://covidcinvestav.com/" "Mozilla/5.0 (Windows NT 6.1; Trident/7.0; rv:11.0) like Gecko"
124.213.172.194 - - [21/Oct/2020:09:35:11 -0500] "GET /img/logo.png HTTP/1.0" 200 388 "https://covidcinvestav.com/" "Mozilla/5.0 (Windows NT 6.1; Trident/7.0; rv:11.0) like Gecko"
179.43.171.74 - - [21/Oct/2020:09:40:45 -0500] "GET / HTTP/1.0" 200 386 "-" "Mozilla/5.0 (X11; Linux x86_64) AppleWebKit/537.36 (KHTML, like Gecko) Ubuntu Chromium/80.0.3987.163 Chrome/80.0.3987.163 Safari/537.36"
107.178.194.21 - - [21/Oct/2020:10:21:57 -0500] "GET / HTTP/1.0" 200 386 "http://covidcinvestav.com" "Mozilla/5.0 (Windows; U; MSIE 9.0; Windows NT 9.0; en-US) AppEngine-Google; (+http://code.google.com/appengine; appid: s~virustotalcloud)"
162.247.74.201 - - [21/Oct/2020:10:50:43 -0500] "GET / HTTP/1.0" 200 386 "https://covidcinvestav.com/" "Mozilla/5.0 (compatible; MSIE 10.0; Windows NT 6.1; Trident/6.0)"
128.199.221.172 - - [21/Oct/2020:12:05:06 -0500] "GET / HTTP/1.0" 200 386 "-" "Mozilla/5.0 (Windows NT 10.0; Win64; x64) AppleWebKit/537.36 (KHTML, like Gecko) Chrome/84.0.4147.89 Safari/537.36"
205.169.39.152 - - [21/Oct/2020:13:49:52 -0500] "GET / HTTP/1.0" 200 386 "-" "Mozilla/5.0 (Windows NT 6.1; Win64; x64) AppleWebKit/537.36 (KHTML, like Gecko) Chrome/83.0.4103.61 Safari/537.36"
205.169.39.152 - - [21/Oct/2020:13:49:55 -0500] "GET / HTTP/1.0" 200 386 "-" "Mozilla/5.0 (Windows NT 10.0; Win64; x64) AppleWebKit/537.36 (KHTML, like Gecko) Chrome/79.0.3945.79 Safari/537.36"
205.169.39.152 - - [21/Oct/2020:13:49:55 -0500] "GET /css/style.css HTTP/1.0" 200 388 "https://covidcinvestav.com/" "Mozilla/5.0 (Windows NT 10.0; Win64; x64) AppleWebKit/537.36 (KHTML, like Gecko) Chrome/79.0.3945.79 Safari/537.36"
205.169.39.152 - - [21/Oct/2020:13:49:55 -0500] "GET /img/logo.png HTTP/1.0" 200 388 "https://covidcinvestav.com/" "Mozilla/5.0 (Windows NT 10.0; Win64; x64) AppleWebKit/537.36 (KHTML, like Gecko) Chrome/79.0.3945.79 Safari/537.36"
138.68.84.122 - - [21/Oct/2020:14:16:20 -0500] "GET / HTTP/1.0" 200 386 "-" "Mozilla/5.0 (Windows NT 10.0; Win64; x64) AppleWebKit/537.36 (KHTML, like Gecko) Chrome/84.0.4147.89 Safari/537.36"
107.178.194.23 - - [21/Oct/2020:14:19:55 -0500] "GET / HTTP/1.0" 200 386 "http://covidcinvestav.com" "Mozilla/5.0 (Windows; U; MSIE 9.0; Windows NT 9.0; en-US) AppEngine-Google; (+http://code.google.com/appengine; appid: s~virustotalcloud)"
74.82.47.194 - - [21/Oct/2020:15:03:14 -0500] "GET / HTTP/1.0" 200 386 "https://covidcinvestav.com/" "Mozilla/5.0 (compatible; MSIE 10.0; Windows NT 6.1; Trident/6.0)"
104.248.166.43 - - [21/Oct/2020:15:19:04 -0500] "GET / HTTP/1.0" 200 386 "-" "Mozilla/5.0 (Windows NT 10.0; Win64; x64) AppleWebKit/537.36 (KHTML, like Gecko) Chrome/84.0.4147.89 Safari/537.36"
107.178.194.21 - - [21/Oct/2020:16:20:10 -0500] "GET / HTTP/1.0" 200 386 "http://covidcinvestav.com" "Mozilla/5.0 (Windows; U; MSIE 9.0; Windows NT 9.0; en-US) AppEngine-Google; (+http://code.google.com/appengine; appid: s~virustotalcloud)"
74.82.47.194 - - [21/Oct/2020:16:51:29 -0500] "GET / HTTP/1.0" 200 386 "https://covidcinvestav.com/" "Mozilla/5.0 (compatible; MSIE 10.0; Windows NT 6.1; Trident/6.0)"
34.72.184.75 - - [21/Oct/2020:17:47:41 -0500] "GET / HTTP/1.0" 200 386 "-" "Mozilla/5.0 (X11; Linux x86_64) AppleWebKit/537.36 (KHTML, like Gecko) Chrome/59.0.3071.104 Safari/537.36"
34.72.184.75 - - [21/Oct/2020:17:47:43 -0500] "GET / HTTP/1.0" 200 386 "-" "Mozilla/5.0 (X11; Linux x86_64) AppleWebKit/537.36 (KHTML, like Gecko) Chrome/70.0.3538.67 Safari/537.36"
34.72.184.75 - - [21/Oct/2020:17:47:43 -0500] "GET /css/style.css HTTP/1.0" 200 388 "https://covidcinvestav.com/" "Mozilla/5.0 (X11; Linux x86_64) AppleWebKit/537.36 (KHTML, like Gecko) Chrome/70.0.3538.67 Safari/537.36"
34.72.184.75 - - [21/Oct/2020:17:47:43 -0500] "GET /img/logo.png HTTP/1.0" 200 388 "https://covidcinvestav.com/" "Mozilla/5.0 (X11; Linux x86_64) AppleWebKit/537.36 (KHTML, like Gecko) Chrome/70.0.3538.67 Safari/537.36"
128.199.221.172 - - [21/Oct/2020:17:48:48 -0500] "GET / HTTP/1.0" 200 386 "-" "Mozilla/5.0 (Windows NT 10.0; Win64; x64) AppleWebKit/537.36 (KHTML, like Gecko) Chrome/84.0.4147.89 Safari/537.36"
180.163.220.68 - - [21/Oct/2020:17:52:00 -0500] "GET / HTTP/1.0" 200 386 "http://baidu.com/" "Mozilla/5.0 (Linux; U; Android 8.1.0; zh-CN; EML-AL00 Build/HUAWEIEML-AL00) AppleWebKit/537.36 (KHTML, like Gecko) Version/4.0 Chrome/57.0.2987.108 baidu.sogo.uc.UCBrowser/11.9.4.974 UWS/2.13.1.48 Mobile Safari/537.36 AliApp(DingTalk/4.5.11) com.alibaba.android.rimet/10487439 Channel/227200 language/zh-CN"
180.163.220.68 - - [21/Oct/2020:17:52:06 -0500] "GET /css/style.css HTTP/1.0" 200 388 "https://www.covidcinvestav.com/" "Mozilla/5.0 (Linux; U; Android 8.1.0; zh-CN; EML-AL00 Build/HUAWEIEML-AL00) AppleWebKit/537.36 (KHTML, like Gecko) Version/4.0 Chrome/57.0.2987.108 baidu.sogo.uc.UCBrowser/11.9.4.974 UWS/2.13.1.48 Mobile Safari/537.36 AliApp(DingTalk/4.5.11) com.alibaba.android.rimet/10487439 Channel/227200 language/zh-CN"
180.163.220.68 - - [21/Oct/2020:17:52:06 -0500] "GET /img/logo.png HTTP/1.0" 200 388 "https://www.covidcinvestav.com/" "Mozilla/5.0 (Linux; U; Android 8.1.0; zh-CN; EML-AL00 Build/HUAWEIEML-AL00) AppleWebKit/537.36 (KHTML, like Gecko) Version/4.0 Chrome/57.0.2987.108 baidu.sogo.uc.UCBrowser/11.9.4.974 UWS/2.13.1.48 Mobile Safari/537.36 AliApp(DingTalk/4.5.11) com.alibaba.android.rimet/10487439 Channel/227200 language/zh-CN"
180.163.220.68 - - [21/Oct/2020:17:52:18 -0500] "GET / HTTP/1.0" 200 386 "http://baidu.com/" "Mozilla/5.0 (Linux; U; Android 8.1.0; zh-CN; EML-AL00 Build/HUAWEIEML-AL00) AppleWebKit/537.36 (KHTML, like Gecko) Version/4.0 Chrome/57.0.2987.108 baidu.sogo.uc.UCBrowser/11.9.4.974 UWS/2.13.1.48 Mobile Safari/537.36 AliApp(DingTalk/4.5.11) com.alibaba.android.rimet/10487439 Channel/227200 language/zh-CN"
180.163.220.68 - - [21/Oct/2020:17:52:19 -0500] "GET /css/style.css HTTP/1.0" 200 388 "https://covidcinvestav.com/" "Mozilla/5.0 (Linux; U; Android 8.1.0; zh-CN; EML-AL00 Build/HUAWEIEML-AL00) AppleWebKit/537.36 (KHTML, like Gecko) Version/4.0 Chrome/57.0.2987.108 baidu.sogo.uc.UCBrowser/11.9.4.974 UWS/2.13.1.48 Mobile Safari/537.36 AliApp(DingTalk/4.5.11) com.alibaba.android.rimet/10487439 Channel/227200 language/zh-CN"
180.163.220.68 - - [21/Oct/2020:17:52:19 -0500] "GET /img/logo.png HTTP/1.0" 200 388 "https://covidcinvestav.com/" "Mozilla/5.0 (Linux; U; Android 8.1.0; zh-CN; EML-AL00 Build/HUAWEIEML-AL00) AppleWebKit/537.36 (KHTML, like Gecko) Version/4.0 Chrome/57.0.2987.108 baidu.sogo.uc.UCBrowser/11.9.4.974 UWS/2.13.1.48 Mobile Safari/537.36 AliApp(DingTalk/4.5.11) com.alibaba.android.rimet/10487439 Channel/227200 language/zh-CN"
42.236.10.125 - - [21/Oct/2020:17:54:25 -0500] "GET / HTTP/1.0" 200 386 "-" "Mozilla/5.0 (Linux; U; Android 8.1.0; zh-CN; EML-AL00 Build/HUAWEIEML-AL00) AppleWebKit/537.36 (KHTML, like Gecko) Version/4.0 Chrome/57.0.2987.108 baidu.sogo.uc.UCBrowser/11.9.4.974 UWS/2.13.1.48 Mobile Safari/537.36 AliApp(DingTalk/4.5.11) com.alibaba.android.rimet/10487439 Channel/227200 language/zh-CN"
42.236.10.125 - - [21/Oct/2020:17:54:28 -0500] "GET /css/style.css HTTP/1.0" 200 388 "https://www.covidcinvestav.com/" "Mozilla/5.0 (X11; Linux x86_64) AppleWebKit/537.36 (KHTML, like Gecko) HeadlessChrome/68.0.3427.1 Safari/537.36"
42.236.10.125 - - [21/Oct/2020:17:54:28 -0500] "GET /img/logo.png HTTP/1.0" 200 388 "https://www.covidcinvestav.com/" "Mozilla/5.0 (X11; Linux x86_64) AppleWebKit/537.36 (KHTML, like Gecko) HeadlessChrome/68.0.3427.1 Safari/537.36"
42.236.10.125 - - [21/Oct/2020:17:54:30 -0500] "GET / HTTP/1.0" 200 386 "http://baidu.com/" "Mozilla/5.0 (Linux; U; Android 8.1.0; zh-CN; EML-AL00 Build/HUAWEIEML-AL00) AppleWebKit/537.36 (KHTML, like Gecko) Version/4.0 Chrome/57.0.2987.108 baidu.sogo.uc.UCBrowser/11.9.4.974 UWS/2.13.1.48 Mobile Safari/537.36 AliApp(DingTalk/4.5.11) com.alibaba.android.rimet/10487439 Channel/227200 language/zh-CN"
42.236.10.125 - - [21/Oct/2020:17:54:31 -0500] "GET /css/style.css HTTP/1.0" 200 388 "https://www.covidcinvestav.com/" "Mozilla/5.0 (Linux; U; Android 8.1.0; zh-CN; EML-AL00 Build/HUAWEIEML-AL00) AppleWebKit/537.36 (KHTML, like Gecko) Version/4.0 Chrome/57.0.2987.108 baidu.sogo.uc.UCBrowser/11.9.4.974 UWS/2.13.1.48 Mobile Safari/537.36 AliApp(DingTalk/4.5.11) com.alibaba.android.rimet/10487439 Channel/227200 language/zh-CN"
42.236.10.125 - - [21/Oct/2020:17:54:31 -0500] "GET /img/logo.png HTTP/1.0" 200 388 "https://www.covidcinvestav.com/" "Mozilla/5.0 (Linux; U; Android 8.1.0; zh-CN; EML-AL00 Build/HUAWEIEML-AL00) AppleWebKit/537.36 (KHTML, like Gecko) Version/4.0 Chrome/57.0.2987.108 baidu.sogo.uc.UCBrowser/11.9.4.974 UWS/2.13.1.48 Mobile Safari/537.36 AliApp(DingTalk/4.5.11) com.alibaba.android.rimet/10487439 Channel/227200 language/zh-CN"
107.178.194.22 - - [21/Oct/2020:18:20:57 -0500] "GET / HTTP/1.0" 200 386 "http://covidcinvestav.com" "Mozilla/5.0 (Windows; U; MSIE 9.0; Windows NT 9.0; en-US) AppEngine-Google; (+http://code.google.com/appengine; appid: s~virustotalcloud)"
165.22.42.229 - - [21/Oct/2020:19:10:37 -0500] "GET / HTTP/1.0" 200 386 "-" "Mozilla/5.0 (Windows NT 6.1; WOW64; Trident/7.0; SLCC2; .NET CLR 2.0.50727; .NET CLR 3.5.30729; .NET CLR 3.0.30729; .NET4.0C; .NET4.0E; rv 11.0) like Gecko"
42.236.10.93 - - [21/Oct/2020:19:11:30 -0500] "GET / HTTP/1.0" 200 386 "-" "Mozilla/5.0 (Linux; U; Android 8.1.0; zh-CN; EML-AL00 Build/HUAWEIEML-AL00) AppleWebKit/537.36 (KHTML, like Gecko) Version/4.0 Chrome/57.0.2987.108 baidu.sogo.uc.UCBrowser/11.9.4.974 UWS/2.13.1.48 Mobile Safari/537.36 AliApp(DingTalk/4.5.11) com.alibaba.android.rimet/10487439 Channel/227200 language/zh-CN"
42.236.10.93 - - [21/Oct/2020:19:11:31 -0500] "GET / HTTP/1.0" 200 386 "http://baidu.com/" "Mozilla/5.0 (Linux; U; Android 8.1.0; zh-CN; EML-AL00 Build/HUAWEIEML-AL00) AppleWebKit/537.36 (KHTML, like Gecko) Version/4.0 Chrome/57.0.2987.108 baidu.sogo.uc.UCBrowser/11.9.4.974 UWS/2.13.1.48 Mobile Safari/537.36 AliApp(DingTalk/4.5.11) com.alibaba.android.rimet/10487439 Channel/227200 language/zh-CN"
42.236.10.93 - - [21/Oct/2020:19:11:32 -0500] "GET /img/logo.png HTTP/1.0" 200 388 "https://covidcinvestav.com/" "Mozilla/5.0 (Linux; U; Android 8.1.0; zh-CN; EML-AL00 Build/HUAWEIEML-AL00) AppleWebKit/537.36 (KHTML, like Gecko) Version/4.0 Chrome/57.0.2987.108 baidu.sogo.uc.UCBrowser/11.9.4.974 UWS/2.13.1.48 Mobile Safari/537.36 AliApp(DingTalk/4.5.11) com.alibaba.android.rimet/10487439 Channel/227200 language/zh-CN"
42.236.10.93 - - [21/Oct/2020:19:11:32 -0500] "GET /css/style.css HTTP/1.0" 200 388 "https://covidcinvestav.com/" "Mozilla/5.0 (Linux; U; Android 8.1.0; zh-CN; EML-AL00 Build/HUAWEIEML-AL00) AppleWebKit/537.36 (KHTML, like Gecko) Version/4.0 Chrome/57.0.2987.108 baidu.sogo.uc.UCBrowser/11.9.4.974 UWS/2.13.1.48 Mobile Safari/537.36 AliApp(DingTalk/4.5.11) com.alibaba.android.rimet/10487439 Channel/227200 language/zh-CN"
74.82.47.194 - - [21/Oct/2020:19:11:45 -0500] "GET / HTTP/1.0" 200 386 "https://covidcinvestav.com/" "Mozilla/5.0 (compatible; MSIE 10.0; Windows NT 6.1; Trident/6.0)"
107.178.194.23 - - [21/Oct/2020:20:19:07 -0500] "GET / HTTP/1.0" 200 386 "http://covidcinvestav.com" "Mozilla/5.0 (Windows; U; MSIE 9.0; Windows NT 9.0; en-US) AppEngine-Google; (+http://code.google.com/appengine; appid: s~virustotalcloud)"
157.230.210.133 - - [21/Oct/2020:21:00:24 -0500] "GET / HTTP/1.0" 200 386 "-" "Mozilla/5.0 (Windows NT 10.0; Win64; x64) AppleWebKit/537.36 (KHTML, like Gecko) Chrome/84.0.4147.89 Safari/537.36"
179.43.171.74 - - [21/Oct/2020:21:28:07 -0500] "GET / HTTP/1.0" 200 386 "-" "Mozilla/5.0 (X11; Linux x86_64) AppleWebKit/537.36 (KHTML, like Gecko) Ubuntu Chromium/80.0.3987.163 Chrome/80.0.3987.163 Safari/537.36"
198.251.89.29 - - [21/Oct/2020:21:44:53 -0500] "GET / HTTP/1.0" 200 386 "https://covidcinvestav.com/" "Mozilla/5.0 (compatible; MSIE 10.0; Windows NT 6.1; Trident/6.0)"
107.178.194.21 - - [21/Oct/2020:22:19:40 -0500] "GET / HTTP/1.0" 200 386 "http://covidcinvestav.com" "Mozilla/5.0 (Windows; U; MSIE 9.0; Windows NT 9.0; en-US) AppEngine-Google; (+http://code.google.com/appengine; appid: s~virustotalcloud)"
104.192.108.9 - - [21/Oct/2020:23:04:05 -0500] "GET / HTTP/1.0" 200 386 "-" "Mozilla/5.0 (iPhone; CPU iPhone OS 11_0 like Mac OS X) AppleWebKit/604.1.38 (KHTML, like Gecko) Version/11.0 Mobile/15A372 Safari/604.1"
104.192.108.9 - - [21/Oct/2020:23:04:05 -0500] "GET /img/logo.png HTTP/1.0" 200 388 "https://covidcinvestav.com/" "Mozilla/5.0 (iPhone; CPU iPhone OS 11_0 like Mac OS X) AppleWebKit/604.1.38 (KHTML, like Gecko) Version/11.0 Mobile/15A372 Safari/604.1"
104.192.108.9 - - [21/Oct/2020:23:04:05 -0500] "GET /css/style.css HTTP/1.0" 200 388 "https://covidcinvestav.com/" "Mozilla/5.0 (iPhone; CPU iPhone OS 11_0 like Mac OS X) AppleWebKit/604.1.38 (KHTML, like Gecko) Version/11.0 Mobile/15A372 Safari/604.1"
198.251.89.99 - - [21/Oct/2020:23:33:28 -0500] "GET / HTTP/1.0" 200 386 "https://covidcinvestav.com/" "Mozilla/5.0 (compatible; MSIE 10.0; Windows NT 6.1; Trident/6.0)"
107.178.194.23 - - [22/Oct/2020:00:20:39 -0500] "GET / HTTP/1.0" 200 386 "http://covidcinvestav.com" "Mozilla/5.0 (Windows; U; MSIE 9.0; Windows NT 9.0; en-US) AppEngine-Google; (+http://code.google.com/appengine; appid: s~virustotalcloud)"
159.65.150.234 - - [22/Oct/2020:01:19:05 -0500] "GET / HTTP/1.0" 200 386 "-" "Mozilla/5.0 (Windows NT 10.0; Win64; x64) AppleWebKit/537.36 (KHTML, like Gecko) Chrome/84.0.4147.89 Safari/537.36"
107.178.194.22 - - [22/Oct/2020:02:19:06 -0500] "GET / HTTP/1.0" 200 386 "http://covidcinvestav.com" "Mozilla/5.0 (Windows; U; MSIE 9.0; Windows NT 9.0; en-US) AppEngine-Google; (+http://code.google.com/appengine; appid: s~virustotalcloud)"
51.81.33.249 - - [22/Oct/2020:03:16:46 -0500] "GET / HTTP/1.0" 200 386 "https://covidcinvestav.com/" "Mozilla/5.0 (compatible; MSIE 10.0; Windows NT 6.1; Trident/6.0)"
209.222.101.251 - - [21/Oct/2020:04:16:38 -0500] "GET / HTTP/1.1" 200 5670 "https://covidcinvestav.com/" "Mozilla/5.0 (compatible; MSIE 10.0; Windows NT 6.1; Trident/6.0)"
107.178.194.22 - - [21/Oct/2020:04:20:31 -0500] "GET / HTTP/1.1" 200 5670 "http://covidcinvestav.com" "Mozilla/5.0 (Windows; U; MSIE 9.0; Windows NT 9.0; en-US) AppEngine-Google; (+http://code.google.com/appengine; appid: s~virustotalcloud)"
138.68.84.122 - - [21/Oct/2020:04:46:17 -0500] "GET / HTTP/1.1" 200 5670 "-" "Mozilla/5.0 (Windows NT 10.0; Win64; x64) AppleWebKit/537.36 (KHTML, like Gecko) Chrome/84.0.4147.89 Safari/537.36"
74.82.47.194 - - [21/Oct/2020:05:33:49 -0500] "GET / HTTP/1.1" 200 5670 "https://covidcinvestav.com/" "Mozilla/5.0 (compatible; MSIE 10.0; Windows NT 6.1; Trident/6.0)"
107.178.194.23 - - [21/Oct/2020:06:22:54 -0500] "GET / HTTP/1.1" 200 5670 "http://covidcinvestav.com" "Mozilla/5.0 (Windows; U; MSIE 9.0; Windows NT 9.0; en-US) AppEngine-Google; (+http://code.google.com/appengine; appid: s~virustotalcloud)"
107.178.194.21 - - [21/Oct/2020:08:19:45 -0500] "GET / HTTP/1.1" 200 5670 "http://covidcinvestav.com" "Mozilla/5.0 (Windows; U; MSIE 9.0; Windows NT 9.0; en-US) AppEngine-Google; (+http://code.google.com/appengine; appid: s~virustotalcloud)"
124.213.172.194 - - [21/Oct/2020:09:35:11 -0500] "GET / HTTP/2.0" 200 5670 "-" "Mozilla/5.0 (Windows NT 6.1; Trident/7.0; rv:11.0) like Gecko"
124.213.172.194 - - [21/Oct/2020:09:35:11 -0500] "GET /css/style.css HTTP/2.0" 200 7492 "https://covidcinvestav.com/" "Mozilla/5.0 (Windows NT 6.1; Trident/7.0; rv:11.0) like Gecko"
124.213.172.194 - - [21/Oct/2020:09:35:12 -0500] "GET /img/logo.png HTTP/2.0" 200 18187 "https://covidcinvestav.com/" "Mozilla/5.0 (Windows NT 6.1; Trident/7.0; rv:11.0) like Gecko"
179.43.171.74 - - [21/Oct/2020:09:40:45 -0500] "GET / HTTP/2.0" 200 5670 "-" "Mozilla/5.0 (X11; Linux x86_64) AppleWebKit/537.36 (KHTML, like Gecko) Ubuntu Chromium/80.0.3987.163 Chrome/80.0.3987.163 Safari/537.36"
107.178.194.21 - - [21/Oct/2020:10:21:57 -0500] "GET / HTTP/1.1" 200 5670 "http://covidcinvestav.com" "Mozilla/5.0 (Windows; U; MSIE 9.0; Windows NT 9.0; en-US) AppEngine-Google; (+http://code.google.com/appengine; appid: s~virustotalcloud)"
162.247.74.201 - - [21/Oct/2020:10:50:43 -0500] "GET / HTTP/1.1" 200 5670 "https://covidcinvestav.com/" "Mozilla/5.0 (compatible; MSIE 10.0; Windows NT 6.1; Trident/6.0)"
128.199.221.172 - - [21/Oct/2020:12:05:06 -0500] "GET / HTTP/1.1" 200 5670 "-" "Mozilla/5.0 (Windows NT 10.0; Win64; x64) AppleWebKit/537.36 (KHTML, like Gecko) Chrome/84.0.4147.89 Safari/537.36"
205.169.39.152 - - [21/Oct/2020:13:49:52 -0500] "GET / HTTP/1.1" 200 5670 "-" "Mozilla/5.0 (Windows NT 6.1; Win64; x64) AppleWebKit/537.36 (KHTML, like Gecko) Chrome/83.0.4103.61 Safari/537.36"
205.169.39.152 - - [21/Oct/2020:13:49:55 -0500] "GET / HTTP/2.0" 200 5670 "-" "Mozilla/5.0 (Windows NT 10.0; Win64; x64) AppleWebKit/537.36 (KHTML, like Gecko) Chrome/79.0.3945.79 Safari/537.36"
205.169.39.152 - - [21/Oct/2020:13:49:55 -0500] "GET /img/logo.png HTTP/2.0" 200 18187 "https://covidcinvestav.com/" "Mozilla/5.0 (Windows NT 10.0; Win64; x64) AppleWebKit/537.36 (KHTML, like Gecko) Chrome/79.0.3945.79 Safari/537.36"
205.169.39.152 - - [21/Oct/2020:13:49:55 -0500] "GET /css/style.css HTTP/2.0" 200 7492 "https://covidcinvestav.com/" "Mozilla/5.0 (Windows NT 10.0; Win64; x64) AppleWebKit/537.36 (KHTML, like Gecko) Chrome/79.0.3945.79 Safari/537.36"
138.68.84.122 - - [21/Oct/2020:14:16:20 -0500] "GET / HTTP/1.1" 200 5670 "-" "Mozilla/5.0 (Windows NT 10.0; Win64; x64) AppleWebKit/537.36 (KHTML, like Gecko) Chrome/84.0.4147.89 Safari/537.36"
107.178.194.23 - - [21/Oct/2020:14:19:55 -0500] "GET / HTTP/1.1" 200 5670 "http://covidcinvestav.com" "Mozilla/5.0 (Windows; U; MSIE 9.0; Windows NT 9.0; en-US) AppEngine-Google; (+http://code.google.com/appengine; appid: s~virustotalcloud)"
74.82.47.194 - - [21/Oct/2020:15:03:14 -0500] "GET / HTTP/1.1" 200 5670 "https://covidcinvestav.com/" "Mozilla/5.0 (compatible; MSIE 10.0; Windows NT 6.1; Trident/6.0)"
104.248.166.43 - - [21/Oct/2020:15:19:04 -0500] "GET / HTTP/1.1" 200 5670 "-" "Mozilla/5.0 (Windows NT 10.0; Win64; x64) AppleWebKit/537.36 (KHTML, like Gecko) Chrome/84.0.4147.89 Safari/537.36"
107.178.194.21 - - [21/Oct/2020:16:20:10 -0500] "GET / HTTP/1.1" 200 5670 "http://covidcinvestav.com" "Mozilla/5.0 (Windows; U; MSIE 9.0; Windows NT 9.0; en-US) AppEngine-Google; (+http://code.google.com/appengine; appid: s~virustotalcloud)"
74.82.47.194 - - [21/Oct/2020:16:51:30 -0500] "GET / HTTP/1.1" 200 5670 "https://covidcinvestav.com/" "Mozilla/5.0 (compatible; MSIE 10.0; Windows NT 6.1; Trident/6.0)"
34.72.184.75 - - [21/Oct/2020:17:47:41 -0500] "GET / HTTP/1.1" 200 5670 "-" "Mozilla/5.0 (X11; Linux x86_64) AppleWebKit/537.36 (KHTML, like Gecko) Chrome/59.0.3071.104 Safari/537.36"
34.72.184.75 - - [21/Oct/2020:17:47:43 -0500] "GET / HTTP/1.1" 200 5670 "-" "Mozilla/5.0 (X11; Linux x86_64) AppleWebKit/537.36 (KHTML, like Gecko) Chrome/70.0.3538.67 Safari/537.36"
34.72.184.75 - - [21/Oct/2020:17:47:43 -0500] "GET /css/style.css HTTP/1.1" 200 7492 "https://covidcinvestav.com/" "Mozilla/5.0 (X11; Linux x86_64) AppleWebKit/537.36 (KHTML, like Gecko) Chrome/70.0.3538.67 Safari/537.36"
34.72.184.75 - - [21/Oct/2020:17:47:43 -0500] "GET /img/logo.png HTTP/1.1" 200 18187 "https://covidcinvestav.com/" "Mozilla/5.0 (X11; Linux x86_64) AppleWebKit/537.36 (KHTML, like Gecko) Chrome/70.0.3538.67 Safari/537.36"
128.199.221.172 - - [21/Oct/2020:17:48:48 -0500] "GET / HTTP/1.1" 200 5670 "-" "Mozilla/5.0 (Windows NT 10.0; Win64; x64) AppleWebKit/537.36 (KHTML, like Gecko) Chrome/84.0.4147.89 Safari/537.36"
180.163.220.68 - - [21/Oct/2020:17:52:00 -0500] "GET / HTTP/2.0" 200 5670 "http://baidu.com/" "Mozilla/5.0 (Linux; U; Android 8.1.0; zh-CN; EML-AL00 Build/HUAWEIEML-AL00) AppleWebKit/537.36 (KHTML, like Gecko) Version/4.0 Chrome/57.0.2987.108 baidu.sogo.uc.UCBrowser/11.9.4.974 UWS/2.13.1.48 Mobile Safari/537.36 AliApp(DingTalk/4.5.11) com.alibaba.android.rimet/10487439 Channel/227200 language/zh-CN"
180.163.220.68 - - [21/Oct/2020:17:52:06 -0500] "GET /img/logo.png HTTP/2.0" 200 18187 "https://www.covidcinvestav.com/" "Mozilla/5.0 (Linux; U; Android 8.1.0; zh-CN; EML-AL00 Build/HUAWEIEML-AL00) AppleWebKit/537.36 (KHTML, like Gecko) Version/4.0 Chrome/57.0.2987.108 baidu.sogo.uc.UCBrowser/11.9.4.974 UWS/2.13.1.48 Mobile Safari/537.36 AliApp(DingTalk/4.5.11) com.alibaba.android.rimet/10487439 Channel/227200 language/zh-CN"
180.163.220.68 - - [21/Oct/2020:17:52:06 -0500] "GET /css/style.css HTTP/2.0" 200 7492 "https://www.covidcinvestav.com/" "Mozilla/5.0 (Linux; U; Android 8.1.0; zh-CN; EML-AL00 Build/HUAWEIEML-AL00) AppleWebKit/537.36 (KHTML, like Gecko) Version/4.0 Chrome/57.0.2987.108 baidu.sogo.uc.UCBrowser/11.9.4.974 UWS/2.13.1.48 Mobile Safari/537.36 AliApp(DingTalk/4.5.11) com.alibaba.android.rimet/10487439 Channel/227200 language/zh-CN"
180.163.220.68 - - [21/Oct/2020:17:52:18 -0500] "GET / HTTP/2.0" 200 5670 "http://baidu.com/" "Mozilla/5.0 (Linux; U; Android 8.1.0; zh-CN; EML-AL00 Build/HUAWEIEML-AL00) AppleWebKit/537.36 (KHTML, like Gecko) Version/4.0 Chrome/57.0.2987.108 baidu.sogo.uc.UCBrowser/11.9.4.974 UWS/2.13.1.48 Mobile Safari/537.36 AliApp(DingTalk/4.5.11) com.alibaba.android.rimet/10487439 Channel/227200 language/zh-CN"
180.163.220.68 - - [21/Oct/2020:17:52:19 -0500] "GET /css/style.css HTTP/2.0" 200 7492 "https://covidcinvestav.com/" "Mozilla/5.0 (Linux; U; Android 8.1.0; zh-CN; EML-AL00 Build/HUAWEIEML-AL00) AppleWebKit/537.36 (KHTML, like Gecko) Version/4.0 Chrome/57.0.2987.108 baidu.sogo.uc.UCBrowser/11.9.4.974 UWS/2.13.1.48 Mobile Safari/537.36 AliApp(DingTalk/4.5.11) com.alibaba.android.rimet/10487439 Channel/227200 language/zh-CN"
180.163.220.68 - - [21/Oct/2020:17:52:19 -0500] "GET /img/logo.png HTTP/2.0" 200 18187 "https://covidcinvestav.com/" "Mozilla/5.0 (Linux; U; Android 8.1.0; zh-CN; EML-AL00 Build/HUAWEIEML-AL00) AppleWebKit/537.36 (KHTML, like Gecko) Version/4.0 Chrome/57.0.2987.108 baidu.sogo.uc.UCBrowser/11.9.4.974 UWS/2.13.1.48 Mobile Safari/537.36 AliApp(DingTalk/4.5.11) com.alibaba.android.rimet/10487439 Channel/227200 language/zh-CN"
42.236.10.125 - - [21/Oct/2020:17:54:25 -0500] "GET / HTTP/2.0" 200 5670 "-" "Mozilla/5.0 (Linux; U; Android 8.1.0; zh-CN; EML-AL00 Build/HUAWEIEML-AL00) AppleWebKit/537.36 (KHTML, like Gecko) Version/4.0 Chrome/57.0.2987.108 baidu.sogo.uc.UCBrowser/11.9.4.974 UWS/2.13.1.48 Mobile Safari/537.36 AliApp(DingTalk/4.5.11) com.alibaba.android.rimet/10487439 Channel/227200 language/zh-CN"
42.236.10.125 - - [21/Oct/2020:17:54:28 -0500] "GET /img/logo.png HTTP/2.0" 200 18187 "https://www.covidcinvestav.com/" "Mozilla/5.0 (X11; Linux x86_64) AppleWebKit/537.36 (KHTML, like Gecko) HeadlessChrome/68.0.3427.1 Safari/537.36"
42.236.10.125 - - [21/Oct/2020:17:54:28 -0500] "GET /css/style.css HTTP/2.0" 200 7492 "https://www.covidcinvestav.com/" "Mozilla/5.0 (X11; Linux x86_64) AppleWebKit/537.36 (KHTML, like Gecko) HeadlessChrome/68.0.3427.1 Safari/537.36"
42.236.10.125 - - [21/Oct/2020:17:54:30 -0500] "GET / HTTP/2.0" 200 5670 "http://baidu.com/" "Mozilla/5.0 (Linux; U; Android 8.1.0; zh-CN; EML-AL00 Build/HUAWEIEML-AL00) AppleWebKit/537.36 (KHTML, like Gecko) Version/4.0 Chrome/57.0.2987.108 baidu.sogo.uc.UCBrowser/11.9.4.974 UWS/2.13.1.48 Mobile Safari/537.36 AliApp(DingTalk/4.5.11) com.alibaba.android.rimet/10487439 Channel/227200 language/zh-CN"
42.236.10.125 - - [21/Oct/2020:17:54:31 -0500] "GET /css/style.css HTTP/2.0" 200 7492 "https://www.covidcinvestav.com/" "Mozilla/5.0 (Linux; U; Android 8.1.0; zh-CN; EML-AL00 Build/HUAWEIEML-AL00) AppleWebKit/537.36 (KHTML, like Gecko) Version/4.0 Chrome/57.0.2987.108 baidu.sogo.uc.UCBrowser/11.9.4.974 UWS/2.13.1.48 Mobile Safari/537.36 AliApp(DingTalk/4.5.11) com.alibaba.android.rimet/10487439 Channel/227200 language/zh-CN"
42.236.10.125 - - [21/Oct/2020:17:54:31 -0500] "GET /img/logo.png HTTP/2.0" 200 18187 "https://www.covidcinvestav.com/" "Mozilla/5.0 (Linux; U; Android 8.1.0; zh-CN; EML-AL00 Build/HUAWEIEML-AL00) AppleWebKit/537.36 (KHTML, like Gecko) Version/4.0 Chrome/57.0.2987.108 baidu.sogo.uc.UCBrowser/11.9.4.974 UWS/2.13.1.48 Mobile Safari/537.36 AliApp(DingTalk/4.5.11) com.alibaba.android.rimet/10487439 Channel/227200 language/zh-CN"
107.178.194.22 - - [21/Oct/2020:18:20:57 -0500] "GET / HTTP/1.1" 200 5670 "http://covidcinvestav.com" "Mozilla/5.0 (Windows; U; MSIE 9.0; Windows NT 9.0; en-US) AppEngine-Google; (+http://code.google.com/appengine; appid: s~virustotalcloud)"
165.22.42.229 - - [21/Oct/2020:19:10:37 -0500] "GET / HTTP/1.0" 200 5670 "-" "Mozilla/5.0 (Windows NT 6.1; WOW64; Trident/7.0; SLCC2; .NET CLR 2.0.50727; .NET CLR 3.5.30729; .NET CLR 3.0.30729; .NET4.0C; .NET4.0E; rv 11.0) like Gecko"
42.236.10.93 - - [21/Oct/2020:19:11:30 -0500] "GET / HTTP/2.0" 200 5670 "-" "Mozilla/5.0 (Linux; U; Android 8.1.0; zh-CN; EML-AL00 Build/HUAWEIEML-AL00) AppleWebKit/537.36 (KHTML, like Gecko) Version/4.0 Chrome/57.0.2987.108 baidu.sogo.uc.UCBrowser/11.9.4.974 UWS/2.13.1.48 Mobile Safari/537.36 AliApp(DingTalk/4.5.11) com.alibaba.android.rimet/10487439 Channel/227200 language/zh-CN"
42.236.10.93 - - [21/Oct/2020:19:11:31 -0500] "GET / HTTP/2.0" 200 5670 "http://baidu.com/" "Mozilla/5.0 (Linux; U; Android 8.1.0; zh-CN; EML-AL00 Build/HUAWEIEML-AL00) AppleWebKit/537.36 (KHTML, like Gecko) Version/4.0 Chrome/57.0.2987.108 baidu.sogo.uc.UCBrowser/11.9.4.974 UWS/2.13.1.48 Mobile Safari/537.36 AliApp(DingTalk/4.5.11) com.alibaba.android.rimet/10487439 Channel/227200 language/zh-CN"
42.236.10.93 - - [21/Oct/2020:19:11:32 -0500] "GET /css/style.css HTTP/2.0" 200 7492 "https://covidcinvestav.com/" "Mozilla/5.0 (Linux; U; Android 8.1.0; zh-CN; EML-AL00 Build/HUAWEIEML-AL00) AppleWebKit/537.36 (KHTML, like Gecko) Version/4.0 Chrome/57.0.2987.108 baidu.sogo.uc.UCBrowser/11.9.4.974 UWS/2.13.1.48 Mobile Safari/537.36 AliApp(DingTalk/4.5.11) com.alibaba.android.rimet/10487439 Channel/227200 language/zh-CN"
