40.76.87.250 - - [18/Oct/2020:04:34:21 -0500] "GET //wp1/wp-includes/wlwmanifest.xml HTTP/1.0" 404 1463 "-" "Mozilla/5.0 (Windows NT 10.0; Win64; x64) AppleWebKit/537.36 (KHTML, like Gecko) Chrome/78.0.3904.108 Safari/537.36"
40.76.87.250 - - [18/Oct/2020:04:34:21 -0500] "GET //test/wp-includes/wlwmanifest.xml HTTP/1.0" 404 1463 "-" "Mozilla/5.0 (Windows NT 10.0; Win64; x64) AppleWebKit/537.36 (KHTML, like Gecko) Chrome/78.0.3904.108 Safari/537.36"
40.76.87.250 - - [18/Oct/2020:04:34:21 -0500] "GET //media/wp-includes/wlwmanifest.xml HTTP/1.0" 404 1463 "-" "Mozilla/5.0 (Windows NT 10.0; Win64; x64) AppleWebKit/537.36 (KHTML, like Gecko) Chrome/78.0.3904.108 Safari/537.36"
40.76.87.250 - - [18/Oct/2020:04:34:21 -0500] "GET //wp2/wp-includes/wlwmanifest.xml HTTP/1.0" 404 1463 "-" "Mozilla/5.0 (Windows NT 10.0; Win64; x64) AppleWebKit/537.36 (KHTML, like Gecko) Chrome/78.0.3904.108 Safari/537.36"
40.76.87.250 - - [18/Oct/2020:04:34:21 -0500] "GET //site/wp-includes/wlwmanifest.xml HTTP/1.0" 404 1463 "-" "Mozilla/5.0 (Windows NT 10.0; Win64; x64) AppleWebKit/537.36 (KHTML, like Gecko) Chrome/78.0.3904.108 Safari/537.36"
40.76.87.250 - - [18/Oct/2020:04:34:21 -0500] "GET //cms/wp-includes/wlwmanifest.xml HTTP/1.0" 404 1463 "-" "Mozilla/5.0 (Windows NT 10.0; Win64; x64) AppleWebKit/537.36 (KHTML, like Gecko) Chrome/78.0.3904.108 Safari/537.36"
40.76.87.250 - - [18/Oct/2020:04:34:21 -0500] "GET //sito/wp-includes/wlwmanifest.xml HTTP/1.0" 404 1463 "-" "Mozilla/5.0 (Windows NT 10.0; Win64; x64) AppleWebKit/537.36 (KHTML, like Gecko) Chrome/78.0.3904.108 Safari/537.36"
52.142.195.166 - - [18/Oct/2020:04:39:50 -0500] "GET //wp-includes/wlwmanifest.xml HTTP/1.0" 404 1463 "-" "Mozilla/5.0 (Windows NT 10.0; Win64; x64) AppleWebKit/537.36 (KHTML, like Gecko) Chrome/63.0.3239.132 Safari/537.36"
52.142.195.166 - - [18/Oct/2020:04:39:50 -0500] "GET //xmlrpc.php?rsd HTTP/1.0" 404 360 "-" "Mozilla/5.0 (Windows NT 10.0; Win64; x64) AppleWebKit/537.36 (KHTML, like Gecko) Chrome/63.0.3239.132 Safari/537.36"
52.142.195.166 - - [18/Oct/2020:04:39:50 -0500] "GET / HTTP/1.0" 200 386 "-" "Mozilla/5.0 (Windows NT 10.0; Win64; x64) AppleWebKit/537.36 (KHTML, like Gecko) Chrome/63.0.3239.132 Safari/537.36"
52.142.195.166 - - [18/Oct/2020:04:39:51 -0500] "GET //blog/wp-includes/wlwmanifest.xml HTTP/1.0" 404 1463 "-" "Mozilla/5.0 (Windows NT 10.0; Win64; x64) AppleWebKit/537.36 (KHTML, like Gecko) Chrome/63.0.3239.132 Safari/537.36"
52.142.195.166 - - [18/Oct/2020:04:39:51 -0500] "GET //wordpress/wp-includes/wlwmanifest.xml HTTP/1.0" 404 1463 "-" "Mozilla/5.0 (Windows NT 10.0; Win64; x64) AppleWebKit/537.36 (KHTML, like Gecko) Chrome/63.0.3239.132 Safari/537.36"
52.142.195.166 - - [18/Oct/2020:04:39:51 -0500] "GET //wp/wp-includes/wlwmanifest.xml HTTP/1.0" 404 1463 "-" "Mozilla/5.0 (Windows NT 10.0; Win64; x64) AppleWebKit/537.36 (KHTML, like Gecko) Chrome/63.0.3239.132 Safari/537.36"
52.142.195.166 - - [18/Oct/2020:04:39:51 -0500] "GET //site/wp-includes/wlwmanifest.xml HTTP/1.0" 404 1463 "-" "Mozilla/5.0 (Windows NT 10.0; Win64; x64) AppleWebKit/537.36 (KHTML, like Gecko) Chrome/63.0.3239.132 Safari/537.36"
52.142.195.166 - - [18/Oct/2020:04:39:51 -0500] "GET //cms/wp-includes/wlwmanifest.xml HTTP/1.0" 404 1463 "-" "Mozilla/5.0 (Windows NT 10.0; Win64; x64) AppleWebKit/537.36 (KHTML, like Gecko) Chrome/63.0.3239.132 Safari/537.36"
148.251.45.170 - - [18/Oct/2020:04:40:01 -0500] "GET / HTTP/1.0" 200 386 "https://www.google.com/" "Mozilla/4.0 (compatible; MSIE 6.0; Windows NT 5.1; SV1)"
35.161.55.221 - - [18/Oct/2020:04:51:06 -0500] "GET / HTTP/1.0" 200 386 "-" "python-requests/2.22.0"
45.153.240.103 - - [18/Oct/2020:04:51:22 -0500] "GET //wp-includes/wlwmanifest.xml HTTP/1.0" 404 1463 "-" "Mozilla/5.0 (Windows NT 10.0; Win64; x64) AppleWebKit/537.36 (KHTML, like Gecko) Chrome/63.0.3239.132 Safari/537.36"
45.153.240.103 - - [18/Oct/2020:04:51:22 -0500] "GET //xmlrpc.php?rsd HTTP/1.0" 404 360 "-" "Mozilla/5.0 (Windows NT 10.0; Win64; x64) AppleWebKit/537.36 (KHTML, like Gecko) Chrome/63.0.3239.132 Safari/537.36"
45.153.240.103 - - [18/Oct/2020:04:51:22 -0500] "GET / HTTP/1.0" 200 386 "-" "Mozilla/5.0 (Windows NT 10.0; Win64; x64) AppleWebKit/537.36 (KHTML, like Gecko) Chrome/63.0.3239.132 Safari/537.36"
45.153.240.103 - - [18/Oct/2020:04:51:22 -0500] "GET //blog/wp-includes/wlwmanifest.xml HTTP/1.0" 404 1463 "-" "Mozilla/5.0 (Windows NT 10.0; Win64; x64) AppleWebKit/537.36 (KHTML, like Gecko) Chrome/63.0.3239.132 Safari/537.36"
45.153.240.103 - - [18/Oct/2020:04:51:22 -0500] "GET //wordpress/wp-includes/wlwmanifest.xml HTTP/1.0" 404 1463 "-" "Mozilla/5.0 (Windows NT 10.0; Win64; x64) AppleWebKit/537.36 (KHTML, like Gecko) Chrome/63.0.3239.132 Safari/537.36"
45.153.240.103 - - [18/Oct/2020:04:51:23 -0500] "GET //wp/wp-includes/wlwmanifest.xml HTTP/1.0" 404 1463 "-" "Mozilla/5.0 (Windows NT 10.0; Win64; x64) AppleWebKit/537.36 (KHTML, like Gecko) Chrome/63.0.3239.132 Safari/537.36"
45.153.240.103 - - [18/Oct/2020:04:51:23 -0500] "GET //site/wp-includes/wlwmanifest.xml HTTP/1.0" 404 1463 "-" "Mozilla/5.0 (Windows NT 10.0; Win64; x64) AppleWebKit/537.36 (KHTML, like Gecko) Chrome/63.0.3239.132 Safari/537.36"
45.153.240.103 - - [18/Oct/2020:04:51:23 -0500] "GET //cms/wp-includes/wlwmanifest.xml HTTP/1.0" 404 1463 "-" "Mozilla/5.0 (Windows NT 10.0; Win64; x64) AppleWebKit/537.36 (KHTML, like Gecko) Chrome/63.0.3239.132 Safari/537.36"
161.69.99.11 - - [18/Oct/2020:05:12:54 -0500] "GET / HTTP/1.0" 200 386 "http://69.64.67.108" "Go-http-client/1.1"
161.69.99.11 - - [18/Oct/2020:05:16:55 -0500] "GET / HTTP/1.0" 200 386 "http://69.64.67.108" "Go-http-client/1.1"
148.251.45.170 - - [18/Oct/2020:05:26:02 -0500] "GET / HTTP/1.0" 200 386 "https://www.google.com/" "Mozilla/5.0 (Windows NT 10.0; WOW64) AppleWebKit/537.36 (KHTML, like Gecko) Chrome/72.0.3626.121 Safari/537.36"
81.95.5.39 - - [18/Oct/2020:05:32:45 -0500] "GET / HTTP/1.0" 200 386 "-" "Mozilla/5.0 (Windows NT 10.0; Win64; x64) AppleWebKit/537.36 (KHTML, like Gecko) Chrome/84.0.4147.89 Safari/537.36"
83.43.61.41 - - [18/Oct/2020:05:59:06 -0500] "GET / HTTP/1.0" 200 386 "-" "Mozilla/5.0 (Linux; Android 9.0; MI 8 SE) AppleWebKit/537.36 (KHTML, like Gecko) Chrome/80.0.3987.119 Mobile Safari/537.36"
148.251.45.170 - - [18/Oct/2020:06:14:03 -0500] "GET / HTTP/1.0" 200 386 "https://www.google.com/" "Mozilla/5.0 CK={} (Windows NT 6.1; WOW64; Trident/7.0; rv:11.0) like Gecko"
209.99.144.156 - - [18/Oct/2020:06:31:59 -0500] "GET / HTTP/1.0" 200 386 "-" "Mozilla/5.0 (Windows NT 10.0; Win64; x64) AppleWebKit/537.36 (KHTML, like Gecko) Chrome/79.0.3945.130 Safari/537.36"
209.99.144.156 - - [18/Oct/2020:06:32:06 -0500] "GET /css/style.css HTTP/1.0" 200 388 "https://covidcinvestav.com/" "Mozilla/5.0 (Windows NT 10.0; Win64; x64) AppleWebKit/537.36 (KHTML, like Gecko) Chrome/79.0.3945.130 Safari/537.36"
209.99.144.156 - - [18/Oct/2020:06:32:07 -0500] "GET /img/blog.png HTTP/1.0" 200 388 "https://covidcinvestav.com/css/style.css" "Mozilla/5.0 (Windows NT 10.0; Win64; x64) AppleWebKit/537.36 (KHTML, like Gecko) Chrome/79.0.3945.130 Safari/537.36"
209.99.144.156 - - [18/Oct/2020:06:32:08 -0500] "GET /img/forum.png HTTP/1.0" 200 389 "https://covidcinvestav.com/css/style.css" "Mozilla/5.0 (Windows NT 10.0; Win64; x64) AppleWebKit/537.36 (KHTML, like Gecko) Chrome/79.0.3945.130 Safari/537.36"
209.99.144.156 - - [18/Oct/2020:06:32:08 -0500] "GET /img/knowledge-base.png HTTP/1.0" 200 398 "https://covidcinvestav.com/css/style.css" "Mozilla/5.0 (Windows NT 10.0; Win64; x64) AppleWebKit/537.36 (KHTML, like Gecko) Chrome/79.0.3945.130 Safari/537.36"
209.99.144.156 - - [18/Oct/2020:06:32:08 -0500] "GET /img/facebook.png HTTP/1.0" 200 392 "https://covidcinvestav.com/css/style.css" "Mozilla/5.0 (Windows NT 10.0; Win64; x64) AppleWebKit/537.36 (KHTML, like Gecko) Chrome/79.0.3945.130 Safari/537.36"
209.99.144.156 - - [18/Oct/2020:06:32:09 -0500] "GET /img/twitter.png HTTP/1.0" 200 391 "https://covidcinvestav.com/css/style.css" "Mozilla/5.0 (Windows NT 10.0; Win64; x64) AppleWebKit/537.36 (KHTML, like Gecko) Chrome/79.0.3945.130 Safari/537.36"
209.99.144.156 - - [18/Oct/2020:06:32:09 -0500] "GET /img/google-plus.png HTTP/1.0" 200 395 "https://covidcinvestav.com/css/style.css" "Mozilla/5.0 (Windows NT 10.0; Win64; x64) AppleWebKit/537.36 (KHTML, like Gecko) Chrome/79.0.3945.130 Safari/537.36"
209.99.144.156 - - [18/Oct/2020:06:32:09 -0500] "GET /img/fastcgi.png HTTP/1.0" 200 391 "https://covidcinvestav.com/css/style.css" "Mozilla/5.0 (Windows NT 10.0; Win64; x64) AppleWebKit/537.36 (KHTML, like Gecko) Chrome/79.0.3945.130 Safari/537.36"
209.99.144.156 - - [18/Oct/2020:06:32:10 -0500] "GET /img/python.png HTTP/1.0" 200 390 "https://covidcinvestav.com/css/style.css" "Mozilla/5.0 (Windows NT 10.0; Win64; x64) AppleWebKit/537.36 (KHTML, like Gecko) Chrome/79.0.3945.130 Safari/537.36"
209.99.144.156 - - [18/Oct/2020:06:32:10 -0500] "GET /img/php.png HTTP/1.0" 200 387 "https://covidcinvestav.com/css/style.css" "Mozilla/5.0 (Windows NT 10.0; Win64; x64) AppleWebKit/537.36 (KHTML, like Gecko) Chrome/79.0.3945.130 Safari/537.36"
209.99.144.156 - - [18/Oct/2020:06:32:10 -0500] "GET /img/perl.png HTTP/1.0" 200 388 "https://covidcinvestav.com/css/style.css" "Mozilla/5.0 (Windows NT 10.0; Win64; x64) AppleWebKit/537.36 (KHTML, like Gecko) Chrome/79.0.3945.130 Safari/537.36"
209.99.144.156 - - [18/Oct/2020:06:32:11 -0500] "GET /img/ssi.png HTTP/1.0" 200 387 "https://covidcinvestav.com/css/style.css" "Mozilla/5.0 (Windows NT 10.0; Win64; x64) AppleWebKit/537.36 (KHTML, like Gecko) Chrome/79.0.3945.130 Safari/537.36"
209.99.144.156 - - [18/Oct/2020:06:32:11 -0500] "GET /img/globe.png HTTP/1.0" 200 389 "https://covidcinvestav.com/css/style.css" "Mozilla/5.0 (Windows NT 10.0; Win64; x64) AppleWebKit/537.36 (KHTML, like Gecko) Chrome/79.0.3945.130 Safari/537.36"
209.99.144.156 - - [18/Oct/2020:06:32:12 -0500] "GET /favicon.ico HTTP/1.0" 200 402 "https://covidcinvestav.com/" "Mozilla/5.0 (Windows NT 10.0; Win64; x64) AppleWebKit/537.36 (KHTML, like Gecko) Chrome/79.0.3945.130 Safari/537.36"
209.99.144.156 - - [18/Oct/2020:06:32:12 -0500] "GET /img/logo.png HTTP/1.0" 200 388 "https://covidcinvestav.com/" "Mozilla/5.0 (Windows NT 10.0; Win64; x64) AppleWebKit/537.36 (KHTML, like Gecko) Chrome/79.0.3945.130 Safari/537.36"
167.88.7.162 - - [18/Oct/2020:06:56:11 -0500] "GET / HTTP/1.0" 200 386 "-" "Mozilla/5.0 (Windows NT 10.0; Win64; x64) AppleWebKit/537.36 (KHTML, like Gecko) Chrome/84.0.4147.89 Safari/537.36"
109.69.66.101 - - [18/Oct/2020:07:17:20 -0500] "GET / HTTP/1.0" 200 386 "-" "webtech/1.2.8"
179.43.171.74 - - [18/Oct/2020:07:36:50 -0500] "GET / HTTP/1.0" 200 386 "-" "Mozilla/5.0 (X11; Linux x86_64) AppleWebKit/537.36 (KHTML, like Gecko) Ubuntu Chromium/80.0.3987.163 Chrome/80.0.3987.163 Safari/537.36"
54.221.27.173 - - [18/Oct/2020:07:37:32 -0500] "GET / HTTP/1.0" 200 386 "http://covidcinvestav.com" "Mozilla/5.0 (Macintosh; Intel Mac OS X 10_15_2) AppleWebKit/537.36 (KHTML, like Gecko) Chrome/80.0.3987.149 Safari/537.36"
167.99.172.253 - - [18/Oct/2020:08:13:52 -0500] "GET / HTTP/1.0" 200 386 "-" "Mozilla/5.0 (Windows NT 10.0; Win64; x64) AppleWebKit/537.36 (KHTML, like Gecko) Chrome/84.0.4147.89 Safari/537.36"
138.197.145.6 - - [18/Oct/2020:08:16:46 -0500] "HEAD / HTTP/1.0" 200 137 "-" "Mozilla/5.0 (Windows NT 6.1; WOW64) AppleWebKit/537.36 (KHTML, like Gecko) Chrome/41.0.2227.0 Safari/537.36"
159.203.62.5 - - [18/Oct/2020:08:16:46 -0500] "HEAD / HTTP/1.0" 200 137 "-" "Mozilla/5.0 (Windows NT 5.1) AppleWebKit/537.36 (KHTML, like Gecko) Chrome/41.0.2224.3 Safari/537.36"
134.122.44.127 - - [18/Oct/2020:08:16:47 -0500] "HEAD / HTTP/1.0" 200 137 "-" "Mozilla/5.0 (Windows NT 6.1) AppleWebKit/537.36 (KHTML, like Gecko) Chrome/41.0.2228.0 Safari/537.36"
165.22.231.183 - - [18/Oct/2020:08:16:47 -0500] "HEAD / HTTP/1.0" 200 137 "-" "Mozilla/5.0 (Windows NT 10.0) AppleWebKit/537.36 (KHTML, like Gecko) Chrome/40.0.2214.93 Safari/537.36"
107.178.194.22 - - [18/Oct/2020:08:19:50 -0500] "GET / HTTP/1.0" 200 386 "http://covidcinvestav.com" "Mozilla/5.0 (Windows; U; MSIE 9.0; Windows NT 9.0; en-US) AppEngine-Google; (+http://code.google.com/appengine; appid: s~virustotalcloud)"
51.195.91.150 - - [18/Oct/2020:08:41:08 -0500] "GET / HTTP/1.0" 200 386 "-" "Mozilla/5.0 (Windows NT 10.0; Win64; x64) AppleWebKit/537.36 (KHTML, like Gecko) Chrome/84.0.4147.105 Safari/537.36"
31.204.150.141 - - [18/Oct/2020:08:43:37 -0500] "GET / HTTP/1.0" 200 386 "-" "Mozilla/5.0 (Windows NT 10.0; Win64; x64) AppleWebKit/537.36 (KHTML, like Gecko) Chrome/84.0.4147.89 Safari/537.36"
3.17.210.127 - - [18/Oct/2020:08:59:40 -0500] "GET / HTTP/1.0" 200 386 "-" "Mozilla/5.0 (Macintosh; Intel Mac OS X 10_14_6) AppleWebKit/537.36 (KHTML, like Gecko) Chrome/77.0.3865.120 Safari/537.36"
91.205.187.186 - - [18/Oct/2020:09:01:14 -0500] "GET / HTTP/1.0" 200 386 "-" "Mozilla/5.0 (Windows NT 10.0; Win64; x64) AppleWebKit/537.36 (KHTML, like Gecko) Chrome/84.0.4147.89 Safari/537.36"
181.215.222.122 - - [18/Oct/2020:09:06:44 -0500] "GET / HTTP/1.0" 200 386 "-" "Mozilla/5.0 (iPhone; CPU iPhone OS 13_7 like Mac OS X) AppleWebKit/605.1.15 (KHTML, like Gecko) Version/13.1.2 Mobile/15E148 Safari/604.1"
38.145.78.167 - - [18/Oct/2020:09:06:45 -0500] "GET / HTTP/1.0" 200 386 "-" "Mozilla/5.0 (iPhone; CPU iPhone OS 13_7 like Mac OS X) AppleWebKit/605.1.15 (KHTML, like Gecko) Version/13.1.2 Mobile/15E148 Safari/604.1"
38.145.78.167 - - [18/Oct/2020:09:06:45 -0500] "GET /css/style.css HTTP/1.0" 200 388 "https://covidcinvestav.com/" "Mozilla/5.0 (iPhone; CPU iPhone OS 13_7 like Mac OS X) AppleWebKit/605.1.15 (KHTML, like Gecko) Version/13.1.2 Mobile/15E148 Safari/604.1"
181.215.222.122 - - [18/Oct/2020:09:06:45 -0500] "GET /css/style.css HTTP/1.0" 200 388 "https://covidcinvestav.com/" "Mozilla/5.0 (iPhone; CPU iPhone OS 13_7 like Mac OS X) AppleWebKit/605.1.15 (KHTML, like Gecko) Version/13.1.2 Mobile/15E148 Safari/604.1"
38.145.78.167 - - [18/Oct/2020:09:06:45 -0500] "GET /img/logo.png HTTP/1.0" 200 388 "https://covidcinvestav.com/" "Mozilla/5.0 (iPhone; CPU iPhone OS 13_7 like Mac OS X) AppleWebKit/605.1.15 (KHTML, like Gecko) Version/13.1.2 Mobile/15E148 Safari/604.1"
181.215.222.122 - - [18/Oct/2020:09:06:45 -0500] "GET /img/logo.png HTTP/1.0" 200 388 "https://covidcinvestav.com/" "Mozilla/5.0 (iPhone; CPU iPhone OS 13_7 like Mac OS X) AppleWebKit/605.1.15 (KHTML, like Gecko) Version/13.1.2 Mobile/15E148 Safari/604.1"
107.178.194.22 - - [18/Oct/2020:10:20:20 -0500] "GET / HTTP/1.0" 200 386 "http://covidcinvestav.com" "Mozilla/5.0 (Windows; U; MSIE 9.0; Windows NT 9.0; en-US) AppEngine-Google; (+http://code.google.com/appengine; appid: s~virustotalcloud)"
23.106.215.30 - - [18/Oct/2020:10:23:13 -0500] "GET //wp-includes/wlwmanifest.xml HTTP/1.0" 404 1463 "-" "Mozilla/5.0 (Windows NT 10.0; Win64; x64) AppleWebKit/537.36 (KHTML, like Gecko) Chrome/63.0.3239.132 Safari/537.36"
23.106.215.30 - - [18/Oct/2020:10:23:13 -0500] "GET //xmlrpc.php?rsd HTTP/1.0" 404 360 "-" "Mozilla/5.0 (Windows NT 10.0; Win64; x64) AppleWebKit/537.36 (KHTML, like Gecko) Chrome/63.0.3239.132 Safari/537.36"
23.106.215.30 - - [18/Oct/2020:10:23:13 -0500] "GET / HTTP/1.0" 200 386 "-" "Mozilla/5.0 (Windows NT 10.0; Win64; x64) AppleWebKit/537.36 (KHTML, like Gecko) Chrome/63.0.3239.132 Safari/537.36"
23.106.215.30 - - [18/Oct/2020:10:23:13 -0500] "GET //blog/wp-includes/wlwmanifest.xml HTTP/1.0" 404 1463 "-" "Mozilla/5.0 (Windows NT 10.0; Win64; x64) AppleWebKit/537.36 (KHTML, like Gecko) Chrome/63.0.3239.132 Safari/537.36"
23.106.215.30 - - [18/Oct/2020:10:23:14 -0500] "GET //wordpress/wp-includes/wlwmanifest.xml HTTP/1.0" 404 1463 "-" "Mozilla/5.0 (Windows NT 10.0; Win64; x64) AppleWebKit/537.36 (KHTML, like Gecko) Chrome/63.0.3239.132 Safari/537.36"
23.106.215.30 - - [18/Oct/2020:10:23:14 -0500] "GET //wp/wp-includes/wlwmanifest.xml HTTP/1.0" 404 1463 "-" "Mozilla/5.0 (Windows NT 10.0; Win64; x64) AppleWebKit/537.36 (KHTML, like Gecko) Chrome/63.0.3239.132 Safari/537.36"
23.106.215.30 - - [18/Oct/2020:10:23:14 -0500] "GET //site/wp-includes/wlwmanifest.xml HTTP/1.0" 404 1463 "-" "Mozilla/5.0 (Windows NT 10.0; Win64; x64) AppleWebKit/537.36 (KHTML, like Gecko) Chrome/63.0.3239.132 Safari/537.36"
23.106.215.30 - - [18/Oct/2020:10:23:14 -0500] "GET //cms/wp-includes/wlwmanifest.xml HTTP/1.0" 404 1463 "-" "Mozilla/5.0 (Windows NT 10.0; Win64; x64) AppleWebKit/537.36 (KHTML, like Gecko) Chrome/63.0.3239.132 Safari/537.36"
104.131.116.20 - - [18/Oct/2020:10:51:46 -0500] "GET / HTTP/1.0" 200 386 "-" "Mozilla/5.0 (Windows NT 10.0; Win64; x64; rv:81.0) Gecko/20100101 Firefox/81.0"
52.186.120.234 - - [18/Oct/2020:11:17:47 -0500] "GET / HTTP/1.0" 200 386 "-" "Mozilla/5.0 (Windows NT 6.1; WOW64) AppleWebKit/534.24 (KHTML, like Gecko) Chrome/11.0.696.71 Safari/534.24"
107.178.194.22 - - [18/Oct/2020:12:20:10 -0500] "GET / HTTP/1.0" 200 386 "http://covidcinvestav.com" "Mozilla/5.0 (Windows; U; MSIE 9.0; Windows NT 9.0; en-US) AppEngine-Google; (+http://code.google.com/appengine; appid: s~virustotalcloud)"
52.186.120.234 - - [18/Oct/2020:12:26:31 -0500] "GET / HTTP/1.0" 200 386 "http://covidcinvestav.com/" "Mozilla/5.0 (Windows NT 6.1; WOW64) AppleWebKit/534.24 (KHTML, like Gecko) Chrome/11.0.696.71 Safari/534.24"
80.255.7.70 - - [18/Oct/2020:13:02:41 -0500] "GET / HTTP/1.0" 200 386 "-" "Mozilla/5.0 (Windows NT 10.0; Win64; x64) AppleWebKit/537.36 (KHTML, like Gecko) Chrome/84.0.4147.89 Safari/537.36"
107.178.194.22 - - [18/Oct/2020:14:19:24 -0500] "GET / HTTP/1.0" 200 386 "http://covidcinvestav.com" "Mozilla/5.0 (Windows; U; MSIE 9.0; Windows NT 9.0; en-US) AppEngine-Google; (+http://code.google.com/appengine; appid: s~virustotalcloud)"
34.66.195.9 - - [18/Oct/2020:14:22:28 -0500] "GET / HTTP/1.0" 200 386 "-" "Mozilla/5.0 (X11; Linux x86_64) AppleWebKit/537.36 (KHTML, like Gecko) Chrome/59.0.3071.104 Safari/537.36"
34.66.195.9 - - [18/Oct/2020:14:22:30 -0500] "GET / HTTP/1.0" 200 386 "-" "Mozilla/5.0 (X11; Linux x86_64) AppleWebKit/537.36 (KHTML, like Gecko) Chrome/70.0.3538.67 Safari/537.36"
34.66.195.9 - - [18/Oct/2020:14:22:30 -0500] "GET /css/style.css HTTP/1.0" 200 388 "https://covidcinvestav.com/" "Mozilla/5.0 (X11; Linux x86_64) AppleWebKit/537.36 (KHTML, like Gecko) Chrome/70.0.3538.67 Safari/537.36"
34.66.195.9 - - [18/Oct/2020:14:22:30 -0500] "GET /img/logo.png HTTP/1.0" 200 388 "https://covidcinvestav.com/" "Mozilla/5.0 (X11; Linux x86_64) AppleWebKit/537.36 (KHTML, like Gecko) Chrome/70.0.3538.67 Safari/537.36"
194.72.238.12 - - [18/Oct/2020:15:27:36 -0500] "GET / HTTP/1.0" 200 386 "-" "Mozilla/5.0 (Windows NT 10.0; Win64; x64) AppleWebKit/537.36 (KHTML, like Gecko) Chrome/85.0.4183.121 Safari/537.36"
194.72.238.12 - - [18/Oct/2020:15:27:37 -0500] "GET /css/style.css HTTP/1.0" 200 388 "https://covidcinvestav.com/" "Mozilla/5.0 (Windows NT 10.0; Win64; x64) AppleWebKit/537.36 (KHTML, like Gecko) Chrome/85.0.4183.121 Safari/537.36"
194.72.238.12 - - [18/Oct/2020:15:27:37 -0500] "GET /img/logo.png HTTP/1.0" 200 388 "https://covidcinvestav.com/" "Mozilla/5.0 (Windows NT 10.0; Win64; x64) AppleWebKit/537.36 (KHTML, like Gecko) Chrome/85.0.4183.121 Safari/537.36"
159.65.210.36 - - [18/Oct/2020:15:44:10 -0500] "GET / HTTP/1.0" 200 386 "https://www.covidcinvestav.com/" "Mozilla/5.0 (iPhone; CPU iPhone OS 14_0_1 like Mac OS X) AppleWebKit/605.1.15 (KHTML, like Gecko) Version/14.0 Mobile/15E148 Safari/604.1"
147.147.220.71 - - [18/Oct/2020:15:44:10 -0500] "GET / HTTP/1.0" 200 386 "https://www.covidcinvestav.com/" "Mozilla/5.0 (Windows NT 10.0; Win64; x64; rv:81.0) Gecko/20100101 Firefox/81.0"
204.44.112.77 - - [18/Oct/2020:15:44:10 -0500] "GET / HTTP/1.0" 200 386 "https://www.covidcinvestav.com/" "Mozilla/5.0 (Linux; Android 7.0; SAMSUNG SM-G950F Build/NRD90M) AppleWebKit/537.36 (KHTML, like Gecko) SamsungBrowser/5.2 Chrome/51.0.2704.106 Mobile Safari/537.36"
5.253.206.114 - - [18/Oct/2020:15:44:11 -0500] "GET / HTTP/1.0" 200 386 "https://www.covidcinvestav.com/" "Mozilla/5.0 (X11; Linux x86_64) AppleWebKit/537.36 (KHTML, like Gecko) Chrome/85.0.4183.121 Safari/537.36"
27.5.102.232 - - [18/Oct/2020:16:01:49 -0500] "GET / HTTP/1.0" 200 386 "-" "python-requests/2.20.1"
60.243.32.78 - - [18/Oct/2020:16:05:53 -0500] "HEAD / HTTP/1.0" 200 137 "-" "Wget/1.20.3 (linux-gnu)"
60.243.32.78 - - [18/Oct/2020:16:05:54 -0500] "GET / HTTP/1.0" 200 386 "-" "Wget/1.20.3 (linux-gnu)"
142.93.75.186 - - [18/Oct/2020:16:11:24 -0500] "GET / HTTP/1.0" 200 386 "-" "Mozilla/5.0 (X11; Linux x86_64; rv:68.0) Gecko/20100101 Firefox/68.0"
107.178.194.21 - - [18/Oct/2020:16:20:28 -0500] "GET / HTTP/1.0" 200 386 "http://covidcinvestav.com" "Mozilla/5.0 (Windows; U; MSIE 9.0; Windows NT 9.0; en-US) AppEngine-Google; (+http://code.google.com/appengine; appid: s~virustotalcloud)"
103.212.147.34 - - [18/Oct/2020:16:35:54 -0500] "HEAD / HTTP/1.0" 200 137 "http://bylzu.com" "Mozilla/5.0 (Windows NT 10.0) AppleWebKit/537.36 (KHTML, like Gecko) Chrome/43.0.2376.69 Safari/537.36"
103.212.147.34 - - [18/Oct/2020:16:35:56 -0500] "GET / HTTP/1.0" 200 386 "http://bylzu.com" "Mozilla/5.0 (Windows NT 10.0) AppleWebKit/537.36 (KHTML, like Gecko) Chrome/43.0.2376.69 Safari/537.36"
152.89.162.230 - - [18/Oct/2020:17:21:22 -0500] "GET / HTTP/1.0" 200 386 "-" "Mozilla/5.0 (Windows NT 10.0; Win64; x64) AppleWebKit/537.36 (KHTML, like Gecko) Chrome/84.0.4147.89 Safari/537.36"
31.204.150.141 - - [18/Oct/2020:17:26:47 -0500] "GET / HTTP/1.0" 200 386 "-" "Mozilla/5.0 (Windows NT 10.0; Win64; x64) AppleWebKit/537.36 (KHTML, like Gecko) Chrome/84.0.4147.89 Safari/537.36"
107.178.194.22 - - [18/Oct/2020:18:18:24 -0500] "GET / HTTP/1.0" 200 386 "http://covidcinvestav.com" "Mozilla/5.0 (Windows; U; MSIE 9.0; Windows NT 9.0; en-US) AppEngine-Google; (+http://code.google.com/appengine; appid: s~virustotalcloud)"
18.197.193.89 - - [18/Oct/2020:18:19:22 -0500] "GET / HTTP/1.0" 200 386 "-" "Mozilla/5.0 (Macintosh; Intel Mac OS X 10_13_2) AppleWebKit/537.36 (KHTML, like Gecko) Chrome/63.0.3239.84 Safari/537.36"
91.134.25.165 - - [18/Oct/2020:18:41:35 -0500] "GET //wp-includes/wlwmanifest.xml HTTP/1.0" 404 1463 "-" "Mozilla/5.0 (Windows NT 10.0; Win64; x64) AppleWebKit/537.36 (KHTML, like Gecko) Chrome/63.0.3239.132 Safari/537.36"
91.134.25.165 - - [18/Oct/2020:18:41:35 -0500] "GET //xmlrpc.php?rsd HTTP/1.0" 404 360 "-" "Mozilla/5.0 (Windows NT 10.0; Win64; x64) AppleWebKit/537.36 (KHTML, like Gecko) Chrome/63.0.3239.132 Safari/537.36"
91.134.25.165 - - [18/Oct/2020:18:41:35 -0500] "GET / HTTP/1.0" 200 386 "-" "Mozilla/5.0 (Windows NT 10.0; Win64; x64) AppleWebKit/537.36 (KHTML, like Gecko) Chrome/63.0.3239.132 Safari/537.36"
91.134.25.165 - - [18/Oct/2020:18:41:35 -0500] "GET //blog/wp-includes/wlwmanifest.xml HTTP/1.0" 404 1463 "-" "Mozilla/5.0 (Windows NT 10.0; Win64; x64) AppleWebKit/537.36 (KHTML, like Gecko) Chrome/63.0.3239.132 Safari/537.36"
91.134.25.165 - - [18/Oct/2020:18:41:36 -0500] "GET //wordpress/wp-includes/wlwmanifest.xml HTTP/1.0" 404 1463 "-" "Mozilla/5.0 (Windows NT 10.0; Win64; x64) AppleWebKit/537.36 (KHTML, like Gecko) Chrome/63.0.3239.132 Safari/537.36"
91.134.25.165 - - [18/Oct/2020:18:41:36 -0500] "GET //wp/wp-includes/wlwmanifest.xml HTTP/1.0" 404 1463 "-" "Mozilla/5.0 (Windows NT 10.0; Win64; x64) AppleWebKit/537.36 (KHTML, like Gecko) Chrome/63.0.3239.132 Safari/537.36"
91.134.25.165 - - [18/Oct/2020:18:41:36 -0500] "GET //site/wp-includes/wlwmanifest.xml HTTP/1.0" 404 1463 "-" "Mozilla/5.0 (Windows NT 10.0; Win64; x64) AppleWebKit/537.36 (KHTML, like Gecko) Chrome/63.0.3239.132 Safari/537.36"
91.134.25.165 - - [18/Oct/2020:18:41:36 -0500] "GET //cms/wp-includes/wlwmanifest.xml HTTP/1.0" 404 1463 "-" "Mozilla/5.0 (Windows NT 10.0; Win64; x64) AppleWebKit/537.36 (KHTML, like Gecko) Chrome/63.0.3239.132 Safari/537.36"
179.43.171.74 - - [18/Oct/2020:19:31:04 -0500] "GET / HTTP/1.0" 200 386 "-" "Mozilla/5.0 (X11; Linux x86_64) AppleWebKit/537.36 (KHTML, like Gecko) Ubuntu Chromium/80.0.3987.163 Chrome/80.0.3987.163 Safari/537.36"
34.221.117.100 - - [18/Oct/2020:19:48:15 -0500] "GET / HTTP/1.0" 200 386 "-" "Mozilla/5.0 (Windows NT 6.1; WOW64; rv:46.0) Gecko/20100101 Firefox/46.0"
54.93.58.135 - - [18/Oct/2020:20:15:54 -0500] "HEAD / HTTP/1.0" 200 137 "-" "CheckMarkNetwork/1.0 (+http://www.checkmarknetwork.com/spider.html)"
54.93.58.135 - - [18/Oct/2020:20:15:54 -0500] "GET /robots.txt HTTP/1.0" 404 1463 "-" "CheckMarkNetwork/1.0 (+http://www.checkmarknetwork.com/spider.html)"
54.93.58.135 - - [18/Oct/2020:20:16:00 -0500] "GET / HTTP/1.0" 200 386 "-" "CheckMarkNetwork/1.0 (+http://www.checkmarknetwork.com/spider.html)"
54.93.58.135 - - [18/Oct/2020:20:16:00 -0500] "GET /css/style.css HTTP/1.0" 200 388 "-" "CheckMarkNetwork/1.0 (+http://www.checkmarknetwork.com/spider.html)"
107.178.194.22 - - [18/Oct/2020:20:19:03 -0500] "GET / HTTP/1.0" 200 386 "http://covidcinvestav.com" "Mozilla/5.0 (Windows; U; MSIE 9.0; Windows NT 9.0; en-US) AppEngine-Google; (+http://code.google.com/appengine; appid: s~virustotalcloud)"
198.251.89.198 - - [18/Oct/2020:20:19:30 -0500] "GET / HTTP/1.0" 200 386 "https://covidcinvestav.com/" "Mozilla/5.0 (compatible; MSIE 10.0; Windows NT 6.1; Trident/6.0)"
194.127.178.207 - - [18/Oct/2020:20:44:06 -0500] "GET //wp-includes/wlwmanifest.xml HTTP/1.0" 404 1463 "-" "Mozilla/5.0 (Windows NT 10.0; Win64; x64) AppleWebKit/537.36 (KHTML, like Gecko) Chrome/63.0.3239.132 Safari/537.36"
194.127.178.207 - - [18/Oct/2020:20:44:06 -0500] "GET //xmlrpc.php?rsd HTTP/1.0" 404 360 "-" "Mozilla/5.0 (Windows NT 10.0; Win64; x64) AppleWebKit/537.36 (KHTML, like Gecko) Chrome/63.0.3239.132 Safari/537.36"
194.127.178.207 - - [18/Oct/2020:20:44:06 -0500] "GET / HTTP/1.0" 200 386 "-" "Mozilla/5.0 (Windows NT 10.0; Win64; x64) AppleWebKit/537.36 (KHTML, like Gecko) Chrome/63.0.3239.132 Safari/537.36"
194.127.178.207 - - [18/Oct/2020:20:44:06 -0500] "GET //blog/wp-includes/wlwmanifest.xml HTTP/1.0" 404 1463 "-" "Mozilla/5.0 (Windows NT 10.0; Win64; x64) AppleWebKit/537.36 (KHTML, like Gecko) Chrome/63.0.3239.132 Safari/537.36"
194.127.178.207 - - [18/Oct/2020:20:44:07 -0500] "GET //wordpress/wp-includes/wlwmanifest.xml HTTP/1.0" 404 1463 "-" "Mozilla/5.0 (Windows NT 10.0; Win64; x64) AppleWebKit/537.36 (KHTML, like Gecko) Chrome/63.0.3239.132 Safari/537.36"
194.127.178.207 - - [18/Oct/2020:20:44:07 -0500] "GET //wp/wp-includes/wlwmanifest.xml HTTP/1.0" 404 1463 "-" "Mozilla/5.0 (Windows NT 10.0; Win64; x64) AppleWebKit/537.36 (KHTML, like Gecko) Chrome/63.0.3239.132 Safari/537.36"
194.127.178.207 - - [18/Oct/2020:20:44:07 -0500] "GET //site/wp-includes/wlwmanifest.xml HTTP/1.0" 404 1463 "-" "Mozilla/5.0 (Windows NT 10.0; Win64; x64) AppleWebKit/537.36 (KHTML, like Gecko) Chrome/63.0.3239.132 Safari/537.36"
194.127.178.207 - - [18/Oct/2020:20:44:07 -0500] "GET //cms/wp-includes/wlwmanifest.xml HTTP/1.0" 404 1463 "-" "Mozilla/5.0 (Windows NT 10.0; Win64; x64) AppleWebKit/537.36 (KHTML, like Gecko) Chrome/63.0.3239.132 Safari/537.36"
3.249.24.53 - - [18/Oct/2020:21:56:36 -0500] "GET /robots.txt HTTP/1.0" 404 1463 "-" "PleskBot"
3.249.24.53 - - [18/Oct/2020:21:56:38 -0500] "GET / HTTP/1.0" 200 386 "-" "PleskBot"
62.115.15.146 - - [18/Oct/2020:23:43:59 -0500] "GET / HTTP/1.0" 200 386 "-" "Mozilla/5.0 Firefox/33.0"
107.178.194.21 - - [19/Oct/2020:00:21:06 -0500] "GET / HTTP/1.0" 200 386 "http://covidcinvestav.com" "Mozilla/5.0 (Windows; U; MSIE 9.0; Windows NT 9.0; en-US) AppEngine-Google; (+http://code.google.com/appengine; appid: s~virustotalcloud)"
5.187.21.102 - - [19/Oct/2020:00:26:18 -0500] "GET / HTTP/1.0" 200 386 "-" "Mozilla/5.0 (Windows NT 10.0; Win64; x64) AppleWebKit/537.36 (KHTML, like Gecko) Chrome/84.0.4147.89 Safari/537.36"
162.245.206.246 - - [19/Oct/2020:00:31:28 -0500] "GET / HTTP/1.0" 200 386 "-" "Mozilla/5.0 (Windows NT 10.0; Win64; x64) AppleWebKit/537.36 (KHTML, like Gecko) Chrome/84.0.4147.89 Safari/537.36"
209.58.188.133 - - [19/Oct/2020:01:48:06 -0500] "GET / HTTP/1.0" 200 386 "-" "Mozilla/5.0 (Windows NT 10.0; Win64; x64) AppleWebKit/537.36 (KHTML, like Gecko) Chrome/84.0.4147.89 Safari/537.36"
198.245.62.53 - - [19/Oct/2020:01:56:35 -0500] "GET /wp-login.php HTTP/1.0" 404 360 "http://covidcinvestav.com/wp-login.php" "Mozilla/5.0 (X11; Ubuntu; Linux x86_64; rv:62.0) Gecko/20100101 Firefox/62.0"
5.196.96.196 - - [19/Oct/2020:02:17:20 -0500] "GET / HTTP/1.0" 200 386 "-" "Mozilla/5.0 (Windows NT 10.0; Win64; x64) AppleWebKit/537.36 (KHTML, like Gecko) Chrome/84.0.4147.89 Safari/537.36"
185.152.32.71 - - [19/Oct/2020:02:46:36 -0500] "GET / HTTP/1.0" 200 386 "-" "Mozilla/5.0 (Windows NT 10.0; Win64; x64) AppleWebKit/537.36 (KHTML, like Gecko) Chrome/84.0.4147.89 Safari/537.36"
34.72.104.229 - - [19/Oct/2020:02:52:48 -0500] "GET / HTTP/1.0" 200 386 "-" "Mozilla/5.0 (X11; Linux x86_64) AppleWebKit/537.36 (KHTML, like Gecko) Chrome/59.0.3071.104 Safari/537.36"
34.72.104.229 - - [19/Oct/2020:02:52:50 -0500] "GET / HTTP/1.0" 200 386 "-" "Mozilla/5.0 (X11; Linux x86_64) AppleWebKit/537.36 (KHTML, like Gecko) Chrome/70.0.3538.67 Safari/537.36"
34.72.104.229 - - [19/Oct/2020:02:52:50 -0500] "GET /css/style.css HTTP/1.0" 200 388 "https://covidcinvestav.com/" "Mozilla/5.0 (X11; Linux x86_64) AppleWebKit/537.36 (KHTML, like Gecko) Chrome/70.0.3538.67 Safari/537.36"
34.72.104.229 - - [19/Oct/2020:02:52:50 -0500] "GET /img/logo.png HTTP/1.0" 200 388 "https://covidcinvestav.com/" "Mozilla/5.0 (X11; Linux x86_64) AppleWebKit/537.36 (KHTML, like Gecko) Chrome/70.0.3538.67 Safari/537.36"
34.122.72.221 - - [19/Oct/2020:03:02:53 -0500] "GET / HTTP/1.0" 200 386 "-" "Mozilla/5.0 (Windows NT 6.1; Win64; x64) AppleWebKit/537.36 (KHTML, like Gecko) Chrome/85.0.4183.102 Safari/537.36"
34.122.72.221 - - [19/Oct/2020:03:02:54 -0500] "GET //wp-includes/wlwmanifest.xml HTTP/1.0" 404 1463 "-" "Mozilla/5.0 (Windows NT 6.1; Win64; x64) AppleWebKit/537.36 (KHTML, like Gecko) Chrome/85.0.4183.102 Safari/537.36"
34.122.72.221 - - [19/Oct/2020:03:02:54 -0500] "GET //xmlrpc.php?rsd HTTP/1.0" 404 360 "-" "Mozilla/5.0 (Windows NT 6.1; Win64; x64) AppleWebKit/537.36 (KHTML, like Gecko) Chrome/85.0.4183.102 Safari/537.36"
34.122.72.221 - - [19/Oct/2020:03:02:54 -0500] "GET / HTTP/1.0" 200 386 "-" "Mozilla/5.0 (Windows NT 6.1; Win64; x64) AppleWebKit/537.36 (KHTML, like Gecko) Chrome/85.0.4183.102 Safari/537.36"
34.122.72.221 - - [19/Oct/2020:03:02:54 -0500] "GET //blog/wp-includes/wlwmanifest.xml HTTP/1.0" 404 1463 "-" "Mozilla/5.0 (Windows NT 6.1; Win64; x64) AppleWebKit/537.36 (KHTML, like Gecko) Chrome/85.0.4183.102 Safari/537.36"
34.122.72.221 - - [19/Oct/2020:03:02:54 -0500] "GET //web/wp-includes/wlwmanifest.xml HTTP/1.0" 404 1463 "-" "Mozilla/5.0 (Windows NT 6.1; Win64; x64) AppleWebKit/537.36 (KHTML, like Gecko) Chrome/85.0.4183.102 Safari/537.36"
34.122.72.221 - - [19/Oct/2020:03:02:54 -0500] "GET //wordpress/wp-includes/wlwmanifest.xml HTTP/1.0" 404 1463 "-" "Mozilla/5.0 (Windows NT 6.1; Win64; x64) AppleWebKit/537.36 (KHTML, like Gecko) Chrome/85.0.4183.102 Safari/537.36"
34.122.72.221 - - [19/Oct/2020:03:02:54 -0500] "GET //website/wp-includes/wlwmanifest.xml HTTP/1.0" 404 1463 "-" "Mozilla/5.0 (Windows NT 6.1; Win64; x64) AppleWebKit/537.36 (KHTML, like Gecko) Chrome/85.0.4183.102 Safari/537.36"
34.122.72.221 - - [19/Oct/2020:03:02:54 -0500] "GET //wp/wp-includes/wlwmanifest.xml HTTP/1.0" 404 1463 "-" "Mozilla/5.0 (Windows NT 6.1; Win64; x64) AppleWebKit/537.36 (KHTML, like Gecko) Chrome/85.0.4183.102 Safari/537.36"
34.122.72.221 - - [19/Oct/2020:03:02:54 -0500] "GET //news/wp-includes/wlwmanifest.xml HTTP/1.0" 404 1463 "-" "Mozilla/5.0 (Windows NT 6.1; Win64; x64) AppleWebKit/537.36 (KHTML, like Gecko) Chrome/85.0.4183.102 Safari/537.36"
34.122.72.221 - - [19/Oct/2020:03:02:54 -0500] "GET //2018/wp-includes/wlwmanifest.xml HTTP/1.0" 404 1463 "-" "Mozilla/5.0 (Windows NT 6.1; Win64; x64) AppleWebKit/537.36 (KHTML, like Gecko) Chrome/85.0.4183.102 Safari/537.36"
34.122.72.221 - - [19/Oct/2020:03:02:54 -0500] "GET //2019/wp-includes/wlwmanifest.xml HTTP/1.0" 404 1463 "-" "Mozilla/5.0 (Windows NT 6.1; Win64; x64) AppleWebKit/537.36 (KHTML, like Gecko) Chrome/85.0.4183.102 Safari/537.36"
34.122.72.221 - - [19/Oct/2020:03:02:54 -0500] "GET //shop/wp-includes/wlwmanifest.xml HTTP/1.0" 404 1463 "-" "Mozilla/5.0 (Windows NT 6.1; Win64; x64) AppleWebKit/537.36 (KHTML, like Gecko) Chrome/85.0.4183.102 Safari/537.36"
34.122.72.221 - - [19/Oct/2020:03:02:55 -0500] "GET //wp1/wp-includes/wlwmanifest.xml HTTP/1.0" 404 1463 "-" "Mozilla/5.0 (Windows NT 6.1; Win64; x64) AppleWebKit/537.36 (KHTML, like Gecko) Chrome/85.0.4183.102 Safari/537.36"
34.122.72.221 - - [19/Oct/2020:03:02:55 -0500] "GET //test/wp-includes/wlwmanifest.xml HTTP/1.0" 404 1463 "-" "Mozilla/5.0 (Windows NT 6.1; Win64; x64) AppleWebKit/537.36 (KHTML, like Gecko) Chrome/85.0.4183.102 Safari/537.36"
34.122.72.221 - - [19/Oct/2020:03:02:55 -0500] "GET //media/wp-includes/wlwmanifest.xml HTTP/1.0" 404 1463 "-" "Mozilla/5.0 (Windows NT 6.1; Win64; x64) AppleWebKit/537.36 (KHTML, like Gecko) Chrome/85.0.4183.102 Safari/537.36"
34.122.72.221 - - [19/Oct/2020:03:02:55 -0500] "GET //wp2/wp-includes/wlwmanifest.xml HTTP/1.0" 404 1463 "-" "Mozilla/5.0 (Windows NT 6.1; Win64; x64) AppleWebKit/537.36 (KHTML, like Gecko) Chrome/85.0.4183.102 Safari/537.36"
34.122.72.221 - - [19/Oct/2020:03:02:55 -0500] "GET //site/wp-includes/wlwmanifest.xml HTTP/1.0" 404 1463 "-" "Mozilla/5.0 (Windows NT 6.1; Win64; x64) AppleWebKit/537.36 (KHTML, like Gecko) Chrome/85.0.4183.102 Safari/537.36"
34.122.72.221 - - [19/Oct/2020:03:02:55 -0500] "GET //cms/wp-includes/wlwmanifest.xml HTTP/1.0" 404 1463 "-" "Mozilla/5.0 (Windows NT 6.1; Win64; x64) AppleWebKit/537.36 (KHTML, like Gecko) Chrome/85.0.4183.102 Safari/537.36"
34.122.72.221 - - [19/Oct/2020:03:02:55 -0500] "GET //sito/wp-includes/wlwmanifest.xml HTTP/1.0" 404 1463 "-" "Mozilla/5.0 (Windows NT 6.1; Win64; x64) AppleWebKit/537.36 (KHTML, like Gecko) Chrome/85.0.4183.102 Safari/537.36"
80.248.225.154 - - [19/Oct/2020:03:14:52 -0500] "GET / HTTP/1.0" 200 386 "-" "Scrapy/1.7.2 (+https://scrapy.org)"
80.248.225.154 - - [19/Oct/2020:03:14:54 -0500] "GET /img/logo.png HTTP/1.0" 200 388 "-" "Scrapy/1.7.2 (+https://scrapy.org)"
80.248.225.154 - - [19/Oct/2020:03:14:54 -0500] "GET /css/style.css HTTP/1.0" 200 388 "-" "Scrapy/1.7.2 (+https://scrapy.org)"
80.248.225.154 - - [19/Oct/2020:03:14:55 -0500] "GET /test/ssi/test.html HTTP/1.0" 200 394 "https://covidcinvestav.com/" "Scrapy/1.7.2 (+https://scrapy.org)"
80.248.225.154 - - [19/Oct/2020:03:15:04 -0500] "GET /test/perl/test.html HTTP/1.0" 200 395 "https://covidcinvestav.com/" "Scrapy/1.7.2 (+https://scrapy.org)"
80.248.225.154 - - [19/Oct/2020:03:15:05 -0500] "GET /test/php/test.html HTTP/1.0" 200 394 "https://covidcinvestav.com/" "Scrapy/1.7.2 (+https://scrapy.org)"
80.248.225.154 - - [19/Oct/2020:03:15:31 -0500] "GET /index.html HTTP/1.0" 200 386 "https://covidcinvestav.com/test/ssi/test.html" "Scrapy/1.7.2 (+https://scrapy.org)"
80.248.225.154 - - [19/Oct/2020:03:15:44 -0500] "GET /test/python/test.html HTTP/1.0" 200 397 "https://covidcinvestav.com/" "Scrapy/1.7.2 (+https://scrapy.org)"
80.248.225.154 - - [19/Oct/2020:03:15:45 -0500] "GET /test/fcgi/test.html HTTP/1.0" 200 395 "https://covidcinvestav.com/" "Scrapy/1.7.2 (+https://scrapy.org)"
148.251.45.170 - - [18/Oct/2020:03:56:01 -0500] "GET / HTTP/1.1" 200 5670 "https://www.google.com/" "Mozilla/5.0 (Windows NT 10.0; Trident/7.0; rv:11.0) like Gecko"
34.72.146.195 - - [18/Oct/2020:04:16:51 -0500] "GET / HTTP/1.1" 200 5670 "-" "ltx71 - (http://ltx71.com/)"
34.72.146.195 - - [18/Oct/2020:04:17:02 -0500] "GET /test/fcgi/test.html HTTP/1.1" 200 2000 "-" "ltx71 - (http://ltx71.com/)"
34.72.146.195 - - [18/Oct/2020:04:17:13 -0500] "GET /test/perl/test.html HTTP/1.1" 200 2000 "-" "ltx71 - (http://ltx71.com/)"
34.72.146.195 - - [18/Oct/2020:04:17:23 -0500] "GET /test/php/test.html HTTP/1.1" 200 1991 "-" "ltx71 - (http://ltx71.com/)"
34.72.146.195 - - [18/Oct/2020:04:17:34 -0500] "GET /test/python/test.html HTTP/1.1" 200 1996 "-" "ltx71 - (http://ltx71.com/)"
34.72.146.195 - - [18/Oct/2020:04:17:45 -0500] "GET /test/ssi/test.html HTTP/1.1" 200 1996 "-" "ltx71 - (http://ltx71.com/)"
34.72.146.195 - - [18/Oct/2020:04:17:55 -0500] "GET /index.html HTTP/1.1" 200 5670 "-" "ltx71 - (http://ltx71.com/)"
208.87.237.140 - - [18/Oct/2020:04:19:08 -0500] "GET / HTTP/1.1" 200 5670 "-" "Mozilla/5.0 (Macintosh; Intel Mac OS X 10_6_7) AppleWebKit/534.24 (KHTML, like Gecko) Chrome/11.0.696.68 Safari/534.24"
107.178.194.22 - - [18/Oct/2020:04:19:08 -0500] "GET / HTTP/1.1" 200 5670 "http://covidcinvestav.com" "Mozilla/5.0 (Windows; U; MSIE 9.0; Windows NT 9.0; en-US) AppEngine-Google; (+http://code.google.com/appengine; appid: s~virustotalcloud)"
74.82.47.194 - - [18/Oct/2020:04:34:20 -0500] "GET / HTTP/1.1" 200 5670 "https://covidcinvestav.com/" "Mozilla/5.0 (compatible; MSIE 10.0; Windows NT 6.1; Trident/6.0)"
40.76.87.250 - - [18/Oct/2020:04:34:20 -0500] "GET / HTTP/1.1" 200 5670 "-" "Mozilla/5.0 (Windows NT 10.0; Win64; x64) AppleWebKit/537.36 (KHTML, like Gecko) Chrome/78.0.3904.108 Safari/537.36"
40.76.87.250 - - [18/Oct/2020:04:34:20 -0500] "GET / HTTP/1.1" 200 5670 "-" "Mozilla/5.0 (Windows NT 10.0; Win64; x64) AppleWebKit/537.36 (KHTML, like Gecko) Chrome/78.0.3904.108 Safari/537.36"
40.76.87.250 - - [18/Oct/2020:04:34:22 -0500] "" 400 0 "-" "-"
52.142.195.166 - - [18/Oct/2020:04:39:50 -0500] "GET / HTTP/1.1" 200 5670 "-" "Mozilla/5.0 (Windows NT 10.0; Win64; x64) AppleWebKit/537.36 (KHTML, like Gecko) Chrome/63.0.3239.132 Safari/537.36"
148.251.45.170 - - [18/Oct/2020:04:40:01 -0500] "GET / HTTP/1.1" 200 5670 "https://www.google.com/" "Mozilla/4.0 (compatible; MSIE 6.0; Windows NT 5.1; SV1)"
35.161.55.221 - - [18/Oct/2020:04:51:06 -0500] "GET / HTTP/1.1" 200 5670 "-" "python-requests/2.22.0"
45.153.240.103 - - [18/Oct/2020:04:51:22 -0500] "GET / HTTP/1.1" 200 5670 "-" "Mozilla/5.0 (Windows NT 10.0; Win64; x64) AppleWebKit/537.36 (KHTML, like Gecko) Chrome/63.0.3239.132 Safari/537.36"
161.69.99.11 - - [18/Oct/2020:05:12:54 -0500] "GET / HTTP/1.1" 200 5670 "http://69.64.67.108" "Go-http-client/1.1"
161.69.99.11 - - [18/Oct/2020:05:16:55 -0500] "GET / HTTP/1.1" 200 5670 "http://69.64.67.108" "Go-http-client/1.1"
148.251.45.170 - - [18/Oct/2020:05:26:02 -0500] "GET / HTTP/1.1" 200 5670 "https://www.google.com/" "Mozilla/5.0 (Windows NT 10.0; WOW64) AppleWebKit/537.36 (KHTML, like Gecko) Chrome/72.0.3626.121 Safari/537.36"
81.95.5.39 - - [18/Oct/2020:05:32:45 -0500] "GET / HTTP/1.1" 200 5670 "-" "Mozilla/5.0 (Windows NT 10.0; Win64; x64) AppleWebKit/537.36 (KHTML, like Gecko) Chrome/84.0.4147.89 Safari/537.36"
83.43.61.41 - - [18/Oct/2020:05:59:06 -0500] "GET / HTTP/1.1" 200 5670 "-" "Mozilla/5.0 (Linux; Android 9.0; MI 8 SE) AppleWebKit/537.36 (KHTML, like Gecko) Chrome/80.0.3987.119 Mobile Safari/537.36"
148.251.45.170 - - [18/Oct/2020:06:14:03 -0500] "GET / HTTP/1.1" 200 5670 "https://www.google.com/" "Mozilla/5.0 CK={} (Windows NT 6.1; WOW64; Trident/7.0; rv:11.0) like Gecko"
209.99.144.156 - - [18/Oct/2020:06:31:59 -0500] "GET / HTTP/1.1" 200 5670 "-" "Mozilla/5.0 (Windows NT 10.0; Win64; x64) AppleWebKit/537.36 (KHTML, like Gecko) Chrome/79.0.3945.130 Safari/537.36"
209.99.144.156 - - [18/Oct/2020:06:32:06 -0500] "GET /css/style.css HTTP/1.1" 200 7492 "https://covidcinvestav.com/" "Mozilla/5.0 (Windows NT 10.0; Win64; x64) AppleWebKit/537.36 (KHTML, like Gecko) Chrome/79.0.3945.130 Safari/537.36"
209.99.144.156 - - [18/Oct/2020:06:32:07 -0500] "GET /img/blog.png HTTP/1.1" 200 2328 "https://covidcinvestav.com/css/style.css" "Mozilla/5.0 (Windows NT 10.0; Win64; x64) AppleWebKit/537.36 (KHTML, like Gecko) Chrome/79.0.3945.130 Safari/537.36"
209.99.144.156 - - [18/Oct/2020:06:32:08 -0500] "GET /img/forum.png HTTP/1.1" 200 3425 "https://covidcinvestav.com/css/style.css" "Mozilla/5.0 (Windows NT 10.0; Win64; x64) AppleWebKit/537.36 (KHTML, like Gecko) Chrome/79.0.3945.130 Safari/537.36"
209.99.144.156 - - [18/Oct/2020:06:32:08 -0500] "GET /img/knowledge-base.png HTTP/1.1" 200 1495 "https://covidcinvestav.com/css/style.css" "Mozilla/5.0 (Windows NT 10.0; Win64; x64) AppleWebKit/537.36 (KHTML, like Gecko) Chrome/79.0.3945.130 Safari/537.36"
209.99.144.156 - - [18/Oct/2020:06:32:08 -0500] "GET /img/facebook.png HTTP/1.1" 200 1933 "https://covidcinvestav.com/css/style.css" "Mozilla/5.0 (Windows NT 10.0; Win64; x64) AppleWebKit/537.36 (KHTML, like Gecko) Chrome/79.0.3945.130 Safari/537.36"
209.99.144.156 - - [18/Oct/2020:06:32:09 -0500] "GET /img/twitter.png HTTP/1.1" 200 2302 "https://covidcinvestav.com/css/style.css" "Mozilla/5.0 (Windows NT 10.0; Win64; x64) AppleWebKit/537.36 (KHTML, like Gecko) Chrome/79.0.3945.130 Safari/537.36"
209.99.144.156 - - [18/Oct/2020:06:32:09 -0500] "GET /img/google-plus.png HTTP/1.1" 200 2836 "https://covidcinvestav.com/css/style.css" "Mozilla/5.0 (Windows NT 10.0; Win64; x64) AppleWebKit/537.36 (KHTML, like Gecko) Chrome/79.0.3945.130 Safari/537.36"
209.99.144.156 - - [18/Oct/2020:06:32:09 -0500] "GET /img/fastcgi.png HTTP/1.1" 200 3521 "https://covidcinvestav.com/css/style.css" "Mozilla/5.0 (Windows NT 10.0; Win64; x64) AppleWebKit/537.36 (KHTML, like Gecko) Chrome/79.0.3945.130 Safari/537.36"
209.99.144.156 - - [18/Oct/2020:06:32:10 -0500] "GET /img/python.png HTTP/1.1" 200 2379 "https://covidcinvestav.com/css/style.css" "Mozilla/5.0 (Windows NT 10.0; Win64; x64) AppleWebKit/537.36 (KHTML, like Gecko) Chrome/79.0.3945.130 Safari/537.36"
209.99.144.156 - - [18/Oct/2020:06:32:10 -0500] "GET /img/php.png HTTP/1.1" 200 2695 "https://covidcinvestav.com/css/style.css" "Mozilla/5.0 (Windows NT 10.0; Win64; x64) AppleWebKit/537.36 (KHTML, like Gecko) Chrome/79.0.3945.130 Safari/537.36"
209.99.144.156 - - [18/Oct/2020:06:32:10 -0500] "GET /img/perl.png HTTP/1.1" 200 2786 "https://covidcinvestav.com/css/style.css" "Mozilla/5.0 (Windows NT 10.0; Win64; x64) AppleWebKit/537.36 (KHTML, like Gecko) Chrome/79.0.3945.130 Safari/537.36"
209.99.144.156 - - [18/Oct/2020:06:32:11 -0500] "GET /img/ssi.png HTTP/1.1" 200 1706 "https://covidcinvestav.com/css/style.css" "Mozilla/5.0 (Windows NT 10.0; Win64; x64) AppleWebKit/537.36 (KHTML, like Gecko) Chrome/79.0.3945.130 Safari/537.36"
209.99.144.156 - - [18/Oct/2020:06:32:11 -0500] "GET /img/globe.png HTTP/1.1" 200 49609 "https://covidcinvestav.com/css/style.css" "Mozilla/5.0 (Windows NT 10.0; Win64; x64) AppleWebKit/537.36 (KHTML, like Gecko) Chrome/79.0.3945.130 Safari/537.36"
209.99.144.156 - - [18/Oct/2020:06:32:12 -0500] "GET /favicon.ico HTTP/1.1" 200 113459 "https://covidcinvestav.com/" "Mozilla/5.0 (Windows NT 10.0; Win64; x64) AppleWebKit/537.36 (KHTML, like Gecko) Chrome/79.0.3945.130 Safari/537.36"
209.99.144.156 - - [18/Oct/2020:06:32:12 -0500] "GET /img/logo.png HTTP/1.1" 200 18187 "https://covidcinvestav.com/" "Mozilla/5.0 (Windows NT 10.0; Win64; x64) AppleWebKit/537.36 (KHTML, like Gecko) Chrome/79.0.3945.130 Safari/537.36"
167.88.7.162 - - [18/Oct/2020:06:56:11 -0500] "GET / HTTP/1.1" 200 5670 "-" "Mozilla/5.0 (Windows NT 10.0; Win64; x64) AppleWebKit/537.36 (KHTML, like Gecko) Chrome/84.0.4147.89 Safari/537.36"
109.69.66.101 - - [18/Oct/2020:07:17:20 -0500] "GET / HTTP/1.1" 200 5670 "-" "webtech/1.2.8"
179.43.171.74 - - [18/Oct/2020:07:36:50 -0500] "GET / HTTP/2.0" 200 5670 "-" "Mozilla/5.0 (X11; Linux x86_64) AppleWebKit/537.36 (KHTML, like Gecko) Ubuntu Chromium/80.0.3987.163 Chrome/80.0.3987.163 Safari/537.36"
54.221.27.173 - - [18/Oct/2020:07:37:32 -0500] "GET / HTTP/1.1" 200 5670 "http://covidcinvestav.com" "Mozilla/5.0 (Macintosh; Intel Mac OS X 10_15_2) AppleWebKit/537.36 (KHTML, like Gecko) Chrome/80.0.3987.149 Safari/537.36"
167.99.172.253 - - [18/Oct/2020:08:13:52 -0500] "GET / HTTP/1.1" 200 5670 "-" "Mozilla/5.0 (Windows NT 10.0; Win64; x64) AppleWebKit/537.36 (KHTML, like Gecko) Chrome/84.0.4147.89 Safari/537.36"
107.178.194.22 - - [18/Oct/2020:08:19:50 -0500] "GET / HTTP/1.1" 200 5670 "http://covidcinvestav.com" "Mozilla/5.0 (Windows; U; MSIE 9.0; Windows NT 9.0; en-US) AppEngine-Google; (+http://code.google.com/appengine; appid: s~virustotalcloud)"
51.195.91.150 - - [18/Oct/2020:08:41:08 -0500] "GET / HTTP/1.1" 200 5670 "-" "Mozilla/5.0 (Windows NT 10.0; Win64; x64) AppleWebKit/537.36 (KHTML, like Gecko) Chrome/84.0.4147.105 Safari/537.36"
31.204.150.141 - - [18/Oct/2020:08:43:37 -0500] "GET / HTTP/1.1" 200 5670 "-" "Mozilla/5.0 (Windows NT 10.0; Win64; x64) AppleWebKit/537.36 (KHTML, like Gecko) Chrome/84.0.4147.89 Safari/537.36"
3.17.210.127 - - [18/Oct/2020:08:59:40 -0500] "GET / HTTP/1.1" 200 5670 "-" "Mozilla/5.0 (Macintosh; Intel Mac OS X 10_14_6) AppleWebKit/537.36 (KHTML, like Gecko) Chrome/77.0.3865.120 Safari/537.36"
91.205.187.186 - - [18/Oct/2020:09:01:14 -0500] "GET / HTTP/1.1" 200 5670 "-" "Mozilla/5.0 (Windows NT 10.0; Win64; x64) AppleWebKit/537.36 (KHTML, like Gecko) Chrome/84.0.4147.89 Safari/537.36"
181.215.222.122 - - [18/Oct/2020:09:06:44 -0500] "GET / HTTP/2.0" 200 5670 "-" "Mozilla/5.0 (iPhone; CPU iPhone OS 13_7 like Mac OS X) AppleWebKit/605.1.15 (KHTML, like Gecko) Version/13.1.2 Mobile/15E148 Safari/604.1"
38.145.78.167 - - [18/Oct/2020:09:06:45 -0500] "GET / HTTP/2.0" 200 5670 "-" "Mozilla/5.0 (iPhone; CPU iPhone OS 13_7 like Mac OS X) AppleWebKit/605.1.15 (KHTML, like Gecko) Version/13.1.2 Mobile/15E148 Safari/604.1"
38.145.78.167 - - [18/Oct/2020:09:06:45 -0500] "GET /css/style.css HTTP/2.0" 200 7492 "https://covidcinvestav.com/" "Mozilla/5.0 (iPhone; CPU iPhone OS 13_7 like Mac OS X) AppleWebKit/605.1.15 (KHTML, like Gecko) Version/13.1.2 Mobile/15E148 Safari/604.1"
181.215.222.122 - - [18/Oct/2020:09:06:45 -0500] "GET /css/style.css HTTP/2.0" 200 7492 "https://covidcinvestav.com/" "Mozilla/5.0 (iPhone; CPU iPhone OS 13_7 like Mac OS X) AppleWebKit/605.1.15 (KHTML, like Gecko) Version/13.1.2 Mobile/15E148 Safari/604.1"
38.145.78.167 - - [18/Oct/2020:09:06:45 -0500] "GET /img/logo.png HTTP/2.0" 200 18187 "https://covidcinvestav.com/" "Mozilla/5.0 (iPhone; CPU iPhone OS 13_7 like Mac OS X) AppleWebKit/605.1.15 (KHTML, like Gecko) Version/13.1.2 Mobile/15E148 Safari/604.1"
181.215.222.122 - - [18/Oct/2020:09:06:45 -0500] "GET /img/logo.png HTTP/2.0" 200 18187 "https://covidcinvestav.com/" "Mozilla/5.0 (iPhone; CPU iPhone OS 13_7 like Mac OS X) AppleWebKit/605.1.15 (KHTML, like Gecko) Version/13.1.2 Mobile/15E148 Safari/604.1"
107.178.194.22 - - [18/Oct/2020:10:20:20 -0500] "GET / HTTP/1.1" 200 5670 "http://covidcinvestav.com" "Mozilla/5.0 (Windows; U; MSIE 9.0; Windows NT 9.0; en-US) AppEngine-Google; (+http://code.google.com/appengine; appid: s~virustotalcloud)"
23.106.215.30 - - [18/Oct/2020:10:23:13 -0500] "GET / HTTP/1.1" 200 5670 "-" "Mozilla/5.0 (Windows NT 10.0; Win64; x64) AppleWebKit/537.36 (KHTML, like Gecko) Chrome/63.0.3239.132 Safari/537.36"
104.131.116.20 - - [18/Oct/2020:10:51:46 -0500] "GET / HTTP/1.0" 200 5670 "-" "Mozilla/5.0 (Windows NT 10.0; Win64; x64; rv:81.0) Gecko/20100101 Firefox/81.0"
52.186.120.234 - - [18/Oct/2020:11:17:47 -0500] "GET / HTTP/1.1" 200 5670 "-" "Mozilla/5.0 (Windows NT 6.1; WOW64) AppleWebKit/534.24 (KHTML, like Gecko) Chrome/11.0.696.71 Safari/534.24"
107.178.194.22 - - [18/Oct/2020:12:20:10 -0500] "GET / HTTP/1.1" 200 5670 "http://covidcinvestav.com" "Mozilla/5.0 (Windows; U; MSIE 9.0; Windows NT 9.0; en-US) AppEngine-Google; (+http://code.google.com/appengine; appid: s~virustotalcloud)"
52.186.120.234 - - [18/Oct/2020:12:26:31 -0500] "GET / HTTP/1.1" 200 5670 "http://covidcinvestav.com/" "Mozilla/5.0 (Windows NT 6.1; WOW64) AppleWebKit/534.24 (KHTML, like Gecko) Chrome/11.0.696.71 Safari/534.24"
80.255.7.70 - - [18/Oct/2020:13:02:41 -0500] "GET / HTTP/1.1" 200 5670 "-" "Mozilla/5.0 (Windows NT 10.0; Win64; x64) AppleWebKit/537.36 (KHTML, like Gecko) Chrome/84.0.4147.89 Safari/537.36"
107.178.194.22 - - [18/Oct/2020:14:19:24 -0500] "GET / HTTP/1.1" 200 5670 "http://covidcinvestav.com" "Mozilla/5.0 (Windows; U; MSIE 9.0; Windows NT 9.0; en-US) AppEngine-Google; (+http://code.google.com/appengine; appid: s~virustotalcloud)"
34.66.195.9 - - [18/Oct/2020:14:22:28 -0500] "GET / HTTP/1.1" 200 5670 "-" "Mozilla/5.0 (X11; Linux x86_64) AppleWebKit/537.36 (KHTML, like Gecko) Chrome/59.0.3071.104 Safari/537.36"
34.66.195.9 - - [18/Oct/2020:14:22:30 -0500] "GET / HTTP/1.1" 200 5670 "-" "Mozilla/5.0 (X11; Linux x86_64) AppleWebKit/537.36 (KHTML, like Gecko) Chrome/70.0.3538.67 Safari/537.36"
34.66.195.9 - - [18/Oct/2020:14:22:30 -0500] "GET /css/style.css HTTP/1.1" 200 7492 "https://covidcinvestav.com/" "Mozilla/5.0 (X11; Linux x86_64) AppleWebKit/537.36 (KHTML, like Gecko) Chrome/70.0.3538.67 Safari/537.36"
34.66.195.9 - - [18/Oct/2020:14:22:30 -0500] "GET /img/logo.png HTTP/1.1" 200 18187 "https://covidcinvestav.com/" "Mozilla/5.0 (X11; Linux x86_64) AppleWebKit/537.36 (KHTML, like Gecko) Chrome/70.0.3538.67 Safari/537.36"
194.72.238.12 - - [18/Oct/2020:15:27:36 -0500] "GET / HTTP/2.0" 200 5670 "-" "Mozilla/5.0 (Windows NT 10.0; Win64; x64) AppleWebKit/537.36 (KHTML, like Gecko) Chrome/85.0.4183.121 Safari/537.36"
194.72.238.12 - - [18/Oct/2020:15:27:37 -0500] "GET /css/style.css HTTP/2.0" 200 7492 "https://covidcinvestav.com/" "Mozilla/5.0 (Windows NT 10.0; Win64; x64) AppleWebKit/537.36 (KHTML, like Gecko) Chrome/85.0.4183.121 Safari/537.36"
194.72.238.12 - - [18/Oct/2020:15:27:37 -0500] "GET /img/logo.png HTTP/2.0" 200 18187 "https://covidcinvestav.com/" "Mozilla/5.0 (Windows NT 10.0; Win64; x64) AppleWebKit/537.36 (KHTML, like Gecko) Chrome/85.0.4183.121 Safari/537.36"
159.65.210.36 - - [18/Oct/2020:15:44:10 -0500] "GET / HTTP/1.1" 200 5670 "https://www.covidcinvestav.com/" "Mozilla/5.0 (iPhone; CPU iPhone OS 14_0_1 like Mac OS X) AppleWebKit/605.1.15 (KHTML, like Gecko) Version/14.0 Mobile/15E148 Safari/604.1"
147.147.220.71 - - [18/Oct/2020:15:44:10 -0500] "GET / HTTP/1.1" 200 5670 "https://www.covidcinvestav.com/" "Mozilla/5.0 (Windows NT 10.0; Win64; x64; rv:81.0) Gecko/20100101 Firefox/81.0"
