77.247.127.140 - - [24/Oct/2020:02:37:02 -0500] "GET //wp1/wp-includes/wlwmanifest.xml HTTP/1.0" 404 1463 "-" "Mozilla/5.0 (Windows NT 10.0; Win64; x64) AppleWebKit/537.36 (KHTML, like Gecko) Chrome/78.0.3904.108 Safari/537.36"
77.247.127.140 - - [24/Oct/2020:02:37:02 -0500] "GET //test/wp-includes/wlwmanifest.xml HTTP/1.0" 404 1463 "-" "Mozilla/5.0 (Windows NT 10.0; Win64; x64) AppleWebKit/537.36 (KHTML, like Gecko) Chrome/78.0.3904.108 Safari/537.36"
77.247.127.140 - - [24/Oct/2020:02:37:02 -0500] "GET //media/wp-includes/wlwmanifest.xml HTTP/1.0" 404 1463 "-" "Mozilla/5.0 (Windows NT 10.0; Win64; x64) AppleWebKit/537.36 (KHTML, like Gecko) Chrome/78.0.3904.108 Safari/537.36"
77.247.127.140 - - [24/Oct/2020:02:37:02 -0500] "GET //wp2/wp-includes/wlwmanifest.xml HTTP/1.0" 404 1463 "-" "Mozilla/5.0 (Windows NT 10.0; Win64; x64) AppleWebKit/537.36 (KHTML, like Gecko) Chrome/78.0.3904.108 Safari/537.36"
77.247.127.140 - - [24/Oct/2020:02:37:02 -0500] "GET //site/wp-includes/wlwmanifest.xml HTTP/1.0" 404 1463 "-" "Mozilla/5.0 (Windows NT 10.0; Win64; x64) AppleWebKit/537.36 (KHTML, like Gecko) Chrome/78.0.3904.108 Safari/537.36"
77.247.127.140 - - [24/Oct/2020:02:37:03 -0500] "GET //cms/wp-includes/wlwmanifest.xml HTTP/1.0" 404 1463 "-" "Mozilla/5.0 (Windows NT 10.0; Win64; x64) AppleWebKit/537.36 (KHTML, like Gecko) Chrome/78.0.3904.108 Safari/537.36"
77.247.127.140 - - [24/Oct/2020:02:37:03 -0500] "GET //sito/wp-includes/wlwmanifest.xml HTTP/1.0" 404 1463 "-" "Mozilla/5.0 (Windows NT 10.0; Win64; x64) AppleWebKit/537.36 (KHTML, like Gecko) Chrome/78.0.3904.108 Safari/537.36"
157.230.210.133 - - [24/Oct/2020:02:57:33 -0500] "GET / HTTP/1.0" 200 386 "-" "Mozilla/5.0 (Windows NT 10.0; Win64; x64) AppleWebKit/537.36 (KHTML, like Gecko) Chrome/84.0.4147.89 Safari/537.36"
35.184.57.152 - - [24/Oct/2020:03:06:34 -0500] "GET / HTTP/1.0" 200 386 "-" "Mozilla/5.0 (X11; Linux x86_64) AppleWebKit/537.36 (KHTML, like Gecko) Chrome/59.0.3071.104 Safari/537.36"
35.184.57.152 - - [24/Oct/2020:03:06:36 -0500] "GET / HTTP/1.0" 200 386 "-" "Mozilla/5.0 (X11; Linux x86_64) AppleWebKit/537.36 (KHTML, like Gecko) Chrome/70.0.3538.67 Safari/537.36"
35.184.57.152 - - [24/Oct/2020:03:06:36 -0500] "GET /css/style.css HTTP/1.0" 200 388 "https://covidcinvestav.com/" "Mozilla/5.0 (X11; Linux x86_64) AppleWebKit/537.36 (KHTML, like Gecko) Chrome/70.0.3538.67 Safari/537.36"
35.184.57.152 - - [24/Oct/2020:03:06:37 -0500] "GET /img/logo.png HTTP/1.0" 200 388 "https://covidcinvestav.com/" "Mozilla/5.0 (X11; Linux x86_64) AppleWebKit/537.36 (KHTML, like Gecko) Chrome/70.0.3538.67 Safari/537.36"
208.80.194.42 - - [24/Oct/2020:03:17:19 -0500] "GET / HTTP/1.0" 200 386 "-" "Mozilla/4.0 (compatible; MSIE 6.0; Windows NT 5.1; SV1; .NET CLR 1.1.4322; .NET CLR 2.0.50728)"
107.178.194.21 - - [23/Oct/2020:04:19:33 -0500] "GET / HTTP/1.1" 200 5670 "http://covidcinvestav.com" "Mozilla/5.0 (Windows; U; MSIE 9.0; Windows NT 9.0; en-US) AppEngine-Google; (+http://code.google.com/appengine; appid: s~virustotalcloud)"
128.199.221.172 - - [23/Oct/2020:04:21:11 -0500] "GET / HTTP/1.1" 200 5670 "-" "Mozilla/5.0 (Windows NT 10.0; Win64; x64) AppleWebKit/537.36 (KHTML, like Gecko) Chrome/84.0.4147.89 Safari/537.36"
51.158.102.169 - - [23/Oct/2020:05:59:50 -0500] "GET / HTTP/1.1" 200 5670 "http://www.covidcinvestav.com" "Mozilla/5.0 (Macintosh; Intel Mac OS X 10_14_1) AppleWebKit/537.36 (KHTML, like Gecko) Chrome/73.0.3683.86 Safari/537.36"
51.158.102.169 - - [23/Oct/2020:05:59:54 -0500] "GET /test/php/test.html HTTP/1.1" 200 1991 "http://www.covidcinvestav.com/test/php/test.html" "Mozilla/5.0 (Macintosh; Intel Mac OS X 10_14_1) AppleWebKit/537.36 (KHTML, like Gecko) Chrome/73.0.3683.86 Safari/537.36"
51.158.102.169 - - [23/Oct/2020:05:59:58 -0500] "GET /test/ssi/test.html HTTP/1.1" 200 1996 "http://www.covidcinvestav.com/test/ssi/test.html" "Mozilla/5.0 (Macintosh; Intel Mac OS X 10_14_1) AppleWebKit/537.36 (KHTML, like Gecko) Chrome/73.0.3683.86 Safari/537.36"
51.158.102.169 - - [23/Oct/2020:06:00:04 -0500] "GET /test/fcgi/test.html HTTP/1.1" 200 2000 "http://www.covidcinvestav.com/test/fcgi/test.html" "Mozilla/5.0 (Macintosh; Intel Mac OS X 10_14_1) AppleWebKit/537.36 (KHTML, like Gecko) Chrome/73.0.3683.86 Safari/537.36"
51.158.102.169 - - [23/Oct/2020:06:00:08 -0500] "GET /test/perl/test.html HTTP/1.1" 200 2000 "http://www.covidcinvestav.com/test/perl/test.html" "Mozilla/5.0 (Macintosh; Intel Mac OS X 10_14_1) AppleWebKit/537.36 (KHTML, like Gecko) Chrome/73.0.3683.86 Safari/537.36"
51.158.102.169 - - [23/Oct/2020:06:00:12 -0500] "GET /test/python/test.html HTTP/1.1" 200 1996 "http://www.covidcinvestav.com/test/python/test.html" "Mozilla/5.0 (Macintosh; Intel Mac OS X 10_14_1) AppleWebKit/537.36 (KHTML, like Gecko) Chrome/73.0.3683.86 Safari/537.36"
51.158.102.169 - - [23/Oct/2020:06:00:18 -0500] "GET /index.html HTTP/1.1" 200 5670 "http://www.covidcinvestav.com/../../index.html" "Mozilla/5.0 (Macintosh; Intel Mac OS X 10_14_1) AppleWebKit/537.36 (KHTML, like Gecko) Chrome/73.0.3683.86 Safari/537.36"
107.178.194.22 - - [23/Oct/2020:06:19:19 -0500] "GET / HTTP/1.1" 200 5670 "http://covidcinvestav.com" "Mozilla/5.0 (Windows; U; MSIE 9.0; Windows NT 9.0; en-US) AppEngine-Google; (+http://code.google.com/appengine; appid: s~virustotalcloud)"
128.199.221.172 - - [23/Oct/2020:07:43:14 -0500] "GET / HTTP/1.1" 200 5670 "-" "Mozilla/5.0 (Windows NT 10.0; Win64; x64) AppleWebKit/537.36 (KHTML, like Gecko) Chrome/84.0.4147.89 Safari/537.36"
179.43.171.74 - - [23/Oct/2020:08:13:11 -0500] "GET / HTTP/2.0" 200 5670 "-" "Mozilla/5.0 (X11; Linux x86_64) AppleWebKit/537.36 (KHTML, like Gecko) Ubuntu Chromium/80.0.3987.163 Chrome/80.0.3987.163 Safari/537.36"
107.178.194.22 - - [23/Oct/2020:08:20:48 -0500] "GET / HTTP/1.1" 200 5670 "http://covidcinvestav.com" "Mozilla/5.0 (Windows; U; MSIE 9.0; Windows NT 9.0; en-US) AppEngine-Google; (+http://code.google.com/appengine; appid: s~virustotalcloud)"
44.234.67.26 - - [23/Oct/2020:08:52:21 -0500] "GET / HTTP/2.0" 200 5670 "-" "Mozilla/5.0 (Windows NT 10.0; Win64; x64; rv:57.0) Gecko/20100101 Firefox/57.0"
44.234.67.26 - - [23/Oct/2020:08:52:21 -0500] "GET /css/style.css HTTP/2.0" 200 7492 "https://covidcinvestav.com/" "Mozilla/5.0 (Windows NT 10.0; Win64; x64; rv:57.0) Gecko/20100101 Firefox/57.0"
44.234.67.26 - - [23/Oct/2020:08:52:21 -0500] "GET /img/logo.png HTTP/2.0" 200 18187 "https://covidcinvestav.com/" "Mozilla/5.0 (Windows NT 10.0; Win64; x64; rv:57.0) Gecko/20100101 Firefox/57.0"
74.82.47.194 - - [23/Oct/2020:09:22:08 -0500] "GET / HTTP/1.1" 200 5670 "https://covidcinvestav.com/" "Mozilla/5.0 (compatible; MSIE 10.0; Windows NT 6.1; Trident/6.0)"
71.19.154.84 - - [23/Oct/2020:09:36:02 -0500] "GET / HTTP/1.1" 200 5670 "https://covidcinvestav.com/" "Mozilla/5.0 (compatible; MSIE 10.0; Windows NT 6.1; Trident/6.0)"
107.178.194.23 - - [23/Oct/2020:10:20:55 -0500] "GET / HTTP/1.1" 200 5670 "http://covidcinvestav.com" "Mozilla/5.0 (Windows; U; MSIE 9.0; Windows NT 9.0; en-US) AppEngine-Google; (+http://code.google.com/appengine; appid: s~virustotalcloud)"
138.68.84.122 - - [23/Oct/2020:10:58:07 -0500] "GET / HTTP/1.1" 200 5670 "-" "Mozilla/5.0 (Windows NT 10.0; Win64; x64) AppleWebKit/537.36 (KHTML, like Gecko) Chrome/84.0.4147.89 Safari/537.36"
138.68.84.122 - - [23/Oct/2020:12:10:30 -0500] "GET / HTTP/1.1" 200 5670 "-" "Mozilla/5.0 (Windows NT 10.0; Win64; x64) AppleWebKit/537.36 (KHTML, like Gecko) Chrome/84.0.4147.89 Safari/537.36"
107.178.194.23 - - [23/Oct/2020:12:21:01 -0500] "GET / HTTP/1.1" 200 5670 "http://covidcinvestav.com" "Mozilla/5.0 (Windows; U; MSIE 9.0; Windows NT 9.0; en-US) AppEngine-Google; (+http://code.google.com/appengine; appid: s~virustotalcloud)"
104.198.255.142 - - [23/Oct/2020:12:21:21 -0500] "GET / HTTP/1.1" 200 5670 "-" "Mozilla/5.0 (X11; Linux x86_64) AppleWebKit/537.36 (KHTML, like Gecko) Chrome/59.0.3071.104 Safari/537.36"
104.198.255.142 - - [23/Oct/2020:12:21:24 -0500] "GET / HTTP/1.1" 200 5670 "-" "Mozilla/5.0 (X11; Linux x86_64) AppleWebKit/537.36 (KHTML, like Gecko) Chrome/70.0.3538.67 Safari/537.36"
104.198.255.142 - - [23/Oct/2020:12:21:24 -0500] "GET /css/style.css HTTP/1.1" 200 7492 "https://covidcinvestav.com/" "Mozilla/5.0 (X11; Linux x86_64) AppleWebKit/537.36 (KHTML, like Gecko) Chrome/70.0.3538.67 Safari/537.36"
104.198.255.142 - - [23/Oct/2020:12:21:25 -0500] "GET /img/logo.png HTTP/1.1" 200 18187 "https://covidcinvestav.com/" "Mozilla/5.0 (X11; Linux x86_64) AppleWebKit/537.36 (KHTML, like Gecko) Chrome/70.0.3538.67 Safari/537.36"
107.189.10.101 - - [23/Oct/2020:12:22:02 -0500] "GET / HTTP/1.1" 200 5670 "https://covidcinvestav.com/" "Mozilla/5.0 (compatible; MSIE 10.0; Windows NT 6.1; Trident/6.0)"
192.145.127.221 - - [23/Oct/2020:12:32:17 -0500] "GET / HTTP/1.1" 200 5670 "-" "Mozilla/5.0 (Windows NT 10.0; Win64; x64) AppleWebKit/537.36 (KHTML, like Gecko) Chrome/84.0.4147.89 Safari/537.36"
193.0.200.66 - - [23/Oct/2020:13:04:01 -0500] "GET / HTTP/1.1" 200 5670 "-" "Mozilla/5.0 (Windows NT 10.0; Win64; x64) AppleWebKit/537.36 (KHTML, like Gecko) Chrome/84.0.4147.89 Safari/537.36"
107.178.194.23 - - [23/Oct/2020:14:19:19 -0500] "GET / HTTP/1.1" 200 5670 "http://covidcinvestav.com" "Mozilla/5.0 (Windows; U; MSIE 9.0; Windows NT 9.0; en-US) AppEngine-Google; (+http://code.google.com/appengine; appid: s~virustotalcloud)"
51.81.82.227 - - [23/Oct/2020:14:19:59 -0500] "GET / HTTP/1.1" 200 5670 "https://covidcinvestav.com/" "Mozilla/5.0 (compatible; MSIE 10.0; Windows NT 6.1; Trident/6.0)"
157.230.210.133 - - [23/Oct/2020:14:49:43 -0500] "GET / HTTP/1.1" 200 5670 "-" "Mozilla/5.0 (Windows NT 10.0; Win64; x64) AppleWebKit/537.36 (KHTML, like Gecko) Chrome/84.0.4147.89 Safari/537.36"
157.230.210.133 - - [23/Oct/2020:15:31:20 -0500] "GET / HTTP/1.1" 200 5670 "-" "Mozilla/5.0 (Windows NT 10.0; Win64; x64) AppleWebKit/537.36 (KHTML, like Gecko) Chrome/84.0.4147.89 Safari/537.36"
107.178.194.23 - - [23/Oct/2020:16:18:49 -0500] "GET / HTTP/1.1" 200 5670 "http://covidcinvestav.com" "Mozilla/5.0 (Windows; U; MSIE 9.0; Windows NT 9.0; en-US) AppEngine-Google; (+http://code.google.com/appengine; appid: s~virustotalcloud)"
208.87.237.140 - - [23/Oct/2020:16:18:51 -0500] "GET / HTTP/1.1" 200 5670 "-" "Mozilla/4.0 (compatible; MSIE 7.0; Windows NT 6.0; Trident/4.0)"
185.41.240.27 - - [23/Oct/2020:16:39:56 -0500] "GET / HTTP/1.1" 200 5670 "-" "Mozilla/5.0 (Windows NT 10.0; Win64; x64) AppleWebKit/537.36 (KHTML, like Gecko) Chrome/84.0.4147.89 Safari/537.36"
66.249.65.49 - - [23/Oct/2020:16:40:47 -0500] "GET / HTTP/1.1" 200 5670 "-" "Mozilla/5.0 (Linux; Android 6.0.1; Nexus 5X Build/MMB29P) AppleWebKit/537.36 (KHTML, like Gecko) Chrome/86.0.4240.96 Mobile Safari/537.36 (compatible; Googlebot/2.1; +http://www.google.com/bot.html)"
96.9.249.37 - - [23/Oct/2020:17:14:09 -0500] "GET / HTTP/1.1" 200 5670 "-" "Mozilla/5.0 (Windows NT 10.0; Win64; x64) AppleWebKit/537.36 (KHTML, like Gecko) Chrome/84.0.4147.89 Safari/537.36"
205.169.39.54 - - [23/Oct/2020:17:20:29 -0500] "GET / HTTP/2.0" 200 5670 "-" "Mozilla/5.0 (Windows NT 10.0; Win64; x64) AppleWebKit/537.36 (KHTML, like Gecko) Chrome/76.0.3809.71 Safari/537.36"
205.169.39.54 - - [23/Oct/2020:17:20:29 -0500] "GET /img/logo.png HTTP/2.0" 200 18187 "https://covidcinvestav.com/" "Mozilla/5.0 (Windows NT 10.0; Win64; x64) AppleWebKit/537.36 (KHTML, like Gecko) Chrome/76.0.3809.71 Safari/537.36"
205.169.39.54 - - [23/Oct/2020:17:20:29 -0500] "GET /css/style.css HTTP/2.0" 200 7492 "https://covidcinvestav.com/" "Mozilla/5.0 (Windows NT 10.0; Win64; x64) AppleWebKit/537.36 (KHTML, like Gecko) Chrome/76.0.3809.71 Safari/537.36"
107.178.194.21 - - [23/Oct/2020:18:20:42 -0500] "GET / HTTP/1.1" 200 5670 "http://covidcinvestav.com" "Mozilla/5.0 (Windows; U; MSIE 9.0; Windows NT 9.0; en-US) AppEngine-Google; (+http://code.google.com/appengine; appid: s~virustotalcloud)"
107.189.11.78 - - [23/Oct/2020:18:37:39 -0500] "GET / HTTP/1.1" 200 5670 "https://covidcinvestav.com/" "Mozilla/5.0 (compatible; MSIE 10.0; Windows NT 6.1; Trident/6.0)"
96.9.249.37 - - [23/Oct/2020:18:54:32 -0500] "GET / HTTP/1.1" 200 5670 "-" "Mozilla/5.0 (Windows NT 10.0; Win64; x64) AppleWebKit/537.36 (KHTML, like Gecko) Chrome/84.0.4147.89 Safari/537.36"
205.169.39.117 - - [23/Oct/2020:19:20:45 -0500] "GET / HTTP/1.1" 200 5670 "-" "Mozilla/5.0 (Windows NT 6.1; Win64; x64) AppleWebKit/537.36 (KHTML, like Gecko) Chrome/83.0.4103.61 Safari/537.36"
205.169.39.117 - - [23/Oct/2020:19:20:48 -0500] "GET / HTTP/2.0" 200 5670 "-" "Mozilla/5.0 (Windows NT 10.0; Win64; x64) AppleWebKit/537.36 (KHTML, like Gecko) Chrome/79.0.3945.79 Safari/537.36"
205.169.39.117 - - [23/Oct/2020:19:20:48 -0500] "GET /css/style.css HTTP/2.0" 200 7492 "https://covidcinvestav.com/" "Mozilla/5.0 (Windows NT 10.0; Win64; x64) AppleWebKit/537.36 (KHTML, like Gecko) Chrome/79.0.3945.79 Safari/537.36"
205.169.39.117 - - [23/Oct/2020:19:20:48 -0500] "GET /img/logo.png HTTP/2.0" 200 18187 "https://covidcinvestav.com/" "Mozilla/5.0 (Windows NT 10.0; Win64; x64) AppleWebKit/537.36 (KHTML, like Gecko) Chrome/79.0.3945.79 Safari/537.36"
44.234.188.92 - - [23/Oct/2020:19:55:24 -0500] "GET / HTTP/2.0" 200 5670 "-" "Mozilla/5.0 (Windows NT 10.0; Win64; x64; rv:57.0) Gecko/20100101 Firefox/57.0"
44.234.188.92 - - [23/Oct/2020:19:55:24 -0500] "GET /css/style.css HTTP/2.0" 200 7492 "https://covidcinvestav.com/" "Mozilla/5.0 (Windows NT 10.0; Win64; x64; rv:57.0) Gecko/20100101 Firefox/57.0"
44.234.188.92 - - [23/Oct/2020:19:55:24 -0500] "GET /img/logo.png HTTP/2.0" 200 18187 "https://covidcinvestav.com/" "Mozilla/5.0 (Windows NT 10.0; Win64; x64; rv:57.0) Gecko/20100101 Firefox/57.0"
179.43.171.74 - - [23/Oct/2020:20:13:09 -0500] "GET / HTTP/2.0" 200 5670 "-" "Mozilla/5.0 (X11; Linux x86_64) AppleWebKit/537.36 (KHTML, like Gecko) Ubuntu Chromium/80.0.3987.163 Chrome/80.0.3987.163 Safari/537.36"
107.178.194.22 - - [23/Oct/2020:20:20:16 -0500] "GET / HTTP/1.1" 200 5670 "http://covidcinvestav.com" "Mozilla/5.0 (Windows; U; MSIE 9.0; Windows NT 9.0; en-US) AppEngine-Google; (+http://code.google.com/appengine; appid: s~virustotalcloud)"
138.68.84.122 - - [23/Oct/2020:20:32:50 -0500] "GET / HTTP/1.1" 200 5670 "-" "Mozilla/5.0 (Windows NT 10.0; Win64; x64) AppleWebKit/537.36 (KHTML, like Gecko) Chrome/84.0.4147.89 Safari/537.36"
51.68.174.34 - - [23/Oct/2020:20:49:00 -0500] "GET / HTTP/1.1" 200 5670 "https://covidcinvestav.com/" "Mozilla/5.0 (compatible; MSIE 10.0; Windows NT 6.1; Trident/6.0)"
167.99.172.253 - - [23/Oct/2020:20:49:06 -0500] "GET / HTTP/1.1" 200 5670 "-" "Mozilla/5.0 (Windows NT 10.0; Win64; x64) AppleWebKit/537.36 (KHTML, like Gecko) Chrome/84.0.4147.89 Safari/537.36"
167.71.82.250 - - [23/Oct/2020:21:08:41 -0500] "GET / HTTP/1.0" 200 5670 "-" "Mozilla/5.0 (Windows NT 10.0; Win64; x64; rv:81.0) Gecko/20100101 Firefox/81.0"
205.169.39.232 - - [23/Oct/2020:21:38:10 -0500] "GET / HTTP/1.1" 200 5670 "-" "Mozilla/5.0 (Windows NT 6.1; Win64; x64) AppleWebKit/537.36 (KHTML, like Gecko) Chrome/83.0.4103.61 Safari/537.36"
205.169.39.232 - - [23/Oct/2020:21:38:13 -0500] "GET / HTTP/2.0" 200 5670 "-" "Mozilla/5.0 (Windows NT 10.0; Win64; x64) AppleWebKit/537.36 (KHTML, like Gecko) Chrome/79.0.3945.79 Safari/537.36"
205.169.39.232 - - [23/Oct/2020:21:38:13 -0500] "GET /img/logo.png HTTP/2.0" 200 18187 "https://covidcinvestav.com/" "Mozilla/5.0 (Windows NT 10.0; Win64; x64) AppleWebKit/537.36 (KHTML, like Gecko) Chrome/79.0.3945.79 Safari/537.36"
205.169.39.232 - - [23/Oct/2020:21:38:13 -0500] "GET /css/style.css HTTP/2.0" 200 7492 "https://covidcinvestav.com/" "Mozilla/5.0 (Windows NT 10.0; Win64; x64) AppleWebKit/537.36 (KHTML, like Gecko) Chrome/79.0.3945.79 Safari/537.36"
107.178.194.23 - - [23/Oct/2020:22:19:24 -0500] "GET / HTTP/1.1" 200 5670 "http://covidcinvestav.com" "Mozilla/5.0 (Windows; U; MSIE 9.0; Windows NT 9.0; en-US) AppEngine-Google; (+http://code.google.com/appengine; appid: s~virustotalcloud)"
107.189.10.101 - - [23/Oct/2020:22:39:51 -0500] "GET / HTTP/1.1" 200 5670 "https://covidcinvestav.com/" "Mozilla/5.0 (compatible; MSIE 10.0; Windows NT 6.1; Trident/6.0)"
107.178.194.22 - - [24/Oct/2020:00:18:44 -0500] "GET / HTTP/1.1" 200 5670 "http://covidcinvestav.com" "Mozilla/5.0 (Windows; U; MSIE 9.0; Windows NT 9.0; en-US) AppEngine-Google; (+http://code.google.com/appengine; appid: s~virustotalcloud)"
162.245.206.246 - - [24/Oct/2020:00:57:51 -0500] "GET / HTTP/1.1" 200 5670 "-" "Mozilla/5.0 (Windows NT 10.0; Win64; x64) AppleWebKit/537.36 (KHTML, like Gecko) Chrome/84.0.4147.89 Safari/537.36"
51.81.82.236 - - [24/Oct/2020:01:12:19 -0500] "GET / HTTP/1.1" 200 5670 "https://covidcinvestav.com/" "Mozilla/5.0 (compatible; MSIE 10.0; Windows NT 6.1; Trident/6.0)"
51.81.82.246 - - [24/Oct/2020:01:12:35 -0500] "GET / HTTP/1.1" 200 5670 "https://covidcinvestav.com/" "Mozilla/5.0 (compatible; MSIE 10.0; Windows NT 6.1; Trident/6.0)"
52.186.120.234 - - [24/Oct/2020:01:28:05 -0500] "GET / HTTP/1.1" 200 5670 "-" "Mozilla/5.0 (Windows NT 6.1; WOW64) AppleWebKit/534.24 (KHTML, like Gecko) Chrome/11.0.696.71 Safari/534.24"
52.186.120.234 - - [24/Oct/2020:01:35:38 -0500] "GET / HTTP/1.1" 200 5670 "http://covidcinvestav.com/" "Mozilla/5.0 (Windows NT 6.1; WOW64) AppleWebKit/534.24 (KHTML, like Gecko) Chrome/11.0.696.71 Safari/534.24"
107.178.194.21 - - [24/Oct/2020:02:21:08 -0500] "GET / HTTP/1.1" 200 5670 "http://covidcinvestav.com" "Mozilla/5.0 (Windows; U; MSIE 9.0; Windows NT 9.0; en-US) AppEngine-Google; (+http://code.google.com/appengine; appid: s~virustotalcloud)"
80.255.7.117 - - [24/Oct/2020:02:26:00 -0500] "GET / HTTP/1.1" 200 5670 "-" "Mozilla/5.0 (Windows NT 10.0; Win64; x64) AppleWebKit/537.36 (KHTML, like Gecko) Chrome/84.0.4147.89 Safari/537.36"
77.247.127.140 - - [24/Oct/2020:02:37:00 -0500] "GET / HTTP/1.1" 200 5670 "-" "Mozilla/5.0 (Windows NT 10.0; Win64; x64) AppleWebKit/537.36 (KHTML, like Gecko) Chrome/78.0.3904.108 Safari/537.36"
77.247.127.140 - - [24/Oct/2020:02:37:00 -0500] "GET / HTTP/1.1" 200 5670 "-" "Mozilla/5.0 (Windows NT 10.0; Win64; x64) AppleWebKit/537.36 (KHTML, like Gecko) Chrome/78.0.3904.108 Safari/537.36"
77.247.127.140 - - [24/Oct/2020:02:37:03 -0500] "" 400 0 "-" "-"
157.230.210.133 - - [24/Oct/2020:02:57:33 -0500] "GET / HTTP/1.1" 200 5670 "-" "Mozilla/5.0 (Windows NT 10.0; Win64; x64) AppleWebKit/537.36 (KHTML, like Gecko) Chrome/84.0.4147.89 Safari/537.36"
35.184.57.152 - - [24/Oct/2020:03:06:34 -0500] "GET / HTTP/1.1" 200 5670 "-" "Mozilla/5.0 (X11; Linux x86_64) AppleWebKit/537.36 (KHTML, like Gecko) Chrome/59.0.3071.104 Safari/537.36"
35.184.57.152 - - [24/Oct/2020:03:06:36 -0500] "GET / HTTP/1.1" 200 5670 "-" "Mozilla/5.0 (X11; Linux x86_64) AppleWebKit/537.36 (KHTML, like Gecko) Chrome/70.0.3538.67 Safari/537.36"
35.184.57.152 - - [24/Oct/2020:03:06:36 -0500] "GET /css/style.css HTTP/1.1" 200 7492 "https://covidcinvestav.com/" "Mozilla/5.0 (X11; Linux x86_64) AppleWebKit/537.36 (KHTML, like Gecko) Chrome/70.0.3538.67 Safari/537.36"
35.184.57.152 - - [24/Oct/2020:03:06:37 -0500] "GET /img/logo.png HTTP/1.1" 200 18187 "https://covidcinvestav.com/" "Mozilla/5.0 (X11; Linux x86_64) AppleWebKit/537.36 (KHTML, like Gecko) Chrome/70.0.3538.67 Safari/537.36"
208.80.194.42 - - [24/Oct/2020:03:17:19 -0500] "GET / HTTP/1.1" 200 5670 "-" "Mozilla/4.0 (compatible; MSIE 6.0; Windows NT 5.1; SV1; .NET CLR 1.1.4322; .NET CLR 2.0.50728)"
74.82.47.194 - - [24/Oct/2020:03:37:55 -0500] "GET / HTTP/1.0" 200 386 "https://covidcinvestav.com/" "Mozilla/5.0 (compatible; MSIE 10.0; Windows NT 6.1; Trident/6.0)"
96.9.249.37 - - [24/Oct/2020:03:40:59 -0500] "GET / HTTP/1.0" 200 386 "-" "Mozilla/5.0 (Windows NT 10.0; Win64; x64) AppleWebKit/537.36 (KHTML, like Gecko) Chrome/84.0.4147.89 Safari/537.36"
107.178.194.22 - - [24/Oct/2020:03:56:25 -0500] "GET / HTTP/1.0" 200 386 "http://covidcinvestav.com" "Mozilla/5.0 (Windows; U; MSIE 9.0; Windows NT 9.0; en-US) AppEngine-Google; (+http://code.google.com/appengine; appid: s~virustotalcloud)"
74.82.47.194 - - [24/Oct/2020:03:37:55 -0500] "GET / HTTP/1.1" 200 5670 "https://covidcinvestav.com/" "Mozilla/5.0 (compatible; MSIE 10.0; Windows NT 6.1; Trident/6.0)"
96.9.249.37 - - [24/Oct/2020:03:40:59 -0500] "GET / HTTP/1.1" 200 5670 "-" "Mozilla/5.0 (Windows NT 10.0; Win64; x64) AppleWebKit/537.36 (KHTML, like Gecko) Chrome/84.0.4147.89 Safari/537.36"
107.178.194.22 - - [24/Oct/2020:03:56:25 -0500] "GET / HTTP/1.1" 200 5670 "http://covidcinvestav.com" "Mozilla/5.0 (Windows; U; MSIE 9.0; Windows NT 9.0; en-US) AppEngine-Google; (+http://code.google.com/appengine; appid: s~virustotalcloud)"
103.254.153.207 - - [24/Oct/2020:04:09:56 -0500] "GET / HTTP/1.0" 200 386 "-" "Mozilla/5.0 (Windows NT 10.0; Win64; x64) AppleWebKit/537.36 (KHTML, like Gecko) Chrome/84.0.4147.89 Safari/537.36"
107.178.194.21 - - [24/Oct/2020:04:19:18 -0500] "GET / HTTP/1.0" 200 386 "http://covidcinvestav.com" "Mozilla/5.0 (Windows; U; MSIE 9.0; Windows NT 9.0; en-US) AppEngine-Google; (+http://code.google.com/appengine; appid: s~virustotalcloud)"
94.242.243.86 - - [24/Oct/2020:05:24:11 -0500] "GET / HTTP/1.0" 200 386 "-" "Mozilla/5.0 (Windows NT 10.0; Win64; x64) AppleWebKit/537.36 (KHTML, like Gecko) Chrome/84.0.4147.89 Safari/537.36"
74.82.47.194 - - [24/Oct/2020:05:42:00 -0500] "GET / HTTP/1.0" 200 386 "https://covidcinvestav.com/" "Mozilla/5.0 (compatible; MSIE 10.0; Windows NT 6.1; Trident/6.0)"
159.65.150.234 - - [24/Oct/2020:05:50:20 -0500] "GET / HTTP/1.0" 200 386 "-" "Mozilla/5.0 (Windows NT 10.0; Win64; x64) AppleWebKit/537.36 (KHTML, like Gecko) Chrome/84.0.4147.89 Safari/537.36"
107.178.194.21 - - [24/Oct/2020:06:19:11 -0500] "GET / HTTP/1.0" 200 386 "http://covidcinvestav.com" "Mozilla/5.0 (Windows; U; MSIE 9.0; Windows NT 9.0; en-US) AppEngine-Google; (+http://code.google.com/appengine; appid: s~virustotalcloud)"
35.161.55.221 - - [24/Oct/2020:06:41:03 -0500] "GET / HTTP/1.0" 200 386 "-" "python-requests/2.22.0"
74.82.47.194 - - [24/Oct/2020:07:05:20 -0500] "GET / HTTP/1.0" 200 3508 "https://covidcinvestav.com/" "Mozilla/5.0 (compatible; MSIE 10.0; Windows NT 6.1; Trident/6.0)"
178.255.148.166 - - [24/Oct/2020:07:09:08 -0500] "GET / HTTP/1.0" 200 386 "-" "Mozilla/5.0 (Windows NT 10.0; Win64; x64) AppleWebKit/537.36 (KHTML, like Gecko) Chrome/84.0.4147.89 Safari/537.36"
205.169.39.138 - - [24/Oct/2020:07:11:34 -0500] "GET / HTTP/1.0" 200 386 "-" "Mozilla/5.0 (Windows NT 6.1; Win64; x64) AppleWebKit/537.36 (KHTML, like Gecko) Chrome/83.0.4103.61 Safari/537.36"
205.169.39.138 - - [24/Oct/2020:07:11:37 -0500] "GET / HTTP/1.0" 200 386 "-" "Mozilla/5.0 (Windows NT 10.0; Win64; x64) AppleWebKit/537.36 (KHTML, like Gecko) Chrome/79.0.3945.79 Safari/537.36"
205.169.39.138 - - [24/Oct/2020:07:11:37 -0500] "GET /css/style.css HTTP/1.0" 200 388 "https://covidcinvestav.com/" "Mozilla/5.0 (Windows NT 10.0; Win64; x64) AppleWebKit/537.36 (KHTML, like Gecko) Chrome/79.0.3945.79 Safari/537.36"
205.169.39.138 - - [24/Oct/2020:07:11:37 -0500] "GET /img/logo.png HTTP/1.0" 200 388 "https://covidcinvestav.com/" "Mozilla/5.0 (Windows NT 10.0; Win64; x64) AppleWebKit/537.36 (KHTML, like Gecko) Chrome/79.0.3945.79 Safari/537.36"
35.161.55.221 - - [24/Oct/2020:07:31:02 -0500] "GET / HTTP/1.0" 200 386 "-" "Mozilla/4.0 (compatible; MSIE 10.0; Windows NT 5.1; Trident/4.0; (R1 1.5); .NET CLR 1.1.4322; .NET CLR 2.0.50727)"
35.161.55.221 - - [24/Oct/2020:07:31:02 -0500] "GET /css/style.css HTTP/1.0" 200 388 "https://covidcinvestav.com/" "Mozilla/4.0 (compatible; MSIE 10.0; Windows NT 5.1; Trident/4.0; (R1 1.5); .NET CLR 1.1.4322; .NET CLR 2.0.50727)"
35.161.55.221 - - [24/Oct/2020:07:31:02 -0500] "GET /img/logo.png HTTP/1.0" 200 388 "https://covidcinvestav.com/" "Mozilla/4.0 (compatible; MSIE 10.0; Windows NT 5.1; Trident/4.0; (R1 1.5); .NET CLR 1.1.4322; .NET CLR 2.0.50727)"
35.161.55.221 - - [24/Oct/2020:07:31:02 -0500] "GET /img/blog.png HTTP/1.0" 200 388 "https://covidcinvestav.com/" "Mozilla/4.0 (compatible; MSIE 10.0; Windows NT 5.1; Trident/4.0; (R1 1.5); .NET CLR 1.1.4322; .NET CLR 2.0.50727)"
35.161.55.221 - - [24/Oct/2020:07:31:02 -0500] "GET /img/forum.png HTTP/1.0" 200 389 "https://covidcinvestav.com/" "Mozilla/4.0 (compatible; MSIE 10.0; Windows NT 5.1; Trident/4.0; (R1 1.5); .NET CLR 1.1.4322; .NET CLR 2.0.50727)"
35.161.55.221 - - [24/Oct/2020:07:31:02 -0500] "GET /img/knowledge-base.png HTTP/1.0" 200 398 "https://covidcinvestav.com/" "Mozilla/4.0 (compatible; MSIE 10.0; Windows NT 5.1; Trident/4.0; (R1 1.5); .NET CLR 1.1.4322; .NET CLR 2.0.50727)"
35.161.55.221 - - [24/Oct/2020:07:31:02 -0500] "GET /img/facebook.png HTTP/1.0" 200 392 "https://covidcinvestav.com/" "Mozilla/4.0 (compatible; MSIE 10.0; Windows NT 5.1; Trident/4.0; (R1 1.5); .NET CLR 1.1.4322; .NET CLR 2.0.50727)"
35.161.55.221 - - [24/Oct/2020:07:31:02 -0500] "GET /img/google-plus.png HTTP/1.0" 200 395 "https://covidcinvestav.com/" "Mozilla/4.0 (compatible; MSIE 10.0; Windows NT 5.1; Trident/4.0; (R1 1.5); .NET CLR 1.1.4322; .NET CLR 2.0.50727)"
35.161.55.221 - - [24/Oct/2020:07:31:02 -0500] "GET /img/twitter.png HTTP/1.0" 200 391 "https://covidcinvestav.com/" "Mozilla/4.0 (compatible; MSIE 10.0; Windows NT 5.1; Trident/4.0; (R1 1.5); .NET CLR 1.1.4322; .NET CLR 2.0.50727)"
35.161.55.221 - - [24/Oct/2020:07:31:02 -0500] "GET /img/fastcgi.png HTTP/1.0" 200 391 "https://covidcinvestav.com/" "Mozilla/4.0 (compatible; MSIE 10.0; Windows NT 5.1; Trident/4.0; (R1 1.5); .NET CLR 1.1.4322; .NET CLR 2.0.50727)"
35.161.55.221 - - [24/Oct/2020:07:31:02 -0500] "GET /img/python.png HTTP/1.0" 200 390 "https://covidcinvestav.com/" "Mozilla/4.0 (compatible; MSIE 10.0; Windows NT 5.1; Trident/4.0; (R1 1.5); .NET CLR 1.1.4322; .NET CLR 2.0.50727)"
35.161.55.221 - - [24/Oct/2020:07:31:02 -0500] "GET /img/php.png HTTP/1.0" 200 387 "https://covidcinvestav.com/" "Mozilla/4.0 (compatible; MSIE 10.0; Windows NT 5.1; Trident/4.0; (R1 1.5); .NET CLR 1.1.4322; .NET CLR 2.0.50727)"
35.161.55.221 - - [24/Oct/2020:07:31:02 -0500] "GET /img/perl.png HTTP/1.0" 200 388 "https://covidcinvestav.com/" "Mozilla/4.0 (compatible; MSIE 10.0; Windows NT 5.1; Trident/4.0; (R1 1.5); .NET CLR 1.1.4322; .NET CLR 2.0.50727)"
35.161.55.221 - - [24/Oct/2020:07:31:02 -0500] "GET /img/ssi.png HTTP/1.0" 200 387 "https://covidcinvestav.com/" "Mozilla/4.0 (compatible; MSIE 10.0; Windows NT 5.1; Trident/4.0; (R1 1.5); .NET CLR 1.1.4322; .NET CLR 2.0.50727)"
179.43.171.74 - - [24/Oct/2020:08:13:12 -0500] "GET / HTTP/1.0" 200 386 "-" "Mozilla/5.0 (X11; Linux x86_64) AppleWebKit/537.36 (KHTML, like Gecko) Ubuntu Chromium/80.0.3987.163 Chrome/80.0.3987.163 Safari/537.36"
107.178.194.22 - - [24/Oct/2020:08:20:01 -0500] "GET / HTTP/1.0" 200 386 "http://covidcinvestav.com" "Mozilla/5.0 (Windows; U; MSIE 9.0; Windows NT 9.0; en-US) AppEngine-Google; (+http://code.google.com/appengine; appid: s~virustotalcloud)"
205.169.39.138 - - [24/Oct/2020:08:36:14 -0500] "GET / HTTP/1.0" 200 386 "-" "Mozilla/5.0 (Windows NT 6.1; Win64; x64) AppleWebKit/537.36 (KHTML, like Gecko) Chrome/83.0.4103.61 Safari/537.36"
205.169.39.138 - - [24/Oct/2020:08:36:16 -0500] "GET / HTTP/1.0" 200 386 "-" "Mozilla/5.0 (Windows NT 10.0; Win64; x64) AppleWebKit/537.36 (KHTML, like Gecko) Chrome/79.0.3945.79 Safari/537.36"
205.169.39.138 - - [24/Oct/2020:08:36:17 -0500] "GET /css/style.css HTTP/1.0" 200 388 "https://covidcinvestav.com/" "Mozilla/5.0 (Windows NT 10.0; Win64; x64) AppleWebKit/537.36 (KHTML, like Gecko) Chrome/79.0.3945.79 Safari/537.36"
205.169.39.138 - - [24/Oct/2020:08:36:17 -0500] "GET /img/logo.png HTTP/1.0" 200 388 "https://covidcinvestav.com/" "Mozilla/5.0 (Windows NT 10.0; Win64; x64) AppleWebKit/537.36 (KHTML, like Gecko) Chrome/79.0.3945.79 Safari/537.36"
167.99.172.253 - - [24/Oct/2020:09:28:24 -0500] "GET / HTTP/1.0" 200 386 "-" "Mozilla/5.0 (Windows NT 10.0; Win64; x64) AppleWebKit/537.36 (KHTML, like Gecko) Chrome/84.0.4147.89 Safari/537.36"
51.81.81.188 - - [24/Oct/2020:10:09:05 -0500] "GET / HTTP/1.0" 200 386 "https://covidcinvestav.com/" "Mozilla/5.0 (compatible; MSIE 10.0; Windows NT 6.1; Trident/6.0)"
104.248.166.43 - - [24/Oct/2020:10:16:53 -0500] "GET / HTTP/1.0" 200 386 "-" "Mozilla/5.0 (Windows NT 10.0; Win64; x64) AppleWebKit/537.36 (KHTML, like Gecko) Chrome/84.0.4147.89 Safari/537.36"
107.178.194.21 - - [24/Oct/2020:10:19:11 -0500] "GET / HTTP/1.0" 200 386 "http://covidcinvestav.com" "Mozilla/5.0 (Windows; U; MSIE 9.0; Windows NT 9.0; en-US) AppEngine-Google; (+http://code.google.com/appengine; appid: s~virustotalcloud)"
74.82.47.194 - - [24/Oct/2020:11:56:14 -0500] "GET / HTTP/1.0" 200 386 "https://covidcinvestav.com/" "Mozilla/5.0 (compatible; MSIE 10.0; Windows NT 6.1; Trident/6.0)"
138.68.84.122 - - [24/Oct/2020:11:57:30 -0500] "GET / HTTP/1.0" 200 386 "-" "Mozilla/5.0 (Windows NT 10.0; Win64; x64) AppleWebKit/537.36 (KHTML, like Gecko) Chrome/84.0.4147.89 Safari/537.36"
94.242.243.86 - - [24/Oct/2020:11:59:05 -0500] "GET / HTTP/1.0" 200 386 "-" "Mozilla/5.0 (Windows NT 10.0; Win64; x64) AppleWebKit/537.36 (KHTML, like Gecko) Chrome/84.0.4147.89 Safari/537.36"
205.169.39.129 - - [24/Oct/2020:12:10:33 -0500] "GET / HTTP/1.0" 200 386 "-" "Mozilla/5.0 (Windows NT 6.1; Win64; x64) AppleWebKit/537.36 (KHTML, like Gecko) Chrome/83.0.4103.61 Safari/537.36"
205.169.39.129 - - [24/Oct/2020:12:10:36 -0500] "GET / HTTP/1.0" 200 386 "-" "Mozilla/5.0 (Windows NT 10.0; Win64; x64) AppleWebKit/537.36 (KHTML, like Gecko) Chrome/79.0.3945.79 Safari/537.36"
205.169.39.129 - - [24/Oct/2020:12:10:37 -0500] "GET /css/style.css HTTP/1.0" 200 388 "https://covidcinvestav.com/" "Mozilla/5.0 (Windows NT 10.0; Win64; x64) AppleWebKit/537.36 (KHTML, like Gecko) Chrome/79.0.3945.79 Safari/537.36"
205.169.39.129 - - [24/Oct/2020:12:10:37 -0500] "GET /img/logo.png HTTP/1.0" 200 388 "https://covidcinvestav.com/" "Mozilla/5.0 (Windows NT 10.0; Win64; x64) AppleWebKit/537.36 (KHTML, like Gecko) Chrome/79.0.3945.79 Safari/537.36"
107.178.194.22 - - [24/Oct/2020:12:19:27 -0500] "GET / HTTP/1.0" 200 386 "http://covidcinvestav.com" "Mozilla/5.0 (Windows; U; MSIE 9.0; Windows NT 9.0; en-US) AppEngine-Google; (+http://code.google.com/appengine; appid: s~virustotalcloud)"
74.82.47.194 - - [24/Oct/2020:13:13:09 -0500] "GET / HTTP/1.0" 200 386 "https://covidcinvestav.com/" "Mozilla/5.0 (compatible; MSIE 10.0; Windows NT 6.1; Trident/6.0)"
42.236.10.78 - - [24/Oct/2020:13:46:19 -0500] "GET / HTTP/1.0" 200 386 "http://baidu.com/" "Mozilla/5.0 (Linux; U; Android 8.1.0; zh-CN; EML-AL00 Build/HUAWEIEML-AL00) AppleWebKit/537.36 (KHTML, like Gecko) Version/4.0 Chrome/57.0.2987.108 baidu.sogo.uc.UCBrowser/11.9.4.974 UWS/2.13.1.48 Mobile Safari/537.36 AliApp(DingTalk/4.5.11) com.alibaba.android.rimet/10487439 Channel/227200 language/zh-CN"
42.236.10.78 - - [24/Oct/2020:13:46:19 -0500] "GET /css/style.css HTTP/1.0" 200 388 "https://covidcinvestav.com/" "Mozilla/5.0 (Linux; U; Android 8.1.0; zh-CN; EML-AL00 Build/HUAWEIEML-AL00) AppleWebKit/537.36 (KHTML, like Gecko) Version/4.0 Chrome/57.0.2987.108 baidu.sogo.uc.UCBrowser/11.9.4.974 UWS/2.13.1.48 Mobile Safari/537.36 AliApp(DingTalk/4.5.11) com.alibaba.android.rimet/10487439 Channel/227200 language/zh-CN"
42.236.10.78 - - [24/Oct/2020:13:46:19 -0500] "GET /img/logo.png HTTP/1.0" 200 388 "https://covidcinvestav.com/" "Mozilla/5.0 (Linux; U; Android 8.1.0; zh-CN; EML-AL00 Build/HUAWEIEML-AL00) AppleWebKit/537.36 (KHTML, like Gecko) Version/4.0 Chrome/57.0.2987.108 baidu.sogo.uc.UCBrowser/11.9.4.974 UWS/2.13.1.48 Mobile Safari/537.36 AliApp(DingTalk/4.5.11) com.alibaba.android.rimet/10487439 Channel/227200 language/zh-CN"
42.236.10.114 - - [24/Oct/2020:13:55:15 -0500] "GET / HTTP/1.0" 200 386 "http://baidu.com/" "Mozilla/5.0 (Linux; U; Android 8.1.0; zh-CN; EML-AL00 Build/HUAWEIEML-AL00) AppleWebKit/537.36 (KHTML, like Gecko) Version/4.0 Chrome/57.0.2987.108 baidu.sogo.uc.UCBrowser/11.9.4.974 UWS/2.13.1.48 Mobile Safari/537.36 AliApp(DingTalk/4.5.11) com.alibaba.android.rimet/10487439 Channel/227200 language/zh-CN"
42.236.10.114 - - [24/Oct/2020:13:55:15 -0500] "GET /css/style.css HTTP/1.0" 200 388 "https://covidcinvestav.com/" "Mozilla/5.0 (Linux; U; Android 8.1.0; zh-CN; EML-AL00 Build/HUAWEIEML-AL00) AppleWebKit/537.36 (KHTML, like Gecko) Version/4.0 Chrome/57.0.2987.108 baidu.sogo.uc.UCBrowser/11.9.4.974 UWS/2.13.1.48 Mobile Safari/537.36 AliApp(DingTalk/4.5.11) com.alibaba.android.rimet/10487439 Channel/227200 language/zh-CN"
42.236.10.114 - - [24/Oct/2020:13:55:15 -0500] "GET /img/logo.png HTTP/1.0" 200 388 "https://covidcinvestav.com/" "Mozilla/5.0 (Linux; U; Android 8.1.0; zh-CN; EML-AL00 Build/HUAWEIEML-AL00) AppleWebKit/537.36 (KHTML, like Gecko) Version/4.0 Chrome/57.0.2987.108 baidu.sogo.uc.UCBrowser/11.9.4.974 UWS/2.13.1.48 Mobile Safari/537.36 AliApp(DingTalk/4.5.11) com.alibaba.android.rimet/10487439 Channel/227200 language/zh-CN"
51.81.83.158 - - [24/Oct/2020:13:57:00 -0500] "GET / HTTP/1.0" 200 386 "https://covidcinvestav.com/" "Mozilla/5.0 (compatible; MSIE 10.0; Windows NT 6.1; Trident/6.0)"
107.178.194.22 - - [24/Oct/2020:14:20:28 -0500] "GET / HTTP/1.0" 200 386 "http://covidcinvestav.com" "Mozilla/5.0 (Windows; U; MSIE 9.0; Windows NT 9.0; en-US) AppEngine-Google; (+http://code.google.com/appengine; appid: s~virustotalcloud)"
65.155.30.101 - - [24/Oct/2020:15:22:54 -0500] "GET / HTTP/1.0" 200 386 "-" "Mozilla/5.0 (Windows NT 10.0; Win64; x64) AppleWebKit/537.36 (KHTML, like Gecko) Chrome/76.0.3809.71 Safari/537.36"
65.155.30.101 - - [24/Oct/2020:15:22:54 -0500] "GET /css/style.css HTTP/1.0" 200 388 "https://covidcinvestav.com/" "Mozilla/5.0 (Windows NT 10.0; Win64; x64) AppleWebKit/537.36 (KHTML, like Gecko) Chrome/76.0.3809.71 Safari/537.36"
65.155.30.101 - - [24/Oct/2020:15:22:54 -0500] "GET /img/logo.png HTTP/1.0" 200 388 "https://covidcinvestav.com/" "Mozilla/5.0 (Windows NT 10.0; Win64; x64) AppleWebKit/537.36 (KHTML, like Gecko) Chrome/76.0.3809.71 Safari/537.36"
77.247.127.140 - - [24/Oct/2020:15:31:05 -0500] "GET / HTTP/1.0" 200 386 "-" "Mozilla/5.0 (Windows NT 10.0; Win64; x64) AppleWebKit/537.36 (KHTML, like Gecko) Chrome/78.0.3904.108 Safari/537.36"
77.247.127.140 - - [24/Oct/2020:15:31:06 -0500] "GET //wp-includes/wlwmanifest.xml HTTP/1.0" 404 1463 "-" "Mozilla/5.0 (Windows NT 10.0; Win64; x64) AppleWebKit/537.36 (KHTML, like Gecko) Chrome/78.0.3904.108 Safari/537.36"
77.247.127.140 - - [24/Oct/2020:15:31:06 -0500] "GET //xmlrpc.php?rsd HTTP/1.0" 404 360 "-" "Mozilla/5.0 (Windows NT 10.0; Win64; x64) AppleWebKit/537.36 (KHTML, like Gecko) Chrome/78.0.3904.108 Safari/537.36"
77.247.127.140 - - [24/Oct/2020:15:31:06 -0500] "GET / HTTP/1.0" 200 386 "-" "Mozilla/5.0 (Windows NT 10.0; Win64; x64) AppleWebKit/537.36 (KHTML, like Gecko) Chrome/78.0.3904.108 Safari/537.36"
77.247.127.140 - - [24/Oct/2020:15:31:06 -0500] "GET //blog/wp-includes/wlwmanifest.xml HTTP/1.0" 404 1463 "-" "Mozilla/5.0 (Windows NT 10.0; Win64; x64) AppleWebKit/537.36 (KHTML, like Gecko) Chrome/78.0.3904.108 Safari/537.36"
77.247.127.140 - - [24/Oct/2020:15:31:06 -0500] "GET //web/wp-includes/wlwmanifest.xml HTTP/1.0" 404 1463 "-" "Mozilla/5.0 (Windows NT 10.0; Win64; x64) AppleWebKit/537.36 (KHTML, like Gecko) Chrome/78.0.3904.108 Safari/537.36"
77.247.127.140 - - [24/Oct/2020:15:31:06 -0500] "GET //wordpress/wp-includes/wlwmanifest.xml HTTP/1.0" 404 1463 "-" "Mozilla/5.0 (Windows NT 10.0; Win64; x64) AppleWebKit/537.36 (KHTML, like Gecko) Chrome/78.0.3904.108 Safari/537.36"
77.247.127.140 - - [24/Oct/2020:15:31:06 -0500] "GET //website/wp-includes/wlwmanifest.xml HTTP/1.0" 404 1463 "-" "Mozilla/5.0 (Windows NT 10.0; Win64; x64) AppleWebKit/537.36 (KHTML, like Gecko) Chrome/78.0.3904.108 Safari/537.36"
77.247.127.140 - - [24/Oct/2020:15:31:07 -0500] "GET //wp/wp-includes/wlwmanifest.xml HTTP/1.0" 404 1463 "-" "Mozilla/5.0 (Windows NT 10.0; Win64; x64) AppleWebKit/537.36 (KHTML, like Gecko) Chrome/78.0.3904.108 Safari/537.36"
77.247.127.140 - - [24/Oct/2020:15:31:07 -0500] "GET //news/wp-includes/wlwmanifest.xml HTTP/1.0" 404 1463 "-" "Mozilla/5.0 (Windows NT 10.0; Win64; x64) AppleWebKit/537.36 (KHTML, like Gecko) Chrome/78.0.3904.108 Safari/537.36"
77.247.127.140 - - [24/Oct/2020:15:31:07 -0500] "GET //2018/wp-includes/wlwmanifest.xml HTTP/1.0" 404 1463 "-" "Mozilla/5.0 (Windows NT 10.0; Win64; x64) AppleWebKit/537.36 (KHTML, like Gecko) Chrome/78.0.3904.108 Safari/537.36"
77.247.127.140 - - [24/Oct/2020:15:31:07 -0500] "GET //2019/wp-includes/wlwmanifest.xml HTTP/1.0" 404 1463 "-" "Mozilla/5.0 (Windows NT 10.0; Win64; x64) AppleWebKit/537.36 (KHTML, like Gecko) Chrome/78.0.3904.108 Safari/537.36"
77.247.127.140 - - [24/Oct/2020:15:31:07 -0500] "GET //shop/wp-includes/wlwmanifest.xml HTTP/1.0" 404 1463 "-" "Mozilla/5.0 (Windows NT 10.0; Win64; x64) AppleWebKit/537.36 (KHTML, like Gecko) Chrome/78.0.3904.108 Safari/537.36"
77.247.127.140 - - [24/Oct/2020:15:31:07 -0500] "GET //wp1/wp-includes/wlwmanifest.xml HTTP/1.0" 404 1463 "-" "Mozilla/5.0 (Windows NT 10.0; Win64; x64) AppleWebKit/537.36 (KHTML, like Gecko) Chrome/78.0.3904.108 Safari/537.36"
77.247.127.140 - - [24/Oct/2020:15:31:07 -0500] "GET //test/wp-includes/wlwmanifest.xml HTTP/1.0" 404 1463 "-" "Mozilla/5.0 (Windows NT 10.0; Win64; x64) AppleWebKit/537.36 (KHTML, like Gecko) Chrome/78.0.3904.108 Safari/537.36"
77.247.127.140 - - [24/Oct/2020:15:31:08 -0500] "GET //media/wp-includes/wlwmanifest.xml HTTP/1.0" 404 1463 "-" "Mozilla/5.0 (Windows NT 10.0; Win64; x64) AppleWebKit/537.36 (KHTML, like Gecko) Chrome/78.0.3904.108 Safari/537.36"
77.247.127.140 - - [24/Oct/2020:15:31:08 -0500] "GET //wp2/wp-includes/wlwmanifest.xml HTTP/1.0" 404 1463 "-" "Mozilla/5.0 (Windows NT 10.0; Win64; x64) AppleWebKit/537.36 (KHTML, like Gecko) Chrome/78.0.3904.108 Safari/537.36"
77.247.127.140 - - [24/Oct/2020:15:31:08 -0500] "GET //site/wp-includes/wlwmanifest.xml HTTP/1.0" 404 1463 "-" "Mozilla/5.0 (Windows NT 10.0; Win64; x64) AppleWebKit/537.36 (KHTML, like Gecko) Chrome/78.0.3904.108 Safari/537.36"
77.247.127.140 - - [24/Oct/2020:15:31:08 -0500] "GET //cms/wp-includes/wlwmanifest.xml HTTP/1.0" 404 1463 "-" "Mozilla/5.0 (Windows NT 10.0; Win64; x64) AppleWebKit/537.36 (KHTML, like Gecko) Chrome/78.0.3904.108 Safari/537.36"
77.247.127.140 - - [24/Oct/2020:15:31:08 -0500] "GET //sito/wp-includes/wlwmanifest.xml HTTP/1.0" 404 1463 "-" "Mozilla/5.0 (Windows NT 10.0; Win64; x64) AppleWebKit/537.36 (KHTML, like Gecko) Chrome/78.0.3904.108 Safari/537.36"
104.248.166.43 - - [24/Oct/2020:15:38:14 -0500] "GET / HTTP/1.0" 200 386 "-" "Mozilla/5.0 (Windows NT 10.0; Win64; x64) AppleWebKit/537.36 (KHTML, like Gecko) Chrome/84.0.4147.89 Safari/537.36"
107.178.194.21 - - [24/Oct/2020:16:19:23 -0500] "GET / HTTP/1.0" 200 386 "http://covidcinvestav.com" "Mozilla/5.0 (Windows; U; MSIE 9.0; Windows NT 9.0; en-US) AppEngine-Google; (+http://code.google.com/appengine; appid: s~virustotalcloud)"
198.251.89.99 - - [24/Oct/2020:16:19:26 -0500] "GET / HTTP/1.0" 200 386 "https://covidcinvestav.com/" "Mozilla/5.0 (compatible; MSIE 10.0; Windows NT 6.1; Trident/6.0)"
65.155.30.101 - - [24/Oct/2020:17:20:09 -0500] "GET / HTTP/1.0" 200 386 "-" "Mozilla/5.0 (Windows NT 10.0; Win64; x64) AppleWebKit/537.36 (KHTML, like Gecko) Chrome/76.0.3809.71 Safari/537.36"
65.155.30.101 - - [24/Oct/2020:17:20:09 -0500] "GET /css/style.css HTTP/1.0" 200 388 "https://covidcinvestav.com/" "Mozilla/5.0 (Windows NT 10.0; Win64; x64) AppleWebKit/537.36 (KHTML, like Gecko) Chrome/76.0.3809.71 Safari/537.36"
65.155.30.101 - - [24/Oct/2020:17:20:09 -0500] "GET /img/logo.png HTTP/1.0" 200 388 "https://covidcinvestav.com/" "Mozilla/5.0 (Windows NT 10.0; Win64; x64) AppleWebKit/537.36 (KHTML, like Gecko) Chrome/76.0.3809.71 Safari/537.36"
104.198.181.21 - - [24/Oct/2020:17:28:16 -0500] "GET / HTTP/1.0" 200 386 "-" "Mozilla/5.0 (X11; Linux x86_64) AppleWebKit/537.36 (KHTML, like Gecko) Chrome/59.0.3071.104 Safari/537.36"
104.198.181.21 - - [24/Oct/2020:17:28:18 -0500] "GET / HTTP/1.0" 200 386 "-" "Mozilla/5.0 (X11; Linux x86_64) AppleWebKit/537.36 (KHTML, like Gecko) Chrome/70.0.3538.67 Safari/537.36"
104.198.181.21 - - [24/Oct/2020:17:28:18 -0500] "GET /css/style.css HTTP/1.0" 200 388 "https://covidcinvestav.com/" "Mozilla/5.0 (X11; Linux x86_64) AppleWebKit/537.36 (KHTML, like Gecko) Chrome/70.0.3538.67 Safari/537.36"
104.198.181.21 - - [24/Oct/2020:17:28:19 -0500] "GET /img/logo.png HTTP/1.0" 200 388 "https://covidcinvestav.com/" "Mozilla/5.0 (X11; Linux x86_64) AppleWebKit/537.36 (KHTML, like Gecko) Chrome/70.0.3538.67 Safari/537.36"
107.178.194.23 - - [24/Oct/2020:18:18:45 -0500] "GET / HTTP/1.0" 200 386 "http://covidcinvestav.com" "Mozilla/5.0 (Windows; U; MSIE 9.0; Windows NT 9.0; en-US) AppEngine-Google; (+http://code.google.com/appengine; appid: s~virustotalcloud)"
205.169.39.82 - - [24/Oct/2020:19:05:22 -0500] "GET / HTTP/1.0" 200 386 "-" "Mozilla/5.0 (Windows NT 6.1; Win64; x64) AppleWebKit/537.36 (KHTML, like Gecko) Chrome/83.0.4103.61 Safari/537.36"
205.169.39.82 - - [24/Oct/2020:19:05:26 -0500] "GET / HTTP/1.0" 200 386 "-" "Mozilla/5.0 (Windows NT 10.0; Win64; x64) AppleWebKit/537.36 (KHTML, like Gecko) Chrome/79.0.3945.79 Safari/537.36"
205.169.39.82 - - [24/Oct/2020:19:05:26 -0500] "GET /css/style.css HTTP/1.0" 200 388 "https://covidcinvestav.com/" "Mozilla/5.0 (Windows NT 10.0; Win64; x64) AppleWebKit/537.36 (KHTML, like Gecko) Chrome/79.0.3945.79 Safari/537.36"
205.169.39.82 - - [24/Oct/2020:19:05:26 -0500] "GET /img/logo.png HTTP/1.0" 200 388 "https://covidcinvestav.com/" "Mozilla/5.0 (Windows NT 10.0; Win64; x64) AppleWebKit/537.36 (KHTML, like Gecko) Chrome/79.0.3945.79 Safari/537.36"
38.132.118.73 - - [24/Oct/2020:19:39:08 -0500] "GET / HTTP/1.0" 200 386 "-" "Mozilla/5.0 (Windows NT 10.0; Win64; x64) AppleWebKit/537.36 (KHTML, like Gecko) Chrome/84.0.4147.89 Safari/537.36"
205.169.39.199 - - [24/Oct/2020:19:41:51 -0500] "GET / HTTP/1.0" 200 386 "-" "Mozilla/5.0 (Windows NT 6.1; Win64; x64) AppleWebKit/537.36 (KHTML, like Gecko) Chrome/83.0.4103.61 Safari/537.36"
205.169.39.199 - - [24/Oct/2020:19:41:54 -0500] "GET / HTTP/1.0" 200 386 "-" "Mozilla/5.0 (Windows NT 10.0; Win64; x64) AppleWebKit/537.36 (KHTML, like Gecko) Chrome/79.0.3945.79 Safari/537.36"
205.169.39.199 - - [24/Oct/2020:19:41:54 -0500] "GET /img/logo.png HTTP/1.0" 200 388 "https://covidcinvestav.com/" "Mozilla/5.0 (Windows NT 10.0; Win64; x64) AppleWebKit/537.36 (KHTML, like Gecko) Chrome/79.0.3945.79 Safari/537.36"
205.169.39.199 - - [24/Oct/2020:19:41:54 -0500] "GET /css/style.css HTTP/1.0" 200 388 "https://covidcinvestav.com/" "Mozilla/5.0 (Windows NT 10.0; Win64; x64) AppleWebKit/537.36 (KHTML, like Gecko) Chrome/79.0.3945.79 Safari/537.36"
179.43.171.74 - - [24/Oct/2020:20:10:20 -0500] "GET / HTTP/1.0" 200 386 "-" "Mozilla/5.0 (X11; Linux x86_64) AppleWebKit/537.36 (KHTML, like Gecko) Ubuntu Chromium/80.0.3987.163 Chrome/80.0.3987.163 Safari/537.36"
107.178.194.23 - - [24/Oct/2020:20:19:05 -0500] "GET / HTTP/1.0" 200 386 "http://covidcinvestav.com" "Mozilla/5.0 (Windows; U; MSIE 9.0; Windows NT 9.0; en-US) AppEngine-Google; (+http://code.google.com/appengine; appid: s~virustotalcloud)"
208.87.237.140 - - [24/Oct/2020:20:19:07 -0500] "GET / HTTP/1.0" 200 386 "-" "Mozilla/5.0 (compatible; MSIE 9.0; Windows NT 6.0; Trident/5.0)"
185.18.205.122 - - [24/Oct/2020:20:36:06 -0500] "GET / HTTP/1.0" 200 386 "-" "Mozilla/5.0 (Windows NT 10.0; Win64; x64) AppleWebKit/537.36 (KHTML, like Gecko) Chrome/84.0.4147.89 Safari/537.36"
37.120.213.214 - - [24/Oct/2020:20:43:07 -0500] "GET / HTTP/1.0" 200 386 "-" "Mozilla/5.0 (Windows NT 10.0; Win64; x64) AppleWebKit/537.36 (KHTML, like Gecko) Chrome/84.0.4147.89 Safari/537.36"
138.68.84.122 - - [24/Oct/2020:21:43:23 -0500] "GET / HTTP/1.0" 200 386 "-" "Mozilla/5.0 (Windows NT 10.0; Win64; x64) AppleWebKit/537.36 (KHTML, like Gecko) Chrome/84.0.4147.89 Safari/537.36"
157.230.210.133 - - [24/Oct/2020:22:11:03 -0500] "GET / HTTP/1.0" 200 386 "-" "Mozilla/5.0 (Windows NT 10.0; Win64; x64) AppleWebKit/537.36 (KHTML, like Gecko) Chrome/84.0.4147.89 Safari/537.36"
107.178.194.23 - - [24/Oct/2020:22:20:05 -0500] "GET / HTTP/1.0" 200 386 "http://covidcinvestav.com" "Mozilla/5.0 (Windows; U; MSIE 9.0; Windows NT 9.0; en-US) AppEngine-Google; (+http://code.google.com/appengine; appid: s~virustotalcloud)"
205.169.39.226 - - [24/Oct/2020:23:20:18 -0500] "GET / HTTP/1.0" 200 386 "-" "Mozilla/5.0 (Windows NT 6.1; Win64; x64) AppleWebKit/537.36 (KHTML, like Gecko) Chrome/83.0.4103.61 Safari/537.36"
205.169.39.226 - - [24/Oct/2020:23:20:21 -0500] "GET / HTTP/1.0" 200 386 "-" "Mozilla/5.0 (Windows NT 10.0; Win64; x64) AppleWebKit/537.36 (KHTML, like Gecko) Chrome/79.0.3945.79 Safari/537.36"
205.169.39.226 - - [24/Oct/2020:23:20:21 -0500] "GET /css/style.css HTTP/1.0" 200 388 "https://covidcinvestav.com/" "Mozilla/5.0 (Windows NT 10.0; Win64; x64) AppleWebKit/537.36 (KHTML, like Gecko) Chrome/79.0.3945.79 Safari/537.36"
205.169.39.226 - - [24/Oct/2020:23:20:21 -0500] "GET /img/logo.png HTTP/1.0" 200 388 "https://covidcinvestav.com/" "Mozilla/5.0 (Windows NT 10.0; Win64; x64) AppleWebKit/537.36 (KHTML, like Gecko) Chrome/79.0.3945.79 Safari/537.36"
167.71.100.12 - - [24/Oct/2020:23:24:07 -0500] "GET / HTTP/1.0" 200 386 "-" "Mozilla/5.0 (Windows NT 10.0; Win64; x64) AppleWebKit/537.36 (KHTML, like Gecko) Chrome/86.0.4240.111 Safari/537.36"
205.169.39.138 - - [24/Oct/2020:23:24:12 -0500] "GET / HTTP/1.0" 200 386 "-" "Mozilla/5.0 (Windows NT 6.1; Win64; x64) AppleWebKit/537.36 (KHTML, like Gecko) Chrome/83.0.4103.61 Safari/537.36"
205.169.39.138 - - [24/Oct/2020:23:24:15 -0500] "GET / HTTP/1.0" 200 386 "-" "Mozilla/5.0 (Windows NT 10.0; Win64; x64) AppleWebKit/537.36 (KHTML, like Gecko) Chrome/79.0.3945.79 Safari/537.36"
205.169.39.138 - - [24/Oct/2020:23:24:15 -0500] "GET /css/style.css HTTP/1.0" 200 388 "https://covidcinvestav.com/" "Mozilla/5.0 (Windows NT 10.0; Win64; x64) AppleWebKit/537.36 (KHTML, like Gecko) Chrome/79.0.3945.79 Safari/537.36"
205.169.39.138 - - [24/Oct/2020:23:24:15 -0500] "GET /img/logo.png HTTP/1.0" 200 388 "https://covidcinvestav.com/" "Mozilla/5.0 (Windows NT 10.0; Win64; x64) AppleWebKit/537.36 (KHTML, like Gecko) Chrome/79.0.3945.79 Safari/537.36"
185.18.205.122 - - [24/Oct/2020:23:29:51 -0500] "GET / HTTP/1.0" 200 386 "-" "Mozilla/5.0 (Windows NT 10.0; Win64; x64) AppleWebKit/537.36 (KHTML, like Gecko) Chrome/84.0.4147.89 Safari/537.36"
157.245.184.13 - - [25/Oct/2020:00:13:56 -0500] "GET / HTTP/1.0" 200 386 "https://covidcinvestav.com/" "Mozilla/5.0 (compatible; MSIE 10.0; Windows NT 6.1; Trident/6.0)"
107.178.194.22 - - [25/Oct/2020:00:19:31 -0500] "GET / HTTP/1.0" 200 386 "http://covidcinvestav.com" "Mozilla/5.0 (Windows; U; MSIE 9.0; Windows NT 9.0; en-US) AppEngine-Google; (+http://code.google.com/appengine; appid: s~virustotalcloud)"
205.169.39.125 - - [25/Oct/2020:00:44:24 -0500] "GET / HTTP/1.0" 200 386 "-" "Mozilla/5.0 (Windows NT 6.1; Win64; x64) AppleWebKit/537.36 (KHTML, like Gecko) Chrome/83.0.4103.61 Safari/537.36"
205.169.39.125 - - [25/Oct/2020:00:44:27 -0500] "GET / HTTP/1.0" 200 386 "-" "Mozilla/5.0 (Windows NT 10.0; Win64; x64) AppleWebKit/537.36 (KHTML, like Gecko) Chrome/79.0.3945.79 Safari/537.36"
205.169.39.125 - - [25/Oct/2020:00:44:27 -0500] "GET /img/logo.png HTTP/1.0" 200 388 "https://covidcinvestav.com/" "Mozilla/5.0 (Windows NT 10.0; Win64; x64) AppleWebKit/537.36 (KHTML, like Gecko) Chrome/79.0.3945.79 Safari/537.36"
205.169.39.125 - - [25/Oct/2020:00:44:27 -0500] "GET /css/style.css HTTP/1.0" 200 388 "https://covidcinvestav.com/" "Mozilla/5.0 (Windows NT 10.0; Win64; x64) AppleWebKit/537.36 (KHTML, like Gecko) Chrome/79.0.3945.79 Safari/537.36"
139.99.148.4 - - [25/Oct/2020:01:07:31 -0500] "GET /wp-login.php HTTP/1.0" 404 360 "http://covidcinvestav.com/wp-login.php" "Mozilla/5.0 (X11; Ubuntu; Linux x86_64; rv:62.0) Gecko/20100101 Firefox/62.0"
159.65.150.234 - - [25/Oct/2020:01:27:17 -0500] "GET / HTTP/1.0" 200 386 "-" "Mozilla/5.0 (Windows NT 10.0; Win64; x64) AppleWebKit/537.36 (KHTML, like Gecko) Chrome/84.0.4147.89 Safari/537.36"
107.178.194.22 - - [25/Oct/2020:01:21:15 -0600] "GET / HTTP/1.0" 200 386 "http://covidcinvestav.com" "Mozilla/5.0 (Windows; U; MSIE 9.0; Windows NT 9.0; en-US) AppEngine-Google; (+http://code.google.com/appengine; appid: s~virustotalcloud)"
209.58.188.144 - - [25/Oct/2020:02:29:24 -0600] "GET / HTTP/1.0" 200 3508 "-" "Mozilla/5.0 (Windows NT 10.0; Win64; x64) AppleWebKit/537.36 (KHTML, like Gecko) Chrome/84.0.4147.89 Safari/537.36"
69.164.111.198 - - [25/Oct/2020:02:31:43 -0600] "GET / HTTP/1.0" 200 386 "-" "Mozilla/5.0 (Windows NT 6.3; Trident/7.0; rv:11.0) like Gecko"
71.19.144.106 - - [25/Oct/2020:02:33:17 -0600] "GET / HTTP/1.0" 200 386 "https://covidcinvestav.com/" "Mozilla/5.0 (compatible; MSIE 10.0; Windows NT 6.1; Trident/6.0)"
69.164.111.198 - - [25/Oct/2020:02:51:28 -0600] "GET / HTTP/1.0" 200 386 "-" "Mozilla/5.0 (Windows NT 6.3; Trident/7.0; rv:11.0) like Gecko"
69.164.111.198 - - [25/Oct/2020:03:01:27 -0600] "GET / HTTP/1.0" 200 386 "-" "Mozilla/5.0 (Windows NT 6.3; Trident/7.0; rv:11.0) like Gecko"
198.251.80.252 - - [25/Oct/2020:03:01:35 -0600] "GET / HTTP/1.0" 200 386 "https://covidcinvestav.com/" "Mozilla/5.0 (compatible; MSIE 10.0; Windows NT 6.1; Trident/6.0)"
51.81.33.130 - - [25/Oct/2020:03:16:18 -0600] "GET / HTTP/1.0" 200 386 "https://covidcinvestav.com/" "Mozilla/5.0 (compatible; MSIE 10.0; Windows NT 6.1; Trident/6.0)"
107.178.194.21 - - [25/Oct/2020:03:19:10 -0600] "GET / HTTP/1.0" 200 386 "http://covidcinvestav.com" "Mozilla/5.0 (Windows; U; MSIE 9.0; Windows NT 9.0; en-US) AppEngine-Google; (+http://code.google.com/appengine; appid: s~virustotalcloud)"
205.169.39.164 - - [25/Oct/2020:03:25:02 -0600] "GET / HTTP/1.0" 200 386 "-" "Mozilla/5.0 (Windows NT 6.1; Win64; x64) AppleWebKit/537.36 (KHTML, like Gecko) Chrome/83.0.4103.61 Safari/537.36"
205.169.39.164 - - [25/Oct/2020:03:25:04 -0600] "GET / HTTP/1.0" 200 386 "-" "Mozilla/5.0 (Windows NT 10.0; Win64; x64) AppleWebKit/537.36 (KHTML, like Gecko) Chrome/79.0.3945.79 Safari/537.36"
